<html>
<body>
<pre>
<h1>µVision Build Log</h1>
<h2>Project:</h2>
C:\Users\Filip\GIT\STM32F4Discovery\STM32F4xx_DSP_StdPeriph_Lib_V1.3.0\Project\Example\MDK-ARM\Project.uvproj
Project File Date:  11/15/2013

<h2>Output:</h2>
Build target 'STM32F40_41xxx'
compiling main.c...
linking...
Program Size: Code=1984 RO-data=516 RW-data=48 ZI-data=1024  
".\STM32F40_41xxx\STM32F40_41xxx.axf" - 0 Error(s), 0 Warning(s).
Load "C:\\Users\\Filip\\GIT\\STM32F4Discovery\\STM32F4xx_DSP_StdPeriph_Lib_V1.3.0\\Project\\Example\\MDK-ARM\\STM32F40_41xxx\\STM32F40_41xxx.axf" 
Erase Done.
Programming Done.
Verify OK.
</pre>
</body>
</html>
iling stm32f4xx_hash_sha1.c...
compiling stm32f4xx_iwdg.c...
compiling stm32f4xx_pwr.c...
compiling stm32f4xx_rng.c...
compiling stm32f4xx_sai.c...
compiling stm32f4xx_spi.c...
compiling stm32f4xx_tim.c...
compiling stm32f4xx_wwdg.c...
compiling stm32f4xx_adc.c...
compiling stm32f4xx_cryp_aes.c...
compiling stm32f4xx_dbgmcu.c...
compiling stm32f4xx_exti.c...
compiling stm32f4xx_gpio.c...
compiling stm32f4xx_i2c.c...
compiling stm32f4xx_rcc.c...
compiling stm32f4xx_sdio.c...
compiling stm32f4xx_usart.c...
compiling stm32f4xx_crc.c...
compiling stm32f4xx_dma.c...
compiling stm32f4xx_hash_md5.c...
compiling stm32f4xx_rtc.c...
compiling stm32f4xx_cryp_tdes.c...
compiling stm32f4xx_ltdc.c...
compiling stm32f4xx_syscfg.c...
compiling main.c...
compiling stm32f4xx_it.c...
compiling stm324xg_eval.c...
linking...
Program Size: Code=1984 RO-data=516 RW-data=48 ZI-data=1024  
".\STM32F40_41xxx\STM32F40_41xxx.axf" - 0 Error(s), 0 Warning(s).
Load "C:\\Users\\Filip\\GIT\\STM32F4Discovery\\STM32F4xx_DSP_StdPeriph_Lib_V1.3.0\\Project\\Example\\MDK-ARM\\STM32F40_41xxx\\STM32F40_41xxx.axf" 
Erase Done.
Programming Done.
Verify OK.
41xxx.axf" - 2 Error(s), 0 Warning(s).
Target not created
