16:49:04 **** Incremental Build of configuration Debug for project MutalInductionTester ****
make all 
Building file: ../src/main.c
Invoking: Cross ARM C Compiler
arm-none-eabi-gcc -mcpu=cortex-m4 -mthumb -Og  -g3 -ggdb -DUSE_STDPERIPH_DRIVER -DHSE_VALUE=8000000 -I"C:\Users\Filip\Eclipse\MutalInductionTester\STM32F4xx\Include" -I"C:\Users\Filip\Eclipse\MutalInductionTester\STM32F4xx\Source" -I"C:\Users\Filip\Eclipse\MutalInductionTester\CMSIS\Include" -I"C:\Users\Filip\Eclipse\MutalInductionTester\Discovery" -I"C:\Users\Filip\Eclipse\MutalInductionTester\src" -I"C:\Users\Filip\Eclipse\MutalInductionTester\STM32F4xx_StdPeriph_Driver\inc" -std=gnu11 -Wa,-adhlns="src/main.o.lst" -MMD -MP -MF"src/main.d" -MT"src/main.o" -c -o "src/main.o" "../src/main.c"
Finished building: ../src/main.c
 
Building target: MutalInductionTester.elf
Invoking: Cross ARM C Linker
arm-none-eabi-gcc -mcpu=cortex-m4 -mthumb -Og  -g3 -ggdb -T "C:\Users\Filip\Eclipse\MutalInductionTester\stm32_flash.ld" -nostartfiles -Xlinker --gc-sections -Wl,-Map,"MutalInductionTester.map" -Xlinker --cref -o "MutalInductionTester.elf"  ./src/comunication.o ./src/main.o ./src/stm32f4xx_it.o ./src/system_stm32f4xx.o  ./STM32F4xx_StdPeriph_Driver/src/misc.o ./STM32F4xx_StdPeriph_Driver/src/stm32f4xx_adc.o ./STM32F4xx_StdPeriph_Driver/src/stm32f4xx_can.o ./STM32F4xx_StdPeriph_Driver/src/stm32f4xx_crc.o ./STM32F4xx_StdPeriph_Driver/src/stm32f4xx_cryp.o ./STM32F4xx_StdPeriph_Driver/src/stm32f4xx_cryp_aes.o ./STM32F4xx_StdPeriph_Driver/src/stm32f4xx_cryp_des.o ./STM32F4xx_StdPeriph_Driver/src/stm32f4xx_cryp_tdes.o ./STM32F4xx_StdPeriph_Driver/src/stm32f4xx_dac.o ./STM32F4xx_StdPeriph_Driver/src/stm32f4xx_dbgmcu.o ./STM32F4xx_StdPeriph_Driver/src/stm32f4xx_dcmi.o ./STM32F4xx_StdPeriph_Driver/src/stm32f4xx_dma.o ./STM32F4xx_StdPeriph_Driver/src/stm32f4xx_exti.o ./STM32F4xx_StdPeriph_Driver/src/stm32f4xx_flash.o ./STM32F4xx_StdPeriph_Driver/src/stm32f4xx_fsmc.o ./STM32F4xx_StdPeriph_Driver/src/stm32f4xx_gpio.o ./STM32F4xx_StdPeriph_Driver/src/stm32f4xx_hash.o ./STM32F4xx_StdPeriph_Driver/src/stm32f4xx_hash_md5.o ./STM32F4xx_StdPeriph_Driver/src/stm32f4xx_hash_sha1.o ./STM32F4xx_StdPeriph_Driver/src/stm32f4xx_i2c.o ./STM32F4xx_StdPeriph_Driver/src/stm32f4xx_iwdg.o ./STM32F4xx_StdPeriph_Driver/src/stm32f4xx_pwr.o ./STM32F4xx_StdPeriph_Driver/src/stm32f4xx_rcc.o ./STM32F4xx_StdPeriph_Driver/src/stm32f4xx_rng.o ./STM32F4xx_StdPeriph_Driver/src/stm32f4xx_rtc.o ./STM32F4xx_StdPeriph_Driver/src/stm32f4xx_sdio.o ./STM32F4xx_StdPeriph_Driver/src/stm32f4xx_spi.o ./STM32F4xx_StdPeriph_Driver/src/stm32f4xx_syscfg.o ./STM32F4xx_StdPeriph_Driver/src/stm32f4xx_tim.o ./STM32F4xx_StdPeriph_Driver/src/stm32f4xx_usart.o ./STM32F4xx_StdPeriph_Driver/src/stm32f4xx_wwdg.o  ./STM32F4xx/Source/startup_stm32f4xx.o  ./Discovery/stm32f4_discovery.o   
Finished building target: MutalInductionTester.elf
 
Invoking: Cross ARM GNU Create Flash Image
arm-none-eabi-objcopy -O ihex "MutalInductionTester.elf"  "MutalInductionTester.hex"
Finished building: MutalInductionTester.hex
 
Invoking: Cross ARM GNU Create Listing
arm-none-eabi-objdump --source --all-headers --demangle --line-numbers --wide "MutalInductionTester.elf" > "MutalInductionTester.lst"
Finished building: MutalInductionTester.lst
 
Invoking: Cross ARM GNU Print Size
arm-none-eabi-size --format=berkeley "MutalInductionTester.elf"
   text	   data	    bss	    dec	    hex	filename
   9304	     56	   1096	  10456	   28d8	MutalInductionTester.elf
Finished building: MutalInductionTester.siz
 

16:49:07 Build Finished (took 2s.441ms)

