23:17:53 **** Incremental Build of configuration Debug for project WattMetr ****
make all 
Building file: ../src/main.c
Invoking: Cross ARM C Compiler
arm-none-eabi-gcc -mcpu=cortex-m4 -mthumb -Og  -g3 -ggdb -DUSE_STDPERIPH_DRIVER -DHSE_VALUE=8000000 -I"C:\Users\Filip\GIT\STM32F4Discovery\Eclipse\WattMetr\STM32F4xx\Include" -I"C:\Users\Filip\GIT\STM32F4Discovery\Eclipse\WattMetr\STM32F4xx\Source" -I"C:\Users\Filip\GIT\STM32F4Discovery\Eclipse\WattMetr\CMSIS\Include" -I"C:\Users\Filip\GIT\STM32F4Discovery\Eclipse\WattMetr\Discovery" -I"C:\Users\Filip\GIT\STM32F4Discovery\Eclipse\WattMetr\src" -I"C:\Users\Filip\GIT\STM32F4Discovery\Eclipse\WattMetr\STM32F4xx_StdPeriph_Driver\inc" -std=gnu11 -Wa,-adhlns="src/main.o.lst" -MMD -MP -MF"src/main.d" -MT"src/main.o" -c -o "src/main.o" "../src/main.c"
Finished building: ../src/main.c
 
Building file: ../src/measure.c
Invoking: Cross ARM C Compiler
arm-none-eabi-gcc -mcpu=cortex-m4 -mthumb -Og  -g3 -ggdb -DUSE_STDPERIPH_DRIVER -DHSE_VALUE=8000000 -I"C:\Users\Filip\GIT\STM32F4Discovery\Eclipse\WattMetr\STM32F4xx\Include" -I"C:\Users\Filip\GIT\STM32F4Discovery\Eclipse\WattMetr\STM32F4xx\Source" -I"C:\Users\Filip\GIT\STM32F4Discovery\Eclipse\WattMetr\CMSIS\Include" -I"C:\Users\Filip\GIT\STM32F4Discovery\Eclipse\WattMetr\Discovery" -I"C:\Users\Filip\GIT\STM32F4Discovery\Eclipse\WattMetr\src" -I"C:\Users\Filip\GIT\STM32F4Discovery\Eclipse\WattMetr\STM32F4xx_StdPeriph_Driver\inc" -std=gnu11 -Wa,-adhlns="src/measure.o.lst" -MMD -MP -MF"src/measure.d" -MT"src/measure.o" -c -o "src/measure.o" "../src/measure.c"
Finished building: ../src/measure.c
 
Building target: WattMetr.elf
Invoking: Cross ARM C Linker
arm-none-eabi-gcc -mcpu=cortex-m4 -mthumb -Og  -g3 -ggdb -T "C:\Users\Filip\GIT\STM32F4Discovery\Eclipse\WattMetr\stm32_flash.ld" -nostartfiles -Xlinker --gc-sections -Wl,-Map,"WattMetr.map" -Xlinker --cref -o "WattMetr.elf"  ./src/comunication.o ./src/hd44780.o ./src/main.o ./src/measure.o ./src/stm32f4xx_it.o ./src/system_stm32f4xx.o  ./STM32F4xx_StdPeriph_Driver/src/misc.o ./STM32F4xx_StdPeriph_Driver/src/stm32f4xx_adc.o ./STM32F4xx_StdPeriph_Driver/src/stm32f4xx_can.o ./STM32F4xx_StdPeriph_Driver/src/stm32f4xx_crc.o ./STM32F4xx_StdPeriph_Driver/src/stm32f4xx_cryp.o ./STM32F4xx_StdPeriph_Driver/src/stm32f4xx_cryp_aes.o ./STM32F4xx_StdPeriph_Driver/src/stm32f4xx_cryp_des.o ./STM32F4xx_StdPeriph_Driver/src/stm32f4xx_cryp_tdes.o ./STM32F4xx_StdPeriph_Driver/src/stm32f4xx_dac.o ./STM32F4xx_StdPeriph_Driver/src/stm32f4xx_dbgmcu.o ./STM32F4xx_StdPeriph_Driver/src/stm32f4xx_dcmi.o ./STM32F4xx_StdPeriph_Driver/src/stm32f4xx_dma.o ./STM32F4xx_StdPeriph_Driver/src/stm32f4xx_exti.o ./STM32F4xx_StdPeriph_Driver/src/stm32f4xx_flash.o ./STM32F4xx_StdPeriph_Driver/src/stm32f4xx_fsmc.o ./STM32F4xx_StdPeriph_Driver/src/stm32f4xx_gpio.o ./STM32F4xx_StdPeriph_Driver/src/stm32f4xx_hash.o ./STM32F4xx_StdPeriph_Driver/src/stm32f4xx_hash_md5.o ./STM32F4xx_StdPeriph_Driver/src/stm32f4xx_hash_sha1.o ./STM32F4xx_StdPeriph_Driver/src/stm32f4xx_i2c.o ./STM32F4xx_StdPeriph_Driver/src/stm32f4xx_iwdg.o ./STM32F4xx_StdPeriph_Driver/src/stm32f4xx_pwr.o ./STM32F4xx_StdPeriph_Driver/src/stm32f4xx_rcc.o ./STM32F4xx_StdPeriph_Driver/src/stm32f4xx_rng.o ./STM32F4xx_StdPeriph_Driver/src/stm32f4xx_rtc.o ./STM32F4xx_StdPeriph_Driver/src/stm32f4xx_sdio.o ./STM32F4xx_StdPeriph_Driver/src/stm32f4xx_spi.o ./STM32F4xx_StdPeriph_Driver/src/stm32f4xx_syscfg.o ./STM32F4xx_StdPeriph_Driver/src/stm32f4xx_tim.o ./STM32F4xx_StdPeriph_Driver/src/stm32f4xx_usart.o ./STM32F4xx_StdPeriph_Driver/src/stm32f4xx_wwdg.o  ./STM32F4xx/Source/startup_stm32f4xx.o  ./Discovery/stm32f4_discovery.o   
Finished building target: WattMetr.elf
 
Invoking: Cross ARM GNU Create Flash Image
arm-none-eabi-objcopy -O ihex "WattMetr.elf"  "WattMetr.hex"
Finished building: WattMetr.hex
 
Invoking: Cross ARM GNU Create Listing
arm-none-eabi-objdump --source --all-headers --demangle --line-numbers --wide "WattMetr.elf" > "WattMetr.lst"
Finished building: WattMetr.lst
 
Invoking: Cross ARM GNU Print Size
arm-none-eabi-size --format=berkeley "WattMetr.elf"
   text	   data	    bss	    dec	    hex	filename
  15328	     60	   4164	  19552	   4c60	WattMetr.elf
Finished building: WattMetr.siz
 

23:17:57 Build Finished (took 3s.612ms)

