<html>
<body>
<pre>
<h1>µVision Build Log</h1>
<h2>Project:</h2>
C:\Users\Filip\GIT\STM32F4Discovery\STM32F4-Discovery_FW_V1.1.0\Project\Peripheral_Examples\IO_Toggle\MDK-ARM\IO_Toggle.uvproj
Project File Date:  07/09/2014

<h2>Output:</h2>
Rebuild target 'IO_Toggle'
compiling system_stm32f4xx.c...
compiling main.c...
compiling stm32f4xx_it.c...
compiling stm32f4_discovery.c...
compiling stm32f4xx_rcc.c...
compiling misc.c...
compiling stm32f4xx_gpio.c...
compiling stm32f4xx_exti.c...
compiling stm32f4xx_syscfg.c...
assembling startup_stm32f4xx.s...
linking...
Program Size: Code=764 RO-data=424 RW-data=8 ZI-data=1024  
".\IO_Toggle\IO_Toggle.axf" - 0 Error(s), 0 Warning(s).
Load "C:\\Users\\Filip\\GIT\\STM32F4Discovery\\STM32F4-Discovery_FW_V1.1.0\\Project\\Peripheral_Examples\\IO_Toggle\\MDK-ARM\\IO_Toggle\\IO_Toggle.axf" 

Cannot load driver 'C:\Keil_v5\ARM\STLink\ST-LINKIII-KEIL.dll'.

Possible Reasons:
 - Driver DLL could not be found in the specified path
 - Driver DLL requires additional DLL's which are not installed
 - Required Hardware Drivers are not installed
Error: Flash Download failed  -  C:\Keil_v5\ARM\STLink\ST-LINKIII-KEIL.dll
Load "C:\\Users\\Filip\\GIT\\STM32F4Discovery\\STM32F4-Discovery_FW_V1.1.0\\Project\\Peripheral_Examples\\IO_Toggle\\MDK-ARM\\IO_Toggle\\IO_Toggle.axf" 
Erase Done.
Programming Done.
Verify OK.
</pre>
</body>
</html>
