<html>
<body>
<pre>
<h1>µVision Build Log</h1>
<h2>Project:</h2>
C:\Users\Filip\GIT\STM32F4Discovery\STM32F4-Discovery_FW_V1.1.0\Project\CANsniffer\MDK-ARM\CANsniffer.uvproj
Project File Date:  07/10/2014

<h2>Output:</h2>
Build target 'CANsniffer'
compiling main.c...
linking...
Program Size: Code=2200 RO-data=460 RW-data=52 ZI-data=1044  
".\CANsniffer\CANsniffer.axf" - 0 Error(s), 0 Warning(s).
Load "C:\\Users\\Filip\\GIT\\STM32F4Discovery\\STM32F4-Discovery_FW_V1.1.0\\Project\\CANsniffer\\MDK-ARM\\CANsniffer\\CANsniffer.axf" 
Erase Done.
Programming Done.
Verify OK.
oad "C:\\Users\\Filip\\GIT\\STM32F4Discovery\\STM32F4-Discovery_FW_V1.1.0\\Project\\CANsniffer\\MDK-ARM\\CANsniffer\\CANsniffer.axf" 
Erase Done.
Programming Done.
Verify OK.
c...
compiling stm32f4xx_dac.c...
compiling stm32f4xx_dbgmcu.c...
compiling stm32f4xx_dcmi.c...
compiling stm32f4xx_dma.c...
compiling stm32f4xx_flash.c...
compiling stm32f4xx_fsmc.c...
compiling stm32f4xx_hash.c...
compiling stm32f4xx_hash_md5.c...
compiling stm32f4xx_hash_sha1.c...
compiling stm32f4xx_i2c.c...
compiling stm32f4xx_iwdg.c...
compiling stm32f4xx_pwr.c...
compiling stm32f4xx_rng.c...
compiling stm32f4xx_rtc.c...
compiling stm32f4xx_sdio.c...
compiling stm32f4xx_spi.c...
compiling stm32f4xx_usart.c...
compiling stm32f4xx_wwdg.c...
assembling startup_stm32f4xx.s...
linking...
Program Size: Code=1380 RO-data=460 RW-data=52 ZI-data=1028  
".\CANsniffer\CANsniffer.axf" - 0 Error(s), 0 Warning(s).
 list image symbols.
Finished: 1 information, 0 warning and 1 error messages.
".\LIS302DL\Stepdown.axf" - 1 Error(s), 0 Warning(s).
Target not created
