Archive member included because of file (symbol)

c:/program files (x86)/gnu tools arm embedded/4.8 2014q1/bin/../lib/gcc/arm-none-eabi/4.8.3/../../../../arm-none-eabi/lib/armv7e-m\libg_s.a(lib_a-errno.o)
                              ./system/src/newlib/_sbrk.o (__errno)
c:/program files (x86)/gnu tools arm embedded/4.8 2014q1/bin/../lib/gcc/arm-none-eabi/4.8.3/../../../../arm-none-eabi/lib/armv7e-m\libg_s.a(lib_a-impure.o)
                              c:/program files (x86)/gnu tools arm embedded/4.8 2014q1/bin/../lib/gcc/arm-none-eabi/4.8.3/../../../../arm-none-eabi/lib/armv7e-m\libg_s.a(lib_a-errno.o) (_impure_ptr)

Allocating common symbols
Common symbol       size              file

errno               0x4               ./system/src/newlib/_syscalls.o
pFlash              0x1c              ./system/src/stm32f4-hal/stm32f4xx_hal_flash.o

Discarded input sections

 .group         0x00000000        0x8 ./system/src/stm32f4-hal/stm32f4xx_hal.o
 .group         0x00000000        0x8 ./system/src/stm32f4-hal/stm32f4xx_hal.o
 .group         0x00000000        0x8 ./system/src/stm32f4-hal/stm32f4xx_hal.o
 .group         0x00000000        0x8 ./system/src/stm32f4-hal/stm32f4xx_hal.o
 .group         0x00000000        0x8 ./system/src/stm32f4-hal/stm32f4xx_hal.o
 .group         0x00000000        0x8 ./system/src/stm32f4-hal/stm32f4xx_hal.o
 .group         0x00000000        0x8 ./system/src/stm32f4-hal/stm32f4xx_hal.o
 .group         0x00000000        0x8 ./system/src/stm32f4-hal/stm32f4xx_hal.o
 .group         0x00000000        0x8 ./system/src/stm32f4-hal/stm32f4xx_hal.o
 .group         0x00000000        0x8 ./system/src/stm32f4-hal/stm32f4xx_hal.o
 .group         0x00000000        0x8 ./system/src/stm32f4-hal/stm32f4xx_hal.o
 .group         0x00000000        0x8 ./system/src/stm32f4-hal/stm32f4xx_hal.o
 .group         0x00000000        0x8 ./system/src/stm32f4-hal/stm32f4xx_hal.o
 .group         0x00000000        0x8 ./system/src/stm32f4-hal/stm32f4xx_hal.o
 .group         0x00000000        0x8 ./system/src/stm32f4-hal/stm32f4xx_hal.o
 .group         0x00000000        0x8 ./system/src/stm32f4-hal/stm32f4xx_hal.o
 .group         0x00000000        0x8 ./system/src/stm32f4-hal/stm32f4xx_hal.o
 .group         0x00000000        0x8 ./system/src/stm32f4-hal/stm32f4xx_hal.o
 .group         0x00000000        0x8 ./system/src/stm32f4-hal/stm32f4xx_hal.o
 .group         0x00000000        0x8 ./system/src/stm32f4-hal/stm32f4xx_hal.o
 .group         0x00000000        0x8 ./system/src/stm32f4-hal/stm32f4xx_hal.o
 .group         0x00000000        0x8 ./system/src/stm32f4-hal/stm32f4xx_hal.o
 .group         0x00000000        0x8 ./system/src/stm32f4-hal/stm32f4xx_hal.o
 .group         0x00000000        0x8 ./system/src/stm32f4-hal/stm32f4xx_hal.o
 .group         0x00000000        0x8 ./system/src/stm32f4-hal/stm32f4xx_hal.o
 .group         0x00000000        0x8 ./system/src/stm32f4-hal/stm32f4xx_hal.o
 .group         0x00000000        0x8 ./system/src/stm32f4-hal/stm32f4xx_hal.o
 .group         0x00000000        0x8 ./system/src/stm32f4-hal/stm32f4xx_hal.o
 .group         0x00000000        0x8 ./system/src/stm32f4-hal/stm32f4xx_hal.o
 .group         0x00000000        0x8 ./system/src/stm32f4-hal/stm32f4xx_hal.o
 .group         0x00000000        0x8 ./system/src/stm32f4-hal/stm32f4xx_hal.o
 .group         0x00000000        0x8 ./system/src/stm32f4-hal/stm32f4xx_hal.o
 .group         0x00000000        0x8 ./system/src/stm32f4-hal/stm32f4xx_hal.o
 .group         0x00000000        0x8 ./system/src/stm32f4-hal/stm32f4xx_hal.o
 .group         0x00000000        0x8 ./system/src/stm32f4-hal/stm32f4xx_hal.o
 .group         0x00000000        0x8 ./system/src/stm32f4-hal/stm32f4xx_hal.o
 .group         0x00000000        0x8 ./system/src/stm32f4-hal/stm32f4xx_hal.o
 .group         0x00000000        0x8 ./system/src/stm32f4-hal/stm32f4xx_hal.o
 .group         0x00000000        0x8 ./system/src/stm32f4-hal/stm32f4xx_hal.o
 .group         0x00000000        0x8 ./system/src/stm32f4-hal/stm32f4xx_hal.o
 .group         0x00000000        0x8 ./system/src/stm32f4-hal/stm32f4xx_hal.o
 .group         0x00000000        0x8 ./system/src/stm32f4-hal/stm32f4xx_hal.o
 .group         0x00000000        0x8 ./system/src/stm32f4-hal/stm32f4xx_hal.o
 .group         0x00000000        0x8 ./system/src/stm32f4-hal/stm32f4xx_hal.o
 .group         0x00000000        0x8 ./system/src/stm32f4-hal/stm32f4xx_hal.o
 .group         0x00000000        0x8 ./system/src/stm32f4-hal/stm32f4xx_hal.o
 .group         0x00000000        0x8 ./system/src/stm32f4-hal/stm32f4xx_hal.o
 .group         0x00000000        0x8 ./system/src/stm32f4-hal/stm32f4xx_hal.o
 .group         0x00000000        0x8 ./system/src/stm32f4-hal/stm32f4xx_hal.o
 .group         0x00000000        0x8 ./system/src/stm32f4-hal/stm32f4xx_hal.o
 .group         0x00000000        0x8 ./system/src/stm32f4-hal/stm32f4xx_hal.o
 .group         0x00000000        0x8 ./system/src/stm32f4-hal/stm32f4xx_hal.o
[...]
Memory Configuration

Name             Origin             Length             Attributes
RAM              0x20000000         0x00020000         xrw
CCMRAM           0x10000000         0x00010000         xrw
FLASH            0x08000000         0x00100000         xr
FLASHB1          0x00000000         0x00000000         xr
EXTMEMB0         0x00000000         0x00000000         xr
EXTMEMB1         0x00000000         0x00000000         xr
EXTMEMB2         0x00000000         0x00000000         xr
EXTMEMB3         0x00000000         0x00000000         xr
MEMORY_ARRAY     0x20002000         0x00000020         xrw
*default*        0x00000000         0xffffffff

Linker script and memory map

LOAD ./system/src/stm32f4-hal/stm32f4xx_hal.o
LOAD ./system/src/stm32f4-hal/stm32f4xx_hal_cortex.o
LOAD ./system/src/stm32f4-hal/stm32f4xx_hal_flash.o
LOAD ./system/src/stm32f4-hal/stm32f4xx_hal_flash_ex.o
LOAD ./system/src/stm32f4-hal/stm32f4xx_hal_flash_ramfunc.o
LOAD ./system/src/stm32f4-hal/stm32f4xx_hal_gpio.o
LOAD ./system/src/stm32f4-hal/stm32f4xx_hal_iwdg.o
LOAD ./system/src/stm32f4-hal/stm32f4xx_hal_pcd_ex.o
LOAD ./system/src/stm32f4-hal/stm32f4xx_hal_pwr.o
LOAD ./system/src/stm32f4-hal/stm32f4xx_hal_pwr_ex.o
LOAD ./system/src/stm32f4-hal/stm32f4xx_hal_rcc.o
LOAD ./system/src/stm32f4-hal/stm32f4xx_hal_rcc_ex.o
LOAD ./system/src/newlib/_cxx.o
LOAD ./system/src/newlib/_exit.o
LOAD ./system/src/newlib/_sbrk.o
LOAD ./system/src/newlib/_startup.o
LOAD ./system/src/newlib/_syscalls.o
LOAD ./system/src/newlib/_write.o
LOAD ./system/src/newlib/assert.o
LOAD ./system/src/diag/Trace.o
LOAD ./system/src/diag/trace_impl.o
LOAD ./system/src/cortexm/_initialize_hardware.o
LOAD ./system/src/cortexm/_reset_hardware.o
LOAD ./system/src/cortexm/exception_handlers.o
LOAD ./system/src/cmsis/system_stm32f4xx.o
LOAD ./system/src/cmsis/vectors_stm32f4xx.o
LOAD ./src/_initialize_hardware.o
LOAD ./src/main.o
LOAD c:/program files (x86)/gnu tools arm embedded/4.8 2014q1/bin/../lib/gcc/arm-none-eabi/4.8.3/../../../../arm-none-eabi/lib/armv7e-m\libstdc++_s.a
LOAD c:/program files (x86)/gnu tools arm embedded/4.8 2014q1/bin/../lib/gcc/arm-none-eabi/4.8.3/../../../../arm-none-eabi/lib/armv7e-m\libm.a
START GROUP
LOAD c:/program files (x86)/gnu tools arm embedded/4.8 2014q1/bin/../lib/gcc/arm-none-eabi/4.8.3/armv7e-m\libgcc.a
LOAD c:/program files (x86)/gnu tools arm embedded/4.8 2014q1/bin/../lib/gcc/arm-none-eabi/4.8.3/../../../../arm-none-eabi/lib/armv7e-m\libg_s.a
LOAD c:/program files (x86)/gnu tools arm embedded/4.8 2014q1/bin/../lib/gcc/arm-none-eabi/4.8.3/../../../../arm-none-eabi/lib/armv7e-m\libc_s.a
END GROUP
START GROUP
LOAD c:/program files (x86)/gnu tools arm embedded/4.8 2014q1/bin/../lib/gcc/arm-none-eabi/4.8.3/armv7e-m\libgcc.a
LOAD c:/program files (x86)/gnu tools arm embedded/4.8 2014q1/bin/../lib/gcc/arm-none-eabi/4.8.3/../../../../arm-none-eabi/lib/armv7e-m\libc_s.a
END GROUP
                0x20020000                __stack = (ORIGIN (RAM) + 0x20000)
                0x20020000                _estack = __stack
                0x00000400                __Main_Stack_Size = 0x400
                0x00000400                PROVIDE (_Main_Stack_Size, __Main_Stack_Size)
                0x2001fc00                __Main_Stack_Limit = (__stack - __Main_Stack_Size)
                0x2001fc00                PROVIDE (_Main_Stack_Limit, __Main_Stack_Limit)
                0x00000100                _Minimum_Stack_Size = 0x100
                0x20000024                PROVIDE (_Heap_Begin, _end_noinit)
                0x2001fc00                PROVIDE (_Heap_Limit, (__stack - __Main_Stack_Size))

.isr_vector     0x08000000      0x2c4
                0x08000000                . = ALIGN (0x4)
 *(.isr_vector)
 .isr_vector    0x08000000      0x188 ./system/src/cmsis/vectors_stm32f4xx.o
                0x08000000                __isr_vectors
 *(.cfmconfig)
 *(.after_vectors .after_vectors.*)
 .after_vectors
                0x08000188      0x10c ./system/src/newlib/_startup.o
                0x08000188                _start
 .after_vectors
                0x08000294       0x2c ./system/src/cortexm/exception_handlers.o
                0x08000294                Reset_Handler
                0x0800029c                NMI_Handler
                0x080002a0                HardFault_Handler
                0x080002a4                MemManage_Handler
                0x080002a8                BusFault_Handler
                0x080002ac                UsageFault_Handler
                0x080002b0                SVC_Handler
                0x080002b4                DebugMon_Handler
                0x080002b8                PendSV_Handler
                0x080002bc                SysTick_Handler
 .after_vectors
                0x080002c0        0x4 ./system/src/cmsis/vectors_stm32f4xx.o
                0x080002c0                RTC_Alarm_IRQHandler
                0x080002c0                HASH_RNG_IRQHandler
                0x080002c0                EXTI2_IRQHandler
                0x080002c0                TIM8_CC_IRQHandler
                0x080002c0                SPI4_IRQHandler
                0x080002c0                TIM1_CC_IRQHandler
                0x080002c0                DMA2_Stream5_IRQHandler
                0x080002c0                DMA1_Stream5_IRQHandler
                0x080002c0                PVD_IRQHandler
                0x080002c0                SDIO_IRQHandler
                0x080002c0                TAMP_STAMP_IRQHandler
                0x080002c0                CAN2_RX1_IRQHandler
                0x080002c0                EXTI3_IRQHandler
                0x080002c0                TIM8_TRG_COM_TIM14_IRQHandler
                0x080002c0                TIM1_UP_TIM10_IRQHandler
                0x080002c0                TIM8_UP_TIM13_IRQHandler
                0x080002c0                I2C3_ER_IRQHandler
                0x080002c0                EXTI0_IRQHandler
                0x080002c0                I2C2_EV_IRQHandler
                0x080002c0                DMA1_Stream2_IRQHandler
                0x080002c0                CAN1_RX0_IRQHandler
                0x080002c0                FPU_IRQHandler
                0x080002c0                OTG_HS_WKUP_IRQHandler
                0x080002c0                CAN2_SCE_IRQHandler
                0x080002c0                DMA2_Stream2_IRQHandler
                0x080002c0                SPI1_IRQHandler
                0x080002c0                TIM6_DAC_IRQHandler
                0x080002c0                TIM1_BRK_TIM9_IRQHandler
                0x080002c0                DCMI_IRQHandler
                0x080002c0                CAN2_RX0_IRQHandler
                0x080002c0                DMA2_Stream3_IRQHandler
                0x080002c0                USART6_IRQHandler
                0x080002c0                USART3_IRQHandler
                0x080002c0                CRYP_IRQHandler
                0x080002c0                CAN1_RX1_IRQHandler
                0x080002c0                UART5_IRQHandler
                0x080002c0                DMA2_Stream0_IRQHandler
                0x080002c0                TIM4_IRQHandler
                0x080002c0                I2C1_EV_IRQHandler
                0x080002c0                DMA1_Stream6_IRQHandler
                0x080002c0                DMA1_Stream1_IRQHandler
                0x080002c0                UART4_IRQHandler
                0x080002c0                TIM3_IRQHandler
                0x080002c0                RCC_IRQHandler
                0x080002c0                TIM8_BRK_TIM12_IRQHandler
                0x080002c0                Default_Handler
                0x080002c0                EXTI15_10_IRQHandler
                0x080002c0                ADC_IRQHandler
                0x080002c0                DMA1_Stream7_IRQHandler
                0x080002c0                SPI5_IRQHandler
                0x080002c0                TIM7_IRQHandler
                0x080002c0                CAN2_TX_IRQHandler
                0x080002c0                TIM5_IRQHandler
                0x080002c0                DMA2_Stream7_IRQHandler
                0x080002c0                I2C3_EV_IRQHandler
                0x080002c0                EXTI9_5_IRQHandler
                0x080002c0                RTC_WKUP_IRQHandler
                0x080002c0                ETH_WKUP_IRQHandler
                0x080002c0                SPI2_IRQHandler
                0x080002c0                OTG_HS_EP1_IN_IRQHandler
                0x080002c0                DMA1_Stream0_IRQHandler
                0x080002c0                CAN1_TX_IRQHandler
                0x080002c0                EXTI4_IRQHandler
                0x080002c0                FSMC_IRQHandler
                0x080002c0                ETH_IRQHandler
                0x080002c0                OTG_HS_EP1_OUT_IRQHandler
                0x080002c0                WWDG_IRQHandler
                0x080002c0                TIM2_IRQHandler
                0x080002c0                OTG_FS_WKUP_IRQHandler
                0x080002c0                TIM1_TRG_COM_TIM11_IRQHandler
                0x080002c0                OTG_HS_IRQHandler
                0x080002c0                EXTI1_IRQHandler
                0x080002c0                USART2_IRQHandler
                0x080002c0                I2C2_ER_IRQHandler
                0x080002c0                DMA2_Stream1_IRQHandler
                0x080002c0                CAN1_SCE_IRQHandler
                0x080002c0                FLASH_IRQHandler
                0x080002c0                DMA2_Stream4_IRQHandler
                0x080002c0                USART1_IRQHandler
                0x080002c0                OTG_FS_IRQHandler
                0x080002c0                SPI3_IRQHandler
                0x080002c0                DMA1_Stream4_IRQHandler
                0x080002c0                I2C1_ER_IRQHandler
                0x080002c0                DMA2_Stream6_IRQHandler
                0x080002c0                DMA1_Stream3_IRQHandler
                0x080002c4                . = ALIGN (0x4)

.inits          0x080002c4        0x0
                0x080002c4                . = ALIGN (0x4)
 *(.init)
 *(.fini)
                0x080002c4                . = ALIGN (0x4)
                0x080002c4                PROVIDE (__preinit_array_start, .)
 *(.preinit_array_sysinit .preinit_array_sysinit.*)
 *(.preinit_array_platform .preinit_array_platform.*)
 *(.preinit_array .preinit_array.*)
                0x080002c4                PROVIDE (__preinit_array_end, .)
                0x080002c4                . = ALIGN (0x4)
                0x080002c4                PROVIDE (__init_array_start, .)
 *(SORT(.init_array.*))
 *(.init_array)
                0x080002c4                PROVIDE (__init_array_end, .)
                0x080002c4                . = ALIGN (0x4)
                0x080002c4                PROVIDE (__fini_array_start, .)
 *(SORT(.fini_array.*))
 *(.fini_array)
                0x080002c4                PROVIDE (__fini_array_end, .)
                0x080002c4                . = ALIGN (0x4)

.flashtext      0x080002c4        0x0
                0x080002c4                . = ALIGN (0x4)
 *(.flashtext .flashtext.*)
                0x080002c4                . = ALIGN (0x4)

.text           0x080002c4      0xb78
                0x080002c4                . = ALIGN (0x4)
 *(.text .text.*)
 .text.HAL_MspInit
                0x080002c4        0x4 ./system/src/stm32f4-hal/stm32f4xx_hal.o
                0x080002c4                HAL_MspInit
 .text.HAL_InitTick
                0x080002c8       0x28 ./system/src/stm32f4-hal/stm32f4xx_hal.o
                0x080002c8                HAL_InitTick
 .text.HAL_Init
                0x080002f0       0x34 ./system/src/stm32f4-hal/stm32f4xx_hal.o
                0x080002f0                HAL_Init
 .text.HAL_GetTick
                0x08000324        0xc ./system/src/stm32f4-hal/stm32f4xx_hal.o
                0x08000324                HAL_GetTick
 .text.HAL_NVIC_SetPriorityGrouping
                0x08000330       0x3c ./system/src/stm32f4-hal/stm32f4xx_hal_cortex.o
                0x08000330                HAL_NVIC_SetPriorityGrouping
 .text.HAL_NVIC_SetPriority
                0x0800036c       0x84 ./system/src/stm32f4-hal/stm32f4xx_hal_cortex.o
                0x0800036c                HAL_NVIC_SetPriority
 .text.HAL_SYSTICK_Config
                0x080003f0       0x2c ./system/src/stm32f4-hal/stm32f4xx_hal_cortex.o
                0x080003f0                HAL_SYSTICK_Config
 .text.HAL_RCC_OscConfig
                0x0800041c      0x4b4 ./system/src/stm32f4-hal/stm32f4xx_hal_rcc.o
                0x0800041c                HAL_RCC_OscConfig
 .text.HAL_RCC_ClockConfig
                0x080008d0      0x350 ./system/src/stm32f4-hal/stm32f4xx_hal_rcc.o
                0x080008d0                HAL_RCC_ClockConfig
 .text.HAL_RCC_GetSysClockFreq
                0x08000c20       0x90 ./system/src/stm32f4-hal/stm32f4xx_hal_rcc.o
                0x08000c20                HAL_RCC_GetSysClockFreq
 .text.HAL_RCC_GetHCLKFreq
                0x08000cb0       0x38 ./system/src/stm32f4-hal/stm32f4xx_hal_rcc.o
                0x08000cb0                HAL_RCC_GetHCLKFreq
 .text._exit    0x08000ce8        0x4 ./system/src/newlib/_exit.o
                0x08000ce8                _exit
 .text.abort    0x08000cec        0x8 ./system/src/newlib/_exit.o
                0x08000cec                abort
 .text.__initialize_args
                0x08000cf4       0x10 ./system/src/newlib/_syscalls.o
                0x08000cf4                __initialize_args
 .text.assert_failed
                0x08000d04        0x8 ./system/src/newlib/assert.o
                0x08000d04                assert_failed
 .text.SystemInit
                0x08000d0c       0x40 ./system/src/cmsis/system_stm32f4xx.o
                0x08000d0c                SystemInit
 .text.configure_system_clock
                0x08000d4c       0x68 ./src/_initialize_hardware.o
                0x08000d4c                configure_system_clock
 .text.__initialize_hardware
                0x08000db4       0x10 ./src/_initialize_hardware.o
                0x08000db4                __initialize_hardware
 .text.main     0x08000dc4        0x4 ./src/main.o
                0x08000dc4                main
 *(.rodata .rodata.*)
 .rodata.str1.4
                0x08000dc8       0x31 ./system/src/stm32f4-hal/stm32f4xx_hal_cortex.o
                                 0x34 (size before relaxing)
 *fill*         0x08000df9        0x3 
 .rodata.APBAHBPrescTable
                0x08000dfc       0x10 ./system/src/stm32f4-hal/stm32f4xx_hal_rcc.o
                0x08000dfc                APBAHBPrescTable
 .rodata.str1.4
                0x08000e0c       0x30 ./system/src/stm32f4-hal/stm32f4xx_hal_rcc.o
 *(vtable)
 *(.eh_frame*)
 *(.glue_7)
 .glue_7        0x00000000        0x0 linker stubs
 *(.glue_7t)
 .glue_7t       0x00000000        0x0 linker stubs

.vfp11_veneer   0x08000e3c        0x0
 .vfp11_veneer  0x00000000        0x0 linker stubs

.v4_bx          0x08000e3c        0x0
 .v4_bx         0x00000000        0x0 linker stubs

.iplt           0x08000e3c        0x0
 .iplt          0x00000000        0x0 ./system/src/stm32f4-hal/stm32f4xx_hal.o

.rel.dyn        0x08000e3c        0x0
 .rel.iplt      0x00000000        0x0 ./system/src/stm32f4-hal/stm32f4xx_hal.o

.ARM.extab
 *(.ARM.extab* .gnu.linkonce.armextab.*)
                0x08000e3c                __exidx_start = .

.ARM.exidx
 *(.ARM.exidx* .gnu.linkonce.armexidx.*)
                0x08000e3c                __exidx_end = .
                0x08000e3c                . = ALIGN (0x4)
                0x08000e3c                _etext = .
                0x08000e3c                __etext = .
                0x08000e3c                _sidata = _etext

.data           0x20000000       0x14 load address 0x08000e3c
                0x20000000                . = ALIGN (0x4)
                0x20000000                _sdata = .
                0x20000000                __data_start__ = .
 *(.data_begin .data_begin.*)
 .data_begin    0x20000000        0x4 ./system/src/newlib/_startup.o
 *(.data .data.*)
 .data.argv.4011
                0x20000004        0x8 ./system/src/newlib/_syscalls.o
 .data.SystemCoreClock
                0x2000000c        0x4 ./system/src/cmsis/system_stm32f4xx.o
                0x2000000c                SystemCoreClock
 *(.data_end .data_end.*)
 .data_end      0x20000010        0x4 ./system/src/newlib/_startup.o
                0x20000014                . = ALIGN (0x4)
                0x20000014                _edata = .
                0x20000014                __data_end__ = .

.igot.plt       0x20000014        0x0 load address 0x08000e50
 .igot.plt      0x00000000        0x0 ./system/src/stm32f4-hal/stm32f4xx_hal.o

.bss            0x20000014       0x10 load address 0x08000e50
                0x20000014                . = ALIGN (0x4)
                0x20000014                __bss_start__ = .
                0x20000014                _sbss = .
 *(.bss_begin .bss_begin.*)
 .bss_begin     0x20000014        0x4 ./system/src/newlib/_startup.o
 *(.bss .bss.*)
 .bss.uwTick    0x20000018        0x4 ./system/src/stm32f4-hal/stm32f4xx_hal.o
 .bss.name.4010
                0x2000001c        0x4 ./system/src/newlib/_syscalls.o
 *(COMMON)
 *(.bss_end .bss_end.*)
 .bss_end       0x20000020        0x4 ./system/src/newlib/_startup.o
                0x20000024                . = ALIGN (0x4)
                0x20000024                __bss_end__ = .
                0x20000024                _ebss = .

.noinit         0x20000024        0x0
                0x20000024                . = ALIGN (0x4)
                0x20000024                _noinit = .
 *(.noinit .noinit.*)
                0x20000024                . = ALIGN (0x4)
                0x20000024                _end_noinit = .
                0x20000024                PROVIDE (end, _end_noinit)
                0x20000024                PROVIDE (_end, _end_noinit)
                0x20000024                PROVIDE (__end, _end_noinit)
                0x20000024                PROVIDE (__end__, _end_noinit)

._check_stack   0x20000024      0x100 load address 0x08000e60
                0x20000024                . = ALIGN (0x4)
                0x20000124                . = (. + _Minimum_Stack_Size)
 *fill*         0x20000024      0x100 
                0x20000124                . = ALIGN (0x4)

.bss_CCMRAM
 *(.bss.CCMRAM .bss.CCMRAM.*)

.b1text
 *(.b1text)
 *(.b1rodata)
 *(.b1rodata.*)

.eb0text
 *(.eb0text)
 *(.eb0rodata)
 *(.eb0rodata.*)

.eb1text
 *(.eb1text)
 *(.eb1rodata)
 *(.eb1rodata.*)

.eb2text
 *(.eb2text)
 *(.eb2rodata)
 *(.eb2rodata.*)

.eb3text
 *(.eb3text)
 *(.eb3rodata)
 *(.eb3rodata.*)

.stab
 *(.stab)

.stabstr
 *(.stabstr)

.stab.excl
 *(.stab.excl)

.stab.exclstr
 *(.stab.exclstr)

.stab.index
 *(.stab.index)

.stab.indexstr
 *(.stab.indexstr)

.comment        0x00000000       0x70
 *(.comment)
 .comment       0x00000000       0x70 ./system/src/stm32f4-hal/stm32f4xx_hal.o
                                 0x71 (size before relaxing)
 .comment       0x00000000       0x71 ./system/src/stm32f4-hal/stm32f4xx_hal_cortex.o
 .comment       0x00000000       0x71 ./system/src/stm32f4-hal/stm32f4xx_hal_rcc.o
 .comment       0x00000000       0x71 ./system/src/newlib/_exit.o
 .comment       0x00000000       0x71 ./system/src/newlib/_startup.o
 .comment       0x00000000       0x71 ./system/src/newlib/_syscalls.o
 .comment       0x00000000       0x71 ./system/src/newlib/assert.o
 .comment       0x00000000       0x71 ./system/src/cortexm/exception_handlers.o
 .comment       0x00000000       0x71 ./system/src/cmsis/system_stm32f4xx.o
 .comment       0x00000000       0x71 ./system/src/cmsis/vectors_stm32f4xx.o
 .comment       0x00000000       0x71 ./src/_initialize_hardware.o
 .comment       0x00000000       0x71 ./src/main.o

.ARM.attributes
                0x00000000       0x33
 .ARM.attributes
                0x00000000       0x33 ./system/src/stm32f4-hal/stm32f4xx_hal.o
 .ARM.attributes
                0x00000033       0x33 ./system/src/stm32f4-hal/stm32f4xx_hal_cortex.o
 .ARM.attributes
                0x00000066       0x33 ./system/src/stm32f4-hal/stm32f4xx_hal_rcc.o
 .ARM.attributes
                0x00000099       0x33 ./system/src/newlib/_exit.o
 .ARM.attributes
                0x000000cc       0x33 ./system/src/newlib/_startup.o
 .ARM.attributes
                0x000000ff       0x33 ./system/src/newlib/_syscalls.o
 .ARM.attributes
                0x00000132       0x33 ./system/src/newlib/assert.o
 .ARM.attributes
                0x00000165       0x33 ./system/src/cortexm/exception_handlers.o
 .ARM.attributes
                0x00000198       0x33 ./system/src/cmsis/system_stm32f4xx.o
 .ARM.attributes
                0x000001cb       0x33 ./system/src/cmsis/vectors_stm32f4xx.o
 .ARM.attributes
                0x000001fe       0x33 ./src/_initialize_hardware.o
 .ARM.attributes
                0x00000231       0x33 ./src/main.o

.debug
 *(.debug)

.line
 *(.line)

.debug_srcinfo
 *(.debug_srcinfo)

.debug_sfnames
 *(.debug_sfnames)

.debug_aranges  0x00000000      0x390
 *(.debug_aranges)
 .debug_aranges
                0x00000000       0xc0 ./system/src/stm32f4-hal/stm32f4xx_hal.o
 .debug_aranges
                0x000000c0       0x90 ./system/src/stm32f4-hal/stm32f4xx_hal_cortex.o
 .debug_aranges
                0x00000150       0x88 ./system/src/stm32f4-hal/stm32f4xx_hal_rcc.o
 .debug_aranges
                0x000001d8       0x28 ./system/src/newlib/_exit.o
 .debug_aranges
                0x00000200       0x40 ./system/src/newlib/_startup.o
 .debug_aranges
                0x00000240       0x30 ./system/src/newlib/_syscalls.o
 .debug_aranges
                0x00000270       0x28 ./system/src/newlib/assert.o
 .debug_aranges
                0x00000298       0x68 ./system/src/cortexm/exception_handlers.o
 .debug_aranges
                0x00000300       0x28 ./system/src/cmsis/system_stm32f4xx.o
 .debug_aranges
                0x00000328       0x20 ./system/src/cmsis/vectors_stm32f4xx.o
 .debug_aranges
                0x00000348       0x28 ./src/_initialize_hardware.o
 .debug_aranges
                0x00000370       0x20 ./src/main.o

.debug_pubnames
 *(.debug_pubnames)

.debug_info     0x00000000     0x3c6f
 *(.debug_info .gnu.linkonce.wi.*)
 .debug_info    0x00000000      0x881 ./system/src/stm32f4-hal/stm32f4xx_hal.o
 .debug_info    0x00000881      0xd71 ./system/src/stm32f4-hal/stm32f4xx_hal_cortex.o
 .debug_info    0x000015f2     0x12b5 ./system/src/stm32f4-hal/stm32f4xx_hal_rcc.o
 .debug_info    0x000028a7       0xee ./system/src/newlib/_exit.o
 .debug_info    0x00002995      0x45e ./system/src/newlib/_startup.o
 .debug_info    0x00002df3      0x1a9 ./system/src/newlib/_syscalls.o
 .debug_info    0x00002f9c      0x168 ./system/src/newlib/assert.o
 .debug_info    0x00003104       0xe9 ./system/src/cortexm/exception_handlers.o
 .debug_info    0x000031ed      0x486 ./system/src/cmsis/system_stm32f4xx.o
 .debug_info    0x00003673       0x92 ./system/src/cmsis/vectors_stm32f4xx.o
 .debug_info    0x00003705      0x4a5 ./src/_initialize_hardware.o
 .debug_info    0x00003baa       0xc5 ./src/main.o

.debug_abbrev   0x00000000      0xfbf
 *(.debug_abbrev)
 .debug_abbrev  0x00000000      0x1f7 ./system/src/stm32f4-hal/stm32f4xx_hal.o
 .debug_abbrev  0x000001f7      0x2c5 ./system/src/stm32f4-hal/stm32f4xx_hal_cortex.o
 .debug_abbrev  0x000004bc      0x2fb ./system/src/stm32f4-hal/stm32f4xx_hal_rcc.o
 .debug_abbrev  0x000007b7       0xb7 ./system/src/newlib/_exit.o
 .debug_abbrev  0x0000086e      0x1da ./system/src/newlib/_startup.o
 .debug_abbrev  0x00000a48       0xe7 ./system/src/newlib/_syscalls.o
 .debug_abbrev  0x00000b2f       0xb6 ./system/src/newlib/assert.o
 .debug_abbrev  0x00000be5       0x65 ./system/src/cortexm/exception_handlers.o
 .debug_abbrev  0x00000c4a      0x104 ./system/src/cmsis/system_stm32f4xx.o
 .debug_abbrev  0x00000d4e       0x92 ./system/src/cmsis/vectors_stm32f4xx.o
 .debug_abbrev  0x00000de0      0x17e ./src/_initialize_hardware.o
 .debug_abbrev  0x00000f5e       0x61 ./src/main.o

.debug_line     0x00000000     0x3a8f
 *(.debug_line)
 .debug_line    0x00000000      0x852 ./system/src/stm32f4-hal/stm32f4xx_hal.o
 .debug_line    0x00000852      0x88a ./system/src/stm32f4-hal/stm32f4xx_hal_cortex.o
 .debug_line    0x000010dc      0xbda ./system/src/stm32f4-hal/stm32f4xx_hal_rcc.o
 .debug_line    0x00001cb6      0x2b1 ./system/src/newlib/_exit.o
 .debug_line    0x00001f67      0x32b ./system/src/newlib/_startup.o
 .debug_line    0x00002292      0x367 ./system/src/newlib/_syscalls.o
 .debug_line    0x000025f9      0x2da ./system/src/newlib/assert.o
 .debug_line    0x000028d3       0x9f ./system/src/cortexm/exception_handlers.o
 .debug_line    0x00002972      0x709 ./system/src/cmsis/system_stm32f4xx.o
 .debug_line    0x0000307b       0x89 ./system/src/cmsis/vectors_stm32f4xx.o
 .debug_line    0x00003104      0x6fc ./src/_initialize_hardware.o
 .debug_line    0x00003800      0x28f ./src/main.o

.debug_frame    0x00000000      0x6ac
 *(.debug_frame)
 .debug_frame   0x00000000      0x184 ./system/src/stm32f4-hal/stm32f4xx_hal.o
 .debug_frame   0x00000184      0x134 ./system/src/stm32f4-hal/stm32f4xx_hal_cortex.o
 .debug_frame   0x000002b8      0x140 ./system/src/stm32f4-hal/stm32f4xx_hal_rcc.o
 .debug_frame   0x000003f8       0x38 ./system/src/newlib/_exit.o
 .debug_frame   0x00000430       0x80 ./system/src/newlib/_startup.o
 .debug_frame   0x000004b0       0x50 ./system/src/newlib/_syscalls.o
 .debug_frame   0x00000500       0x40 ./system/src/newlib/assert.o
 .debug_frame   0x00000540       0xb8 ./system/src/cortexm/exception_handlers.o
 .debug_frame   0x000005f8       0x30 ./system/src/cmsis/system_stm32f4xx.o
 .debug_frame   0x00000628       0x20 ./system/src/cmsis/vectors_stm32f4xx.o
 .debug_frame   0x00000648       0x44 ./src/_initialize_hardware.o
 .debug_frame   0x0000068c       0x20 ./src/main.o

.debug_str      0x00000000    0x81a9c
 *(.debug_str)
 .debug_str     0x00000000    0x7ccb3 ./system/src/stm32f4-hal/stm32f4xx_hal.o
                              0x7ce70 (size before relaxing)
 .debug_str     0x0007ccb3      0x2a3 ./system/src/stm32f4-hal/stm32f4xx_hal_cortex.o
                              0x7cc3c (size before relaxing)
 .debug_str     0x0007cf56      0x4ad ./system/src/stm32f4-hal/stm32f4xx_hal_rcc.o
                              0x7c97d (size before relaxing)
 .debug_str     0x0007d403     0x2995 ./system/src/newlib/_exit.o
                               0x4eec (size before relaxing)
 .debug_str     0x0007fd98      0x24c ./system/src/newlib/_startup.o
                               0x405e (size before relaxing)
 .debug_str     0x0007ffe4     0x109c ./system/src/newlib/_syscalls.o
                               0x5111 (size before relaxing)
 .debug_str     0x00081080       0xdc ./system/src/newlib/assert.o
                               0x59f8 (size before relaxing)
 .debug_str     0x0008115c       0xe8 ./system/src/cortexm/exception_handlers.o
                               0x252e (size before relaxing)
 .debug_str     0x00081244       0x67 ./system/src/cmsis/system_stm32f4xx.o
                              0x7c4ec (size before relaxing)
 .debug_str     0x000812ab       0x57 ./system/src/cmsis/vectors_stm32f4xx.o
                               0x24cb (size before relaxing)
 .debug_str     0x00081302       0x35 ./src/_initialize_hardware.o
                              0x7c5d9 (size before relaxing)
 .debug_str     0x00081337      0x765 ./src/main.o
                               0x5545 (size before relaxing)

.debug_loc      0x00000000     0x1323
 *(.debug_loc)
 .debug_loc     0x00000000       0x6a ./system/src/stm32f4-hal/stm32f4xx_hal.o
 .debug_loc     0x0000006a      0x5f3 ./system/src/stm32f4-hal/stm32f4xx_hal_cortex.o
 .debug_loc     0x0000065d      0x835 ./system/src/stm32f4-hal/stm32f4xx_hal_rcc.o
 .debug_loc     0x00000e92      0x265 ./system/src/newlib/_startup.o
 .debug_loc     0x000010f7       0x63 ./system/src/newlib/_syscalls.o
 .debug_loc     0x0000115a       0xc6 ./system/src/newlib/assert.o
 .debug_loc     0x00001220      0x103 ./system/src/cmsis/system_stm32f4xx.o

.debug_macinfo
 *(.debug_macinfo)

.debug_weaknames
 *(.debug_weaknames)

.debug_funcnames
 *(.debug_funcnames)

.debug_typenames
 *(.debug_typenames)

.debug_varnames
 *(.debug_varnames)
OUTPUT(project.elf elf32-littlearm)

.debug_ranges   0x00000000      0x2e8
 .debug_ranges  0x00000000       0xb0 ./system/src/stm32f4-hal/stm32f4xx_hal.o
 .debug_ranges  0x000000b0       0x80 ./system/src/stm32f4-hal/stm32f4xx_hal_cortex.o
 .debug_ranges  0x00000130       0x78 ./system/src/stm32f4-hal/stm32f4xx_hal_rcc.o
 .debug_ranges  0x000001a8       0x18 ./system/src/newlib/_exit.o
 .debug_ranges  0x000001c0       0x48 ./system/src/newlib/_startup.o
 .debug_ranges  0x00000208       0x20 ./system/src/newlib/_syscalls.o
 .debug_ranges  0x00000228       0x18 ./system/src/newlib/assert.o
 .debug_ranges  0x00000240       0x58 ./system/src/cortexm/exception_handlers.o
 .debug_ranges  0x00000298       0x18 ./system/src/cmsis/system_stm32f4xx.o
 .debug_ranges  0x000002b0       0x10 ./system/src/cmsis/vectors_stm32f4xx.o
 .debug_ranges  0x000002c0       0x18 ./src/_initialize_hardware.o
 .debug_ranges  0x000002d8       0x10 ./src/main.o

.debug_macro    0x00000000    0x13109
 .debug_macro   0x00000000      0x333 ./system/src/stm32f4-hal/stm32f4xx_hal.o
 .debug_macro   0x00000333      0x86e ./system/src/stm32f4-hal/stm32f4xx_hal.o
 .debug_macro   0x00000ba1      0x250 ./system/src/stm32f4-hal/stm32f4xx_hal.o
 .debug_macro   0x00000df1       0x28 ./system/src/stm32f4-hal/stm32f4xx_hal.o
 .debug_macro   0x00000e19       0x28 ./system/src/stm32f4-hal/stm32f4xx_hal.o
 .debug_macro   0x00000e41       0x3b ./system/src/stm32f4-hal/stm32f4xx_hal.o
 .debug_macro   0x00000e7c      0x34e ./system/src/stm32f4-hal/stm32f4xx_hal.o
 .debug_macro   0x000011ca       0x2d ./system/src/stm32f4-hal/stm32f4xx_hal.o
 .debug_macro   0x000011f7       0x26 ./system/src/stm32f4-hal/stm32f4xx_hal.o
 .debug_macro   0x0000121d      0xd39 ./system/src/stm32f4-hal/stm32f4xx_hal.o
 .debug_macro   0x00001f56     0x8fae ./system/src/stm32f4-hal/stm32f4xx_hal.o
 .debug_macro   0x0000af04       0x43 ./system/src/stm32f4-hal/stm32f4xx_hal.o
 .debug_macro   0x0000af47       0x57 ./system/src/stm32f4-hal/stm32f4xx_hal.o
 .debug_macro   0x0000af9e      0xb9c ./system/src/stm32f4-hal/stm32f4xx_hal.o
 .debug_macro   0x0000bb3a      0x40f ./system/src/stm32f4-hal/stm32f4xx_hal.o
 .debug_macro   0x0000bf49      0x13f ./system/src/stm32f4-hal/stm32f4xx_hal.o
 .debug_macro   0x0000c088      0x137 ./system/src/stm32f4-hal/stm32f4xx_hal.o
 .debug_macro   0x0000c1bf      0x2cd ./system/src/stm32f4-hal/stm32f4xx_hal.o
 .debug_macro   0x0000c48c       0x52 ./system/src/stm32f4-hal/stm32f4xx_hal.o
 .debug_macro   0x0000c4de      0x3ec ./system/src/stm32f4-hal/stm32f4xx_hal.o
 .debug_macro   0x0000c8ca      0x14c ./system/src/stm32f4-hal/stm32f4xx_hal.o
 .debug_macro   0x0000ca16      0x3c2 ./system/src/stm32f4-hal/stm32f4xx_hal.o
 .debug_macro   0x0000cdd8       0x22 ./system/src/stm32f4-hal/stm32f4xx_hal.o
 .debug_macro   0x0000cdfa      0x11f ./system/src/stm32f4-hal/stm32f4xx_hal.o
 .debug_macro   0x0000cf19       0xcd ./system/src/stm32f4-hal/stm32f4xx_hal.o
 .debug_macro   0x0000cfe6      0x1d1 ./system/src/stm32f4-hal/stm32f4xx_hal.o
 .debug_macro   0x0000d1b7      0xde0 ./system/src/stm32f4-hal/stm32f4xx_hal.o
 .debug_macro   0x0000df97      0x132 ./system/src/stm32f4-hal/stm32f4xx_hal.o
 .debug_macro   0x0000e0c9      0x217 ./system/src/stm32f4-hal/stm32f4xx_hal.o
 .debug_macro   0x0000e2e0      0x503 ./system/src/stm32f4-hal/stm32f4xx_hal.o
 .debug_macro   0x0000e7e3       0x88 ./system/src/stm32f4-hal/stm32f4xx_hal.o
 .debug_macro   0x0000e86b       0xd5 ./system/src/stm32f4-hal/stm32f4xx_hal.o
 .debug_macro   0x0000e940       0xa1 ./system/src/stm32f4-hal/stm32f4xx_hal.o
 .debug_macro   0x0000e9e1      0x1e6 ./system/src/stm32f4-hal/stm32f4xx_hal.o
 .debug_macro   0x0000ebc7      0x1ae ./system/src/stm32f4-hal/stm32f4xx_hal.o
 .debug_macro   0x0000ed75       0xa4 ./system/src/stm32f4-hal/stm32f4xx_hal.o
 .debug_macro   0x0000ee19      0x16e ./system/src/stm32f4-hal/stm32f4xx_hal.o
 .debug_macro   0x0000ef87       0x52 ./system/src/stm32f4-hal/stm32f4xx_hal.o
 .debug_macro   0x0000efd9       0x6c ./system/src/stm32f4-hal/stm32f4xx_hal.o
 .debug_macro   0x0000f045      0x3d7 ./system/src/stm32f4-hal/stm32f4xx_hal.o
 .debug_macro   0x0000f41c      0x313 ./system/src/stm32f4-hal/stm32f4xx_hal.o
 .debug_macro   0x0000f72f      0x4b7 ./system/src/stm32f4-hal/stm32f4xx_hal.o
 .debug_macro   0x0000fbe6      0x22b ./system/src/stm32f4-hal/stm32f4xx_hal.o
 .debug_macro   0x0000fe11      0x1d1 ./system/src/stm32f4-hal/stm32f4xx_hal.o
 .debug_macro   0x0000ffe2      0x84c ./system/src/stm32f4-hal/stm32f4xx_hal.o
 .debug_macro   0x0001082e       0x4d ./system/src/stm32f4-hal/stm32f4xx_hal.o
 .debug_macro   0x0001087b      0x23a ./system/src/stm32f4-hal/stm32f4xx_hal.o
 .debug_macro   0x00010ab5      0x1d8 ./system/src/stm32f4-hal/stm32f4xx_hal.o
 .debug_macro   0x00010c8d      0x168 ./system/src/stm32f4-hal/stm32f4xx_hal.o
 .debug_macro   0x00010df5      0x1d8 ./system/src/stm32f4-hal/stm32f4xx_hal.o
 .debug_macro   0x00010fcd       0x85 ./system/src/stm32f4-hal/stm32f4xx_hal.o
 .debug_macro   0x00011052      0x1df ./system/src/stm32f4-hal/stm32f4xx_hal.o
 .debug_macro   0x00011231      0x108 ./system/src/stm32f4-hal/stm32f4xx_hal.o
 .debug_macro   0x00011339       0x12 ./system/src/stm32f4-hal/stm32f4xx_hal.o
 .debug_macro   0x0001134b       0x74 ./system/src/stm32f4-hal/stm32f4xx_hal.o
 .debug_macro   0x000113bf      0x126 ./system/src/stm32f4-hal/stm32f4xx_hal.o
 .debug_macro   0x000114e5      0x2e5 ./system/src/stm32f4-hal/stm32f4xx_hal_cortex.o
 .debug_macro   0x000117ca      0x327 ./system/src/stm32f4-hal/stm32f4xx_hal_rcc.o
 .debug_macro   0x00011af1      0x11b ./system/src/newlib/_exit.o
 .debug_macro   0x00011c0c       0xa3 ./system/src/newlib/_exit.o
 .debug_macro   0x00011caf      0x10e ./system/src/newlib/_exit.o
 .debug_macro   0x00011dbd       0x86 ./system/src/newlib/_exit.o
 .debug_macro   0x00011e43       0x43 ./system/src/newlib/_exit.o
 .debug_macro   0x00011e86       0x10 ./system/src/newlib/_exit.o
 .debug_macro   0x00011e96       0x35 ./system/src/newlib/_exit.o
 .debug_macro   0x00011ecb       0xdb ./system/src/newlib/_startup.o
 .debug_macro   0x00011fa6      0x169 ./system/src/newlib/_syscalls.o
 .debug_macro   0x0001210f       0x1c ./system/src/newlib/_syscalls.o
 .debug_macro   0x0001212b       0x10 ./system/src/newlib/_syscalls.o
 .debug_macro   0x0001213b       0x10 ./system/src/newlib/_syscalls.o
 .debug_macro   0x0001214b       0x10 ./system/src/newlib/_syscalls.o
 .debug_macro   0x0001215b       0x35 ./system/src/newlib/_syscalls.o
 .debug_macro   0x00012190      0x120 ./system/src/newlib/_syscalls.o
 .debug_macro   0x000122b0       0x22 ./system/src/newlib/_syscalls.o
 .debug_macro   0x000122d2       0x2b ./system/src/newlib/_syscalls.o
 .debug_macro   0x000122fd      0x118 ./system/src/newlib/_syscalls.o
 .debug_macro   0x00012415      0x13a ./system/src/newlib/_syscalls.o
 .debug_macro   0x0001254f       0x16 ./system/src/newlib/_syscalls.o
 .debug_macro   0x00012565      0x137 ./system/src/newlib/assert.o
 .debug_macro   0x0001269c       0x1c ./system/src/newlib/assert.o
 .debug_macro   0x000126b8       0x1b ./system/src/cortexm/exception_handlers.o
 .debug_macro   0x000126d3      0x2eb ./system/src/cmsis/system_stm32f4xx.o
 .debug_macro   0x000129be       0x1b ./system/src/cmsis/vectors_stm32f4xx.o
 .debug_macro   0x000129d9      0x2e5 ./src/_initialize_hardware.o
 .debug_macro   0x00012cbe      0x116 ./src/main.o
 .debug_macro   0x00012dd4       0x16 ./src/main.o
 .debug_macro   0x00012dea       0x97 ./src/main.o
 .debug_macro   0x00012e81       0x10 ./src/main.o
 .debug_macro   0x00012e91       0xf6 ./src/main.o
 .debug_macro   0x00012f87       0x16 ./src/main.o
 .debug_macro   0x00012f9d      0x16c ./src/main.o
