
Allocating common symbols
Common symbol       size              file

Time                0x4               ./src/stm32f4xx_it.o
NVIC_InitStructure  0x4               ./Discovery/stm32f4_discovery.o

Discarded input sections

 .group         0x00000000        0x8 ./src/main.o
 .group         0x00000000        0x8 ./src/main.o
 .group         0x00000000        0x8 ./src/main.o
 .group         0x00000000        0x8 ./src/main.o
 .group         0x00000000        0x8 ./src/main.o
 .group         0x00000000        0x8 ./src/main.o
 .group         0x00000000        0x8 ./src/main.o
 .group         0x00000000        0x8 ./src/main.o
 .group         0x00000000        0x8 ./src/main.o
 .group         0x00000000        0x8 ./src/main.o
 .group         0x00000000        0x8 ./src/main.o
 .group         0x00000000        0x8 ./src/main.o
 .group         0x00000000        0x8 ./src/main.o
 .group         0x00000000        0x8 ./src/main.o
 .group         0x00000000        0x8 ./src/main.o
 .group         0x00000000        0x8 ./src/main.o
 .group         0x00000000        0x8 ./src/main.o
 .group         0x00000000        0x8 ./src/main.o
 .group         0x00000000        0x8 ./src/main.o
 .group         0x00000000        0x8 ./src/main.o
 .group         0x00000000        0x8 ./src/main.o
 .group         0x00000000        0x8 ./src/main.o
 .group         0x00000000        0x8 ./src/main.o
 .group         0x00000000        0x8 ./src/main.o
 .group         0x00000000        0x8 ./src/main.o
 .group         0x00000000        0x8 ./src/main.o
 .group         0x00000000        0x8 ./src/main.o
 .group         0x00000000        0x8 ./src/main.o
 .group         0x00000000        0x8 ./src/main.o
 .group         0x00000000        0x8 ./src/main.o
 .group         0x00000000        0x8 ./src/main.o
 .group         0x00000000        0x8 ./src/main.o
 .group         0x00000000        0x8 ./src/main.o
 .group         0x00000000        0x8 ./src/main.o
 .group         0x00000000        0x8 ./src/main.o
 .group         0x00000000        0x8 ./src/main.o
 .group         0x00000000        0x8 ./src/main.o
 .group         0x00000000        0x8 ./src/main.o
 .data          0x00000000        0x0 ./src/main.o
 .bss           0x00000000        0x0 ./src/main.o
 .group         0x00000000        0x8 ./src/stm32f4xx_it.o
 .group         0x00000000        0x8 ./src/stm32f4xx_it.o
 .group         0x00000000        0x8 ./src/stm32f4xx_it.o
 .group         0x00000000        0x8 ./src/stm32f4xx_it.o
 .group         0x00000000        0x8 ./src/stm32f4xx_it.o
 .group         0x00000000        0x8 ./src/stm32f4xx_it.o
 .group         0x00000000        0x8 ./src/stm32f4xx_it.o
 .group         0x00000000        0x8 ./src/stm32f4xx_it.o
 .group         0x00000000        0x8 ./src/stm32f4xx_it.o
 .group         0x00000000        0x8 ./src/stm32f4xx_it.o
 .group         0x00000000        0x8 ./src/stm32f4xx_it.o
 .group         0x00000000        0x8 ./src/stm32f4xx_it.o
 .group         0x00000000        0x8 ./src/stm32f4xx_it.o
 .group         0x00000000        0x8 ./src/stm32f4xx_it.o
 .group         0x00000000        0x8 ./src/stm32f4xx_it.o
 .group         0x00000000        0x8 ./src/stm32f4xx_it.o
 .group         0x00000000        0x8 ./src/stm32f4xx_it.o
 .group         0x00000000        0x8 ./src/stm32f4xx_it.o
 .group         0x00000000        0x8 ./src/stm32f4xx_it.o
 .group         0x00000000        0x8 ./src/stm32f4xx_it.o
 .group         0x00000000        0x8 ./src/stm32f4xx_it.o
 .group         0x00000000        0x8 ./src/stm32f4xx_it.o
 .group         0x00000000        0x8 ./src/stm32f4xx_it.o
 .group         0x00000000        0x8 ./src/stm32f4xx_it.o
 .group         0x00000000        0x8 ./src/stm32f4xx_it.o
 .group         0x00000000        0x8 ./src/stm32f4xx_it.o
 .group         0x00000000        0x8 ./src/stm32f4xx_it.o
 .group         0x00000000        0x8 ./src/stm32f4xx_it.o
 .group         0x00000000        0x8 ./src/stm32f4xx_it.o
 .group         0x00000000        0x8 ./src/stm32f4xx_it.o
 .group         0x00000000        0x8 ./src/stm32f4xx_it.o
 .group         0x00000000        0x8 ./src/stm32f4xx_it.o
 .group         0x00000000        0x8 ./src/stm32f4xx_it.o
 .group         0x00000000        0x8 ./src/stm32f4xx_it.o
 .group         0x00000000        0x8 ./src/stm32f4xx_it.o
 .group         0x00000000        0x8 ./src/stm32f4xx_it.o
 .group         0x00000000        0x8 ./src/stm32f4xx_it.o
 .data          0x00000000        0x0 ./src/stm32f4xx_it.o
 .debug_macro   0x00000000      0x862 ./src/stm32f4xx_it.o
 .debug_macro   0x00000000       0x5d ./src/stm32f4xx_it.o
 .debug_macro   0x00000000       0x35 ./src/stm32f4xx_it.o
 .debug_macro   0x00000000       0x16 ./src/stm32f4xx_it.o
 .debug_macro   0x00000000       0x44 ./src/stm32f4xx_it.o
 .debug_macro   0x00000000      0x209 ./src/stm32f4xx_it.o
 .debug_macro   0x00000000       0x18 ./src/stm32f4xx_it.o
 .debug_macro   0x00000000       0x42 ./src/stm32f4xx_it.o
[...]
Memory Configuration

Name             Origin             Length             Attributes
FLASH            0x08000000         0x00100000         xr
RAM              0x20000000         0x00030000         xrw
MEMORY_B1        0x60000000         0x00000000         xr
*default*        0x00000000         0xffffffff

Linker script and memory map

LOAD ./src/main.o
LOAD ./src/stm32f4xx_it.o
LOAD ./src/system_stm32f4xx.o
LOAD ./STM32F4xx_StdPeriph_Driver/src/misc.o
LOAD ./STM32F4xx_StdPeriph_Driver/src/stm32f4xx_adc.o
LOAD ./STM32F4xx_StdPeriph_Driver/src/stm32f4xx_can.o
LOAD ./STM32F4xx_StdPeriph_Driver/src/stm32f4xx_crc.o
LOAD ./STM32F4xx_StdPeriph_Driver/src/stm32f4xx_cryp.o
LOAD ./STM32F4xx_StdPeriph_Driver/src/stm32f4xx_cryp_aes.o
LOAD ./STM32F4xx_StdPeriph_Driver/src/stm32f4xx_cryp_des.o
LOAD ./STM32F4xx_StdPeriph_Driver/src/stm32f4xx_cryp_tdes.o
LOAD ./STM32F4xx_StdPeriph_Driver/src/stm32f4xx_dac.o
LOAD ./STM32F4xx_StdPeriph_Driver/src/stm32f4xx_dbgmcu.o
LOAD ./STM32F4xx_StdPeriph_Driver/src/stm32f4xx_dcmi.o
LOAD ./STM32F4xx_StdPeriph_Driver/src/stm32f4xx_dma.o
LOAD ./STM32F4xx_StdPeriph_Driver/src/stm32f4xx_exti.o
LOAD ./STM32F4xx_StdPeriph_Driver/src/stm32f4xx_flash.o
LOAD ./STM32F4xx_StdPeriph_Driver/src/stm32f4xx_fsmc.o
LOAD ./STM32F4xx_StdPeriph_Driver/src/stm32f4xx_gpio.o
LOAD ./STM32F4xx_StdPeriph_Driver/src/stm32f4xx_hash.o
LOAD ./STM32F4xx_StdPeriph_Driver/src/stm32f4xx_hash_md5.o
LOAD ./STM32F4xx_StdPeriph_Driver/src/stm32f4xx_hash_sha1.o
LOAD ./STM32F4xx_StdPeriph_Driver/src/stm32f4xx_i2c.o
LOAD ./STM32F4xx_StdPeriph_Driver/src/stm32f4xx_iwdg.o
LOAD ./STM32F4xx_StdPeriph_Driver/src/stm32f4xx_pwr.o
LOAD ./STM32F4xx_StdPeriph_Driver/src/stm32f4xx_rcc.o
LOAD ./STM32F4xx_StdPeriph_Driver/src/stm32f4xx_rng.o
LOAD ./STM32F4xx_StdPeriph_Driver/src/stm32f4xx_rtc.o
LOAD ./STM32F4xx_StdPeriph_Driver/src/stm32f4xx_sdio.o
LOAD ./STM32F4xx_StdPeriph_Driver/src/stm32f4xx_spi.o
LOAD ./STM32F4xx_StdPeriph_Driver/src/stm32f4xx_syscfg.o
LOAD ./STM32F4xx_StdPeriph_Driver/src/stm32f4xx_tim.o
LOAD ./STM32F4xx_StdPeriph_Driver/src/stm32f4xx_usart.o
LOAD ./STM32F4xx_StdPeriph_Driver/src/stm32f4xx_wwdg.o
LOAD ./STM32F4xx/Source/startup_stm32f4xx.o
LOAD ./Discovery/stm32f4_discovery.o
START GROUP
LOAD c:/program files (x86)/gnu tools arm embedded/4.8 2014q1/bin/../lib/gcc/arm-none-eabi/4.8.3/armv7e-m\libgcc.a
LOAD c:/program files (x86)/gnu tools arm embedded/4.8 2014q1/bin/../lib/gcc/arm-none-eabi/4.8.3/../../../../arm-none-eabi/lib/armv7e-m\libg.a
LOAD c:/program files (x86)/gnu tools arm embedded/4.8 2014q1/bin/../lib/gcc/arm-none-eabi/4.8.3/../../../../arm-none-eabi/lib/armv7e-m\libc.a
END GROUP
                0x20020000                _estack = 0x20020000
                0x00000000                _Min_Heap_Size = 0x0
                0x00000400                _Min_Stack_Size = 0x400

.isr_vector     0x08000000      0x188
                0x08000000                . = ALIGN (0x4)
 *(.isr_vector)
 .isr_vector    0x08000000      0x188 ./STM32F4xx/Source/startup_stm32f4xx.o
                0x08000000                g_pfnVectors
                0x08000188                . = ALIGN (0x4)

.text           0x08000188      0x3b8
                0x08000188                . = ALIGN (0x4)
 *(.text)
 .text          0x08000188       0x40 ./src/main.o
                0x08000188                main
 .text          0x080001c8       0x84 ./src/stm32f4xx_it.o
                0x080001c8                NMI_Handler
                0x080001cc                HardFault_Handler
                0x080001d0                MemManage_Handler
                0x080001d4                BusFault_Handler
                0x080001d8                UsageFault_Handler
                0x080001dc                SVC_Handler
                0x080001e0                DebugMon_Handler
                0x080001e4                PendSV_Handler
                0x080001e8                EXTI0_IRQHandler
                0x080001fc                Delay
                0x08000218                TimingDelay_Decrement
                0x0800022c                SysTick_Handler
 .text          0x0800024c      0x190 ./src/system_stm32f4xx.o
                0x0800030c                SystemInit
                0x08000350                SystemCoreClockUpdate
 .text          0x080003dc      0x114 ./STM32F4xx_StdPeriph_Driver/src/stm32f4xx_exti.o
                0x080003dc                EXTI_DeInit
                0x080003f8                EXTI_Init
                0x08000488                EXTI_StructInit
                0x08000498                EXTI_GenerateSWInterrupt
                0x080004a8                EXTI_GetFlagStatus
                0x080004bc                EXTI_ClearFlag
                0x080004c8                EXTI_GetITStatus
                0x080004e4                EXTI_ClearITPendingBit
 *(.text*)
 .text.Reset_Handler
                0x080004f0       0x4c ./STM32F4xx/Source/startup_stm32f4xx.o
                0x080004f0                Reset_Handler
 .text.Default_Handler
                0x0800053c        0x4 ./STM32F4xx/Source/startup_stm32f4xx.o
                0x0800053c                RTC_Alarm_IRQHandler
                0x0800053c                HASH_RNG_IRQHandler
                0x0800053c                EXTI2_IRQHandler
                0x0800053c                TIM8_CC_IRQHandler
                0x0800053c                TIM1_CC_IRQHandler
                0x0800053c                DMA2_Stream5_IRQHandler
                0x0800053c                DMA1_Stream5_IRQHandler
                0x0800053c                PVD_IRQHandler
                0x0800053c                SDIO_IRQHandler
                0x0800053c                TAMP_STAMP_IRQHandler
                0x0800053c                CAN2_RX1_IRQHandler
                0x0800053c                EXTI3_IRQHandler
                0x0800053c                TIM8_TRG_COM_TIM14_IRQHandler
                0x0800053c                TIM1_UP_TIM10_IRQHandler
                0x0800053c                TIM8_UP_TIM13_IRQHandler
                0x0800053c                I2C3_ER_IRQHandler
                0x0800053c                I2C2_EV_IRQHandler
                0x0800053c                DMA1_Stream2_IRQHandler
                0x0800053c                CAN1_RX0_IRQHandler
                0x0800053c                FPU_IRQHandler
                0x0800053c                OTG_HS_WKUP_IRQHandler
                0x0800053c                CAN2_SCE_IRQHandler
                0x0800053c                DMA2_Stream2_IRQHandler
                0x0800053c                SPI1_IRQHandler
                0x0800053c                TIM6_DAC_IRQHandler
                0x0800053c                TIM1_BRK_TIM9_IRQHandler
                0x0800053c                DCMI_IRQHandler
                0x0800053c                CAN2_RX0_IRQHandler
                0x0800053c                DMA2_Stream3_IRQHandler
                0x0800053c                USART6_IRQHandler
                0x0800053c                USART3_IRQHandler
                0x0800053c                CRYP_IRQHandler
                0x0800053c                CAN1_RX1_IRQHandler
                0x0800053c                UART5_IRQHandler
                0x0800053c                DMA2_Stream0_IRQHandler
                0x0800053c                TIM4_IRQHandler
                0x0800053c                I2C1_EV_IRQHandler
                0x0800053c                DMA1_Stream6_IRQHandler
                0x0800053c                DMA1_Stream1_IRQHandler
                0x0800053c                UART4_IRQHandler
                0x0800053c                TIM3_IRQHandler
                0x0800053c                RCC_IRQHandler
                0x0800053c                TIM8_BRK_TIM12_IRQHandler
                0x0800053c                Default_Handler
                0x0800053c                EXTI15_10_IRQHandler
                0x0800053c                ADC_IRQHandler
                0x0800053c                DMA1_Stream7_IRQHandler
                0x0800053c                TIM7_IRQHandler
                0x0800053c                CAN2_TX_IRQHandler
                0x0800053c                TIM5_IRQHandler
                0x0800053c                DMA2_Stream7_IRQHandler
                0x0800053c                I2C3_EV_IRQHandler
                0x0800053c                EXTI9_5_IRQHandler
                0x0800053c                RTC_WKUP_IRQHandler
                0x0800053c                ETH_WKUP_IRQHandler
                0x0800053c                SPI2_IRQHandler
                0x0800053c                OTG_HS_EP1_IN_IRQHandler
                0x0800053c                DMA1_Stream0_IRQHandler
                0x0800053c                CAN1_TX_IRQHandler
                0x0800053c                EXTI4_IRQHandler
                0x0800053c                FSMC_IRQHandler
                0x0800053c                ETH_IRQHandler
                0x0800053c                OTG_HS_EP1_OUT_IRQHandler
                0x0800053c                WWDG_IRQHandler
                0x0800053c                TIM2_IRQHandler
                0x0800053c                OTG_FS_WKUP_IRQHandler
                0x0800053c                TIM1_TRG_COM_TIM11_IRQHandler
                0x0800053c                OTG_HS_IRQHandler
                0x0800053c                EXTI1_IRQHandler
                0x0800053c                USART2_IRQHandler
                0x0800053c                I2C2_ER_IRQHandler
                0x0800053c                DMA2_Stream1_IRQHandler
                0x0800053c                CAN1_SCE_IRQHandler
                0x0800053c                FLASH_IRQHandler
                0x0800053c                DMA2_Stream4_IRQHandler
                0x0800053c                USART1_IRQHandler
                0x0800053c                OTG_FS_IRQHandler
                0x0800053c                SPI3_IRQHandler
                0x0800053c                DMA1_Stream4_IRQHandler
                0x0800053c                I2C1_ER_IRQHandler
                0x0800053c                DMA2_Stream6_IRQHandler
                0x0800053c                DMA1_Stream3_IRQHandler
 *(.rodata)
 *(.rodata*)
 *(.glue_7)
 .glue_7        0x00000000        0x0 linker stubs
 *(.glue_7t)
 .glue_7t       0x00000000        0x0 linker stubs
 *(.eh_frame)
 *(.init)
 *(.fini)
                0x08000540                . = ALIGN (0x4)
                0x08000540                _etext = .

.vfp11_veneer   0x08000540        0x0
 .vfp11_veneer  0x00000000        0x0 linker stubs

.v4_bx          0x08000540        0x0
 .v4_bx         0x00000000        0x0 linker stubs

.iplt           0x08000540        0x0
 .iplt          0x00000000        0x0 ./src/main.o

.rel.dyn        0x08000540        0x0
 .rel.iplt      0x00000000        0x0 ./src/main.o

.ARM.extab
 *(.ARM.extab* .gnu.linkonce.armextab.*)

.ARM            0x08000540        0x0
                0x08000540                __exidx_start = .
 *(.ARM.exidx*)
                0x08000540                __exidx_end = .

.preinit_array  0x08000540        0x0
                0x08000540                PROVIDE (__preinit_array_start, .)
 *(.preinit_array*)
                0x08000540                PROVIDE (__preinit_array_end, .)

.init_array     0x08000540        0x0
                0x08000540                PROVIDE (__init_array_start, .)
 *(SORT(.init_array.*))
 *(.init_array*)
                0x08000540                PROVIDE (__init_array_end, .)

.fini_array     0x08000540        0x0
                0x08000540                PROVIDE (__fini_array_start, .)
 *(.fini_array*)
 *(SORT(.fini_array.*))
                0x08000540                PROVIDE (__fini_array_end, .)
                0x08000540                _sidata = .

.data           0x20000000       0x14 load address 0x08000540
                0x20000000                . = ALIGN (0x4)
                0x20000000                _sdata = .
 *(.data)
 .data          0x20000000       0x14 ./src/system_stm32f4xx.o
                0x20000000                SystemCoreClock
                0x20000004                AHBPrescTable
 *(.data*)
                0x20000014                . = ALIGN (0x4)
                0x20000014                _edata = .

.igot.plt       0x20000014        0x0 load address 0x08000554
 .igot.plt      0x00000000        0x0 ./src/main.o
                0x20000014                . = ALIGN (0x4)

.bss            0x20000014        0x8 load address 0x08000554
                0x20000014                _sbss = .
                0x20000014                __bss_start__ = _sbss
 *(.bss)
 .bss           0x20000014        0x4 ./src/stm32f4xx_it.o
                0x20000014                TimingDelay
 *(.bss*)
 *(COMMON)
 COMMON         0x20000018        0x4 ./src/stm32f4xx_it.o
                0x20000018                Time
                0x2000001c                . = ALIGN (0x4)
                0x2000001c                _ebss = .
                0x2000001c                __bss_end__ = _ebss

._user_heap_stack
                0x2000001c      0x400 load address 0x0800055c
                0x2000001c                . = ALIGN (0x4)
                0x2000001c                PROVIDE (end, .)
                0x2000001c                PROVIDE (_end, .)
                0x2000001c                . = (. + _Min_Heap_Size)
                0x2000041c                . = (. + _Min_Stack_Size)
 *fill*         0x2000001c      0x400 
                0x2000041c                . = ALIGN (0x4)

.memory_b1_text
 *(.mb1text)
 *(.mb1text*)
 *(.mb1rodata)
 *(.mb1rodata*)

/DISCARD/
 libc.a(*)
 libm.a(*)
 libgcc.a(*)

.ARM.attributes
                0x00000000       0x31
 *(.ARM.attributes)
 .ARM.attributes
                0x00000000       0x33 ./src/main.o
 .ARM.attributes
                0x00000033       0x33 ./src/stm32f4xx_it.o
 .ARM.attributes
                0x00000066       0x33 ./src/system_stm32f4xx.o
 .ARM.attributes
                0x00000099       0x33 ./STM32F4xx_StdPeriph_Driver/src/stm32f4xx_exti.o
 .ARM.attributes
                0x000000cc       0x21 ./STM32F4xx/Source/startup_stm32f4xx.o
OUTPUT(Template.elf elf32-littlearm)

.debug_info     0x00000000     0x1328
 .debug_info    0x00000000      0x77c ./src/main.o
 .debug_info    0x0000077c      0x23b ./src/stm32f4xx_it.o
 .debug_info    0x000009b7      0x5ad ./src/system_stm32f4xx.o
 .debug_info    0x00000f64      0x352 ./STM32F4xx_StdPeriph_Driver/src/stm32f4xx_exti.o
 .debug_info    0x000012b6       0x72 ./STM32F4xx/Source/startup_stm32f4xx.o

.debug_abbrev   0x00000000      0x5f0
 .debug_abbrev  0x00000000      0x186 ./src/main.o
 .debug_abbrev  0x00000186      0x139 ./src/stm32f4xx_it.o
 .debug_abbrev  0x000002bf      0x157 ./src/system_stm32f4xx.o
 .debug_abbrev  0x00000416      0x1c8 ./STM32F4xx_StdPeriph_Driver/src/stm32f4xx_exti.o
 .debug_abbrev  0x000005de       0x12 ./STM32F4xx/Source/startup_stm32f4xx.o

.debug_loc      0x00000000      0x28b
 .debug_loc     0x00000000       0x3f ./src/main.o
 .debug_loc     0x0000003f      0x103 ./src/system_stm32f4xx.o
 .debug_loc     0x00000142      0x149 ./STM32F4xx_StdPeriph_Driver/src/stm32f4xx_exti.o

.debug_aranges  0x00000000       0xa8
 .debug_aranges
                0x00000000       0x20 ./src/main.o
 .debug_aranges
                0x00000020       0x20 ./src/stm32f4xx_it.o
 .debug_aranges
                0x00000040       0x20 ./src/system_stm32f4xx.o
 .debug_aranges
                0x00000060       0x20 ./STM32F4xx_StdPeriph_Driver/src/stm32f4xx_exti.o
 .debug_aranges
                0x00000080       0x28 ./STM32F4xx/Source/startup_stm32f4xx.o

.debug_macro    0x00000000     0xd684
 .debug_macro   0x00000000      0x1b1 ./src/main.o
 .debug_macro   0x000001b1      0x862 ./src/main.o
 .debug_macro   0x00000a13       0x5d ./src/main.o
 .debug_macro   0x00000a70       0x35 ./src/main.o
 .debug_macro   0x00000aa5       0x16 ./src/main.o
 .debug_macro   0x00000abb       0x44 ./src/main.o
 .debug_macro   0x00000aff      0x209 ./src/main.o
 .debug_macro   0x00000d08       0x18 ./src/main.o
 .debug_macro   0x00000d20       0x42 ./src/main.o
 .debug_macro   0x00000d62      0x8cb ./src/main.o
 .debug_macro   0x0000162d     0x8057 ./src/main.o
 .debug_macro   0x00009684       0x16 ./src/main.o
 .debug_macro   0x0000969a      0x44e ./src/main.o
 .debug_macro   0x00009ae8      0x3cf ./src/main.o
 .debug_macro   0x00009eb7      0x111 ./src/main.o
 .debug_macro   0x00009fc8      0x182 ./src/main.o
 .debug_macro   0x0000a14a       0xb2 ./src/main.o
 .debug_macro   0x0000a1fc      0x146 ./src/main.o
 .debug_macro   0x0000a342      0x477 ./src/main.o
 .debug_macro   0x0000a7b9       0xac ./src/main.o
 .debug_macro   0x0000a865      0x241 ./src/main.o
 .debug_macro   0x0000aaa6      0x279 ./src/main.o
 .debug_macro   0x0000ad1f       0xb5 ./src/main.o
 .debug_macro   0x0000add4      0x265 ./src/main.o
 .debug_macro   0x0000b039      0x2b1 ./src/main.o
 .debug_macro   0x0000b2ea       0x64 ./src/main.o
 .debug_macro   0x0000b34e       0xa6 ./src/main.o
 .debug_macro   0x0000b3f4      0x538 ./src/main.o
 .debug_macro   0x0000b92c       0x40 ./src/main.o
 .debug_macro   0x0000b96c      0x57a ./src/main.o
 .debug_macro   0x0000bee6      0x341 ./src/main.o
 .debug_macro   0x0000c227      0x36a ./src/main.o
 .debug_macro   0x0000c591       0xdf ./src/main.o
 .debug_macro   0x0000c670      0x73b ./src/main.o
 .debug_macro   0x0000cdab      0x220 ./src/main.o
 .debug_macro   0x0000cfcb       0x34 ./src/main.o
 .debug_macro   0x0000cfff       0x7f ./src/main.o
 .debug_macro   0x0000d07e       0x35 ./src/main.o
 .debug_macro   0x0000d0b3       0x22 ./src/main.o
 .debug_macro   0x0000d0d5      0x1ae ./src/stm32f4xx_it.o
 .debug_macro   0x0000d283      0x1b7 ./src/system_stm32f4xx.o
 .debug_macro   0x0000d43a      0x1a4 ./STM32F4xx_StdPeriph_Driver/src/stm32f4xx_exti.o
 .debug_macro   0x0000d5de       0xa6 ./STM32F4xx_StdPeriph_Driver/src/stm32f4xx_exti.o

.debug_line     0x00000000     0x15f2
 .debug_line    0x00000000      0x544 ./src/main.o
 .debug_line    0x00000544      0x558 ./src/stm32f4xx_it.o
 .debug_line    0x00000a9c      0x567 ./src/system_stm32f4xx.o
 .debug_line    0x00001003      0x56c ./STM32F4xx_StdPeriph_Driver/src/stm32f4xx_exti.o
 .debug_line    0x0000156f       0x83 ./STM32F4xx/Source/startup_stm32f4xx.o

.debug_str      0x00000000    0x562e3
 .debug_str     0x00000000    0x55e30 ./src/main.o
                              0x55fc5 (size before relaxing)
 .debug_str     0x00055e30      0x120 ./src/stm32f4xx_it.o
                              0x559f3 (size before relaxing)
 .debug_str     0x00055f50      0x1ad ./src/system_stm32f4xx.o
                              0x55b1c (size before relaxing)
 .debug_str     0x000560fd      0x1e6 ./STM32F4xx_StdPeriph_Driver/src/stm32f4xx_exti.o
                              0x55acb (size before relaxing)

.comment        0x00000000       0x70
 .comment       0x00000000       0x70 ./src/main.o
                                 0x71 (size before relaxing)
 .comment       0x00000000       0x71 ./src/stm32f4xx_it.o
 .comment       0x00000000       0x71 ./src/system_stm32f4xx.o
 .comment       0x00000000       0x71 ./STM32F4xx_StdPeriph_Driver/src/stm32f4xx_exti.o

.debug_frame    0x00000000      0x1f4
 .debug_frame   0x00000000       0x20 ./src/main.o
 .debug_frame   0x00000020       0xec ./src/stm32f4xx_it.o
 .debug_frame   0x0000010c       0x50 ./src/system_stm32f4xx.o
 .debug_frame   0x0000015c       0x98 ./STM32F4xx_StdPeriph_Driver/src/stm32f4xx_exti.o

.debug_ranges   0x00000000       0x20
 .debug_ranges  0x00000000       0x20 ./STM32F4xx/Source/startup_stm32f4xx.o

Cross Reference Table

Symbol                                            File
ADC_AnalogWatchdogCmd                             ./STM32F4xx_StdPeriph_Driver/src/stm32f4xx_adc.o
ADC_AnalogWatchdogSingleChannelConfig             ./STM32F4xx_StdPeriph_Driver/src/stm32f4xx_adc.o
ADC_AnalogWatchdogThresholdsConfig                ./STM32F4xx_StdPeriph_Driver/src/stm32f4xx_adc.o
ADC_AutoInjectedConvCmd                           ./STM32F4xx_StdPeriph_Driver/src/stm32f4xx_adc.o
ADC_ClearFlag                                     ./STM32F4xx_StdPeriph_Driver/src/stm32f4xx_adc.o
ADC_ClearITPendingBit                             ./STM32F4xx_StdPeriph_Driver/src/stm32f4xx_adc.o
ADC_Cmd                                           ./STM32F4xx_StdPeriph_Driver/src/stm32f4xx_adc.o
ADC_CommonInit                                    ./STM32F4xx_StdPeriph_Driver/src/stm32f4xx_adc.o
ADC_CommonStructInit                              ./STM32F4xx_StdPeriph_Driver/src/stm32f4xx_adc.o
ADC_ContinuousModeCmd                             ./STM32F4xx_StdPeriph_Driver/src/stm32f4xx_adc.o
ADC_DMACmd                                        ./STM32F4xx_StdPeriph_Driver/src/stm32f4xx_adc.o
ADC_DMARequestAfterLastTransferCmd                ./STM32F4xx_StdPeriph_Driver/src/stm32f4xx_adc.o
ADC_DeInit                                        ./STM32F4xx_StdPeriph_Driver/src/stm32f4xx_adc.o
ADC_DiscModeChannelCountConfig                    ./STM32F4xx_StdPeriph_Driver/src/stm32f4xx_adc.o
ADC_DiscModeCmd                                   ./STM32F4xx_StdPeriph_Driver/src/stm32f4xx_adc.o
ADC_EOCOnEachRegularChannelCmd                    ./STM32F4xx_StdPeriph_Driver/src/stm32f4xx_adc.o
ADC_ExternalTrigInjectedConvConfig                ./STM32F4xx_StdPeriph_Driver/src/stm32f4xx_adc.o
ADC_ExternalTrigInjectedConvEdgeConfig            ./STM32F4xx_StdPeriph_Driver/src/stm32f4xx_adc.o
ADC_GetConversionValue                            ./STM32F4xx_StdPeriph_Driver/src/stm32f4xx_adc.o
ADC_GetFlagStatus                                 ./STM32F4xx_StdPeriph_Driver/src/stm32f4xx_adc.o
ADC_GetITStatus                                   ./STM32F4xx_StdPeriph_Driver/src/stm32f4xx_adc.o
ADC_GetInjectedConversionValue                    ./STM32F4xx_StdPeriph_Driver/src/stm32f4xx_adc.o
ADC_GetMultiModeConversionValue                   ./STM32F4xx_StdPeriph_Driver/src/stm32f4xx_adc.o
ADC_GetSoftwareStartConvStatus                    ./STM32F4xx_StdPeriph_Driver/src/stm32f4xx_adc.o
ADC_GetSoftwareStartInjectedConvCmdStatus         ./STM32F4xx_StdPeriph_Driver/src/stm32f4xx_adc.o
ADC_IRQHandler                                    ./STM32F4xx/Source/startup_stm32f4xx.o
ADC_ITConfig                                      ./STM32F4xx_StdPeriph_Driver/src/stm32f4xx_adc.o
ADC_Init                                          ./STM32F4xx_StdPeriph_Driver/src/stm32f4xx_adc.o
ADC_InjectedChannelConfig                         ./STM32F4xx_StdPeriph_Driver/src/stm32f4xx_adc.o
ADC_InjectedDiscModeCmd                           ./STM32F4xx_StdPeriph_Driver/src/stm32f4xx_adc.o
ADC_InjectedSequencerLengthConfig                 ./STM32F4xx_StdPeriph_Driver/src/stm32f4xx_adc.o
ADC_MultiModeDMARequestAfterLastTransferCmd       ./STM32F4xx_StdPeriph_Driver/src/stm32f4xx_adc.o
ADC_RegularChannelConfig                          ./STM32F4xx_StdPeriph_Driver/src/stm32f4xx_adc.o
ADC_SetInjectedOffset                             ./STM32F4xx_StdPeriph_Driver/src/stm32f4xx_adc.o
ADC_SoftwareStartConv                             ./STM32F4xx_StdPeriph_Driver/src/stm32f4xx_adc.o
ADC_SoftwareStartInjectedConv                     ./STM32F4xx_StdPeriph_Driver/src/stm32f4xx_adc.o
ADC_StructInit                                    ./STM32F4xx_StdPeriph_Driver/src/stm32f4xx_adc.o
ADC_TempSensorVrefintCmd                          ./STM32F4xx_StdPeriph_Driver/src/stm32f4xx_adc.o
ADC_VBATCmd                                       ./STM32F4xx_StdPeriph_Driver/src/stm32f4xx_adc.o
AHBPrescTable                                     ./src/system_stm32f4xx.o
BUTTON_CLK                                        ./Discovery/stm32f4_discovery.o
BUTTON_EXTI_LINE                                  ./Discovery/stm32f4_discovery.o
BUTTON_IRQn                                       ./Discovery/stm32f4_discovery.o
BUTTON_PIN                                        ./Discovery/stm32f4_discovery.o
BUTTON_PIN_SOURCE                                 ./Discovery/stm32f4_discovery.o
BUTTON_PORT                                       ./Discovery/stm32f4_discovery.o
BUTTON_PORT_SOURCE                                ./Discovery/stm32f4_discovery.o
BusFault_Handler                                  ./src/stm32f4xx_it.o
CAN1_RX0_IRQHandler                               ./STM32F4xx/Source/startup_stm32f4xx.o
CAN1_RX1_IRQHandler                               ./STM32F4xx/Source/startup_stm32f4xx.o
CAN1_SCE_IRQHandler                               ./STM32F4xx/Source/startup_stm32f4xx.o
CAN1_TX_IRQHandler                                ./STM32F4xx/Source/startup_stm32f4xx.o
CAN2_RX0_IRQHandler                               ./STM32F4xx/Source/startup_stm32f4xx.o
CAN2_RX1_IRQHandler                               ./STM32F4xx/Source/startup_stm32f4xx.o
CAN2_SCE_IRQHandler                               ./STM32F4xx/Source/startup_stm32f4xx.o
CAN2_TX_IRQHandler                                ./STM32F4xx/Source/startup_stm32f4xx.o
CAN_CancelTransmit                                ./STM32F4xx_StdPeriph_Driver/src/stm32f4xx_can.o
CAN_ClearFlag                                     ./STM32F4xx_StdPeriph_Driver/src/stm32f4xx_can.o
CAN_ClearITPendingBit                             ./STM32F4xx_StdPeriph_Driver/src/stm32f4xx_can.o
CAN_DBGFreeze                                     ./STM32F4xx_StdPeriph_Driver/src/stm32f4xx_can.o
CAN_DeInit                                        ./STM32F4xx_StdPeriph_Driver/src/stm32f4xx_can.o
CAN_FIFORelease                                   ./STM32F4xx_StdPeriph_Driver/src/stm32f4xx_can.o
CAN_FilterInit                                    ./STM32F4xx_StdPeriph_Driver/src/stm32f4xx_can.o
CAN_GetFlagStatus                                 ./STM32F4xx_StdPeriph_Driver/src/stm32f4xx_can.o
CAN_GetITStatus                                   ./STM32F4xx_StdPeriph_Driver/src/stm32f4xx_can.o
CAN_GetLSBTransmitErrorCounter                    ./STM32F4xx_StdPeriph_Driver/src/stm32f4xx_can.o
CAN_GetLastErrorCode                              ./STM32F4xx_StdPeriph_Driver/src/stm32f4xx_can.o
CAN_GetReceiveErrorCounter                        ./STM32F4xx_StdPeriph_Driver/src/stm32f4xx_can.o
CAN_ITConfig                                      ./STM32F4xx_StdPeriph_Driver/src/stm32f4xx_can.o
CAN_Init                                          ./STM32F4xx_StdPeriph_Driver/src/stm32f4xx_can.o
CAN_MessagePending                                ./STM32F4xx_StdPeriph_Driver/src/stm32f4xx_can.o
CAN_OperatingModeRequest                          ./STM32F4xx_StdPeriph_Driver/src/stm32f4xx_can.o
CAN_Receive                                       ./STM32F4xx_StdPeriph_Driver/src/stm32f4xx_can.o
CAN_SlaveStartBank                                ./STM32F4xx_StdPeriph_Driver/src/stm32f4xx_can.o
CAN_Sleep                                         ./STM32F4xx_StdPeriph_Driver/src/stm32f4xx_can.o
CAN_StructInit                                    ./STM32F4xx_StdPeriph_Driver/src/stm32f4xx_can.o
CAN_TTComModeCmd                                  ./STM32F4xx_StdPeriph_Driver/src/stm32f4xx_can.o
CAN_Transmit                                      ./STM32F4xx_StdPeriph_Driver/src/stm32f4xx_can.o
CAN_TransmitStatus                                ./STM32F4xx_StdPeriph_Driver/src/stm32f4xx_can.o
CAN_WakeUp                                        ./STM32F4xx_StdPeriph_Driver/src/stm32f4xx_can.o
CRC_CalcBlockCRC                                  ./STM32F4xx_StdPeriph_Driver/src/stm32f4xx_crc.o
CRC_CalcCRC                                       ./STM32F4xx_StdPeriph_Driver/src/stm32f4xx_crc.o
CRC_GetCRC                                        ./STM32F4xx_StdPeriph_Driver/src/stm32f4xx_crc.o
CRC_GetIDRegister                                 ./STM32F4xx_StdPeriph_Driver/src/stm32f4xx_crc.o
CRC_ResetDR                                       ./STM32F4xx_StdPeriph_Driver/src/stm32f4xx_crc.o
CRC_SetIDRegister                                 ./STM32F4xx_StdPeriph_Driver/src/stm32f4xx_crc.o
CRYP_AES_CBC                                      ./STM32F4xx_StdPeriph_Driver/src/stm32f4xx_cryp_aes.o
CRYP_AES_CTR                                      ./STM32F4xx_StdPeriph_Driver/src/stm32f4xx_cryp_aes.o
CRYP_AES_ECB                                      ./STM32F4xx_StdPeriph_Driver/src/stm32f4xx_cryp_aes.o
CRYP_Cmd                                          ./STM32F4xx_StdPeriph_Driver/src/stm32f4xx_cryp.o
                                                  ./STM32F4xx_StdPeriph_Driver/src/stm32f4xx_cryp_tdes.o
                                                  ./STM32F4xx_StdPeriph_Driver/src/stm32f4xx_cryp_des.o
                                                  ./STM32F4xx_StdPeriph_Driver/src/stm32f4xx_cryp_aes.o
CRYP_DES_CBC                                      ./STM32F4xx_StdPeriph_Driver/src/stm32f4xx_cryp_des.o
CRYP_DES_ECB                                      ./STM32F4xx_StdPeriph_Driver/src/stm32f4xx_cryp_des.o
CRYP_DMACmd                                       ./STM32F4xx_StdPeriph_Driver/src/stm32f4xx_cryp.o
CRYP_DataIn                                       ./STM32F4xx_StdPeriph_Driver/src/stm32f4xx_cryp.o
                                                  ./STM32F4xx_StdPeriph_Driver/src/stm32f4xx_cryp_tdes.o
                                                  ./STM32F4xx_StdPeriph_Driver/src/stm32f4xx_cryp_des.o
                                                  ./STM32F4xx_StdPeriph_Driver/src/stm32f4xx_cryp_aes.o
CRYP_DataOut                                      ./STM32F4xx_StdPeriph_Driver/src/stm32f4xx_cryp.o
                                                  ./STM32F4xx_StdPeriph_Driver/src/stm32f4xx_cryp_tdes.o
                                                  ./STM32F4xx_StdPeriph_Driver/src/stm32f4xx_cryp_des.o
                                                  ./STM32F4xx_StdPeriph_Driver/src/stm32f4xx_cryp_aes.o
CRYP_DeInit                                       ./STM32F4xx_StdPeriph_Driver/src/stm32f4xx_cryp.o
CRYP_FIFOFlush                                    ./STM32F4xx_StdPeriph_Driver/src/stm32f4xx_cryp.o
                                                  ./STM32F4xx_StdPeriph_Driver/src/stm32f4xx_cryp_tdes.o
                                                  ./STM32F4xx_StdPeriph_Driver/src/stm32f4xx_cryp_des.o
                                                  ./STM32F4xx_StdPeriph_Driver/src/stm32f4xx_cryp_aes.o
CRYP_GetFlagStatus                                ./STM32F4xx_StdPeriph_Driver/src/stm32f4xx_cryp.o
                                                  ./STM32F4xx_StdPeriph_Driver/src/stm32f4xx_cryp_tdes.o
                                                  ./STM32F4xx_StdPeriph_Driver/src/stm32f4xx_cryp_des.o
                                                  ./STM32F4xx_StdPeriph_Driver/src/stm32f4xx_cryp_aes.o
CRYP_GetITStatus                                  ./STM32F4xx_StdPeriph_Driver/src/stm32f4xx_cryp.o
CRYP_IRQHandler                                   ./STM32F4xx/Source/startup_stm32f4xx.o
CRYP_ITConfig                                     ./STM32F4xx_StdPeriph_Driver/src/stm32f4xx_cryp.o
CRYP_IVInit                                       ./STM32F4xx_StdPeriph_Driver/src/stm32f4xx_cryp.o
                                                  ./STM32F4xx_StdPeriph_Driver/src/stm32f4xx_cryp_tdes.o
                                                  ./STM32F4xx_StdPeriph_Driver/src/stm32f4xx_cryp_des.o
                                                  ./STM32F4xx_StdPeriph_Driver/src/stm32f4xx_cryp_aes.o
CRYP_IVStructInit                                 ./STM32F4xx_StdPeriph_Driver/src/stm32f4xx_cryp.o
CRYP_Init                                         ./STM32F4xx_StdPeriph_Driver/src/stm32f4xx_cryp.o
                                                  ./STM32F4xx_StdPeriph_Driver/src/stm32f4xx_cryp_tdes.o
                                                  ./STM32F4xx_StdPeriph_Driver/src/stm32f4xx_cryp_des.o
                                                  ./STM32F4xx_StdPeriph_Driver/src/stm32f4xx_cryp_aes.o
CRYP_KeyInit                                      ./STM32F4xx_StdPeriph_Driver/src/stm32f4xx_cryp.o
                                                  ./STM32F4xx_StdPeriph_Driver/src/stm32f4xx_cryp_tdes.o
                                                  ./STM32F4xx_StdPeriph_Driver/src/stm32f4xx_cryp_des.o
                                                  ./STM32F4xx_StdPeriph_Driver/src/stm32f4xx_cryp_aes.o
CRYP_KeyStructInit                                ./STM32F4xx_StdPeriph_Driver/src/stm32f4xx_cryp.o
                                                  ./STM32F4xx_StdPeriph_Driver/src/stm32f4xx_cryp_tdes.o
                                                  ./STM32F4xx_StdPeriph_Driver/src/stm32f4xx_cryp_des.o
                                                  ./STM32F4xx_StdPeriph_Driver/src/stm32f4xx_cryp_aes.o
CRYP_RestoreContext                               ./STM32F4xx_StdPeriph_Driver/src/stm32f4xx_cryp.o
CRYP_SaveContext                                  ./STM32F4xx_StdPeriph_Driver/src/stm32f4xx_cryp.o
CRYP_StructInit                                   ./STM32F4xx_StdPeriph_Driver/src/stm32f4xx_cryp.o
CRYP_TDES_CBC                                     ./STM32F4xx_StdPeriph_Driver/src/stm32f4xx_cryp_tdes.o
CRYP_TDES_ECB                                     ./STM32F4xx_StdPeriph_Driver/src/stm32f4xx_cryp_tdes.o
DAC_ClearFlag                                     ./STM32F4xx_StdPeriph_Driver/src/stm32f4xx_dac.o
DAC_ClearITPendingBit                             ./STM32F4xx_StdPeriph_Driver/src/stm32f4xx_dac.o
DAC_Cmd                                           ./STM32F4xx_StdPeriph_Driver/src/stm32f4xx_dac.o
DAC_DMACmd                                        ./STM32F4xx_StdPeriph_Driver/src/stm32f4xx_dac.o
DAC_DeInit                                        ./STM32F4xx_StdPeriph_Driver/src/stm32f4xx_dac.o
DAC_DualSoftwareTriggerCmd                        ./STM32F4xx_StdPeriph_Driver/src/stm32f4xx_dac.o
DAC_GetDataOutputValue                            ./STM32F4xx_StdPeriph_Driver/src/stm32f4xx_dac.o
DAC_GetFlagStatus                                 ./STM32F4xx_StdPeriph_Driver/src/stm32f4xx_dac.o
DAC_GetITStatus                                   ./STM32F4xx_StdPeriph_Driver/src/stm32f4xx_dac.o
DAC_ITConfig                                      ./STM32F4xx_StdPeriph_Driver/src/stm32f4xx_dac.o
DAC_Init                                          ./STM32F4xx_StdPeriph_Driver/src/stm32f4xx_dac.o
DAC_SetChannel1Data                               ./STM32F4xx_StdPeriph_Driver/src/stm32f4xx_dac.o
DAC_SetChannel2Data                               ./STM32F4xx_StdPeriph_Driver/src/stm32f4xx_dac.o
DAC_SetDualChannelData                            ./STM32F4xx_StdPeriph_Driver/src/stm32f4xx_dac.o
DAC_SoftwareTriggerCmd                            ./STM32F4xx_StdPeriph_Driver/src/stm32f4xx_dac.o
DAC_StructInit                                    ./STM32F4xx_StdPeriph_Driver/src/stm32f4xx_dac.o
DAC_WaveGenerationCmd                             ./STM32F4xx_StdPeriph_Driver/src/stm32f4xx_dac.o
DBGMCU_APB1PeriphConfig                           ./STM32F4xx_StdPeriph_Driver/src/stm32f4xx_dbgmcu.o
DBGMCU_APB2PeriphConfig                           ./STM32F4xx_StdPeriph_Driver/src/stm32f4xx_dbgmcu.o
DBGMCU_Config                                     ./STM32F4xx_StdPeriph_Driver/src/stm32f4xx_dbgmcu.o
DBGMCU_GetDEVID                                   ./STM32F4xx_StdPeriph_Driver/src/stm32f4xx_dbgmcu.o
DBGMCU_GetREVID                                   ./STM32F4xx_StdPeriph_Driver/src/stm32f4xx_dbgmcu.o
DCMI_CROPCmd                                      ./STM32F4xx_StdPeriph_Driver/src/stm32f4xx_dcmi.o
DCMI_CROPConfig                                   ./STM32F4xx_StdPeriph_Driver/src/stm32f4xx_dcmi.o
DCMI_CaptureCmd                                   ./STM32F4xx_StdPeriph_Driver/src/stm32f4xx_dcmi.o
DCMI_ClearFlag                                    ./STM32F4xx_StdPeriph_Driver/src/stm32f4xx_dcmi.o
DCMI_ClearITPendingBit                            ./STM32F4xx_StdPeriph_Driver/src/stm32f4xx_dcmi.o
DCMI_Cmd                                          ./STM32F4xx_StdPeriph_Driver/src/stm32f4xx_dcmi.o
DCMI_DeInit                                       ./STM32F4xx_StdPeriph_Driver/src/stm32f4xx_dcmi.o
DCMI_GetFlagStatus                                ./STM32F4xx_StdPeriph_Driver/src/stm32f4xx_dcmi.o
DCMI_GetITStatus                                  ./STM32F4xx_StdPeriph_Driver/src/stm32f4xx_dcmi.o
DCMI_IRQHandler                                   ./STM32F4xx/Source/startup_stm32f4xx.o
DCMI_ITConfig                                     ./STM32F4xx_StdPeriph_Driver/src/stm32f4xx_dcmi.o
DCMI_Init                                         ./STM32F4xx_StdPeriph_Driver/src/stm32f4xx_dcmi.o
DCMI_JPEGCmd                                      ./STM32F4xx_StdPeriph_Driver/src/stm32f4xx_dcmi.o
DCMI_ReadData                                     ./STM32F4xx_StdPeriph_Driver/src/stm32f4xx_dcmi.o
DCMI_SetEmbeddedSynchroCodes                      ./STM32F4xx_StdPeriph_Driver/src/stm32f4xx_dcmi.o
DCMI_StructInit                                   ./STM32F4xx_StdPeriph_Driver/src/stm32f4xx_dcmi.o
DMA1_Stream0_IRQHandler                           ./STM32F4xx/Source/startup_stm32f4xx.o
DMA1_Stream1_IRQHandler                           ./STM32F4xx/Source/startup_stm32f4xx.o
DMA1_Stream2_IRQHandler                           ./STM32F4xx/Source/startup_stm32f4xx.o
DMA1_Stream3_IRQHandler                           ./STM32F4xx/Source/startup_stm32f4xx.o
DMA1_Stream4_IRQHandler                           ./STM32F4xx/Source/startup_stm32f4xx.o
DMA1_Stream5_IRQHandler                           ./STM32F4xx/Source/startup_stm32f4xx.o
DMA1_Stream6_IRQHandler                           ./STM32F4xx/Source/startup_stm32f4xx.o
DMA1_Stream7_IRQHandler                           ./STM32F4xx/Source/startup_stm32f4xx.o
DMA2_Stream0_IRQHandler                           ./STM32F4xx/Source/startup_stm32f4xx.o
DMA2_Stream1_IRQHandler                           ./STM32F4xx/Source/startup_stm32f4xx.o
DMA2_Stream2_IRQHandler                           ./STM32F4xx/Source/startup_stm32f4xx.o
DMA2_Stream3_IRQHandler                           ./STM32F4xx/Source/startup_stm32f4xx.o
DMA2_Stream4_IRQHandler                           ./STM32F4xx/Source/startup_stm32f4xx.o
DMA2_Stream5_IRQHandler                           ./STM32F4xx/Source/startup_stm32f4xx.o
DMA2_Stream6_IRQHandler                           ./STM32F4xx/Source/startup_stm32f4xx.o
DMA2_Stream7_IRQHandler                           ./STM32F4xx/Source/startup_stm32f4xx.o
DMA_ClearFlag                                     ./STM32F4xx_StdPeriph_Driver/src/stm32f4xx_dma.o
DMA_ClearITPendingBit                             ./STM32F4xx_StdPeriph_Driver/src/stm32f4xx_dma.o
DMA_Cmd                                           ./STM32F4xx_StdPeriph_Driver/src/stm32f4xx_dma.o
DMA_DeInit                                        ./STM32F4xx_StdPeriph_Driver/src/stm32f4xx_dma.o
DMA_DoubleBufferModeCmd                           ./STM32F4xx_StdPeriph_Driver/src/stm32f4xx_dma.o
DMA_DoubleBufferModeConfig                        ./STM32F4xx_StdPeriph_Driver/src/stm32f4xx_dma.o
DMA_FlowControllerConfig                          ./STM32F4xx_StdPeriph_Driver/src/stm32f4xx_dma.o
DMA_GetCmdStatus                                  ./STM32F4xx_StdPeriph_Driver/src/stm32f4xx_dma.o
DMA_GetCurrDataCounter                            ./STM32F4xx_StdPeriph_Driver/src/stm32f4xx_dma.o
DMA_GetCurrentMemoryTarget                        ./STM32F4xx_StdPeriph_Driver/src/stm32f4xx_dma.o
DMA_GetFIFOStatus                                 ./STM32F4xx_StdPeriph_Driver/src/stm32f4xx_dma.o
DMA_GetFlagStatus                                 ./STM32F4xx_StdPeriph_Driver/src/stm32f4xx_dma.o
DMA_GetITStatus                                   ./STM32F4xx_StdPeriph_Driver/src/stm32f4xx_dma.o
DMA_ITConfig                                      ./STM32F4xx_StdPeriph_Driver/src/stm32f4xx_dma.o
DMA_Init                                          ./STM32F4xx_StdPeriph_Driver/src/stm32f4xx_dma.o
DMA_MemoryTargetConfig                            ./STM32F4xx_StdPeriph_Driver/src/stm32f4xx_dma.o
DMA_PeriphIncOffsetSizeConfig                     ./STM32F4xx_StdPeriph_Driver/src/stm32f4xx_dma.o
DMA_SetCurrDataCounter                            ./STM32F4xx_StdPeriph_Driver/src/stm32f4xx_dma.o
DMA_StructInit                                    ./STM32F4xx_StdPeriph_Driver/src/stm32f4xx_dma.o
DebugMon_Handler                                  ./src/stm32f4xx_it.o
Default_Handler                                   ./STM32F4xx/Source/startup_stm32f4xx.o
Delay                                             ./src/stm32f4xx_it.o
ETH_IRQHandler                                    ./STM32F4xx/Source/startup_stm32f4xx.o
ETH_WKUP_IRQHandler                               ./STM32F4xx/Source/startup_stm32f4xx.o
EXTI0_IRQHandler                                  ./src/stm32f4xx_it.o
EXTI15_10_IRQHandler                              ./STM32F4xx/Source/startup_stm32f4xx.o
EXTI1_IRQHandler                                  ./STM32F4xx/Source/startup_stm32f4xx.o
EXTI2_IRQHandler                                  ./STM32F4xx/Source/startup_stm32f4xx.o
EXTI3_IRQHandler                                  ./STM32F4xx/Source/startup_stm32f4xx.o
EXTI4_IRQHandler                                  ./STM32F4xx/Source/startup_stm32f4xx.o
EXTI9_5_IRQHandler                                ./STM32F4xx/Source/startup_stm32f4xx.o
EXTI_ClearFlag                                    ./STM32F4xx_StdPeriph_Driver/src/stm32f4xx_exti.o
EXTI_ClearITPendingBit                            ./STM32F4xx_StdPeriph_Driver/src/stm32f4xx_exti.o
                                                  ./src/stm32f4xx_it.o
EXTI_DeInit                                       ./STM32F4xx_StdPeriph_Driver/src/stm32f4xx_exti.o
EXTI_GenerateSWInterrupt                          ./STM32F4xx_StdPeriph_Driver/src/stm32f4xx_exti.o
EXTI_GetFlagStatus                                ./STM32F4xx_StdPeriph_Driver/src/stm32f4xx_exti.o
EXTI_GetITStatus                                  ./STM32F4xx_StdPeriph_Driver/src/stm32f4xx_exti.o
                                                  ./src/stm32f4xx_it.o
EXTI_Init                                         ./STM32F4xx_StdPeriph_Driver/src/stm32f4xx_exti.o
                                                  ./Discovery/stm32f4_discovery.o
EXTI_StructInit                                   ./STM32F4xx_StdPeriph_Driver/src/stm32f4xx_exti.o
FLASH_ClearFlag                                   ./STM32F4xx_StdPeriph_Driver/src/stm32f4xx_flash.o
FLASH_DataCacheCmd                                ./STM32F4xx_StdPeriph_Driver/src/stm32f4xx_flash.o
FLASH_DataCacheReset                              ./STM32F4xx_StdPeriph_Driver/src/stm32f4xx_flash.o
FLASH_EraseAllSectors                             ./STM32F4xx_StdPeriph_Driver/src/stm32f4xx_flash.o
FLASH_EraseSector                                 ./STM32F4xx_StdPeriph_Driver/src/stm32f4xx_flash.o
FLASH_GetFlagStatus                               ./STM32F4xx_StdPeriph_Driver/src/stm32f4xx_flash.o
FLASH_GetStatus                                   ./STM32F4xx_StdPeriph_Driver/src/stm32f4xx_flash.o
FLASH_IRQHandler                                  ./STM32F4xx/Source/startup_stm32f4xx.o
FLASH_ITConfig                                    ./STM32F4xx_StdPeriph_Driver/src/stm32f4xx_flash.o
FLASH_InstructionCacheCmd                         ./STM32F4xx_StdPeriph_Driver/src/stm32f4xx_flash.o
FLASH_InstructionCacheReset                       ./STM32F4xx_StdPeriph_Driver/src/stm32f4xx_flash.o
FLASH_Lock                                        ./STM32F4xx_StdPeriph_Driver/src/stm32f4xx_flash.o
FLASH_OB_BORConfig                                ./STM32F4xx_StdPeriph_Driver/src/stm32f4xx_flash.o
FLASH_OB_GetBOR                                   ./STM32F4xx_StdPeriph_Driver/src/stm32f4xx_flash.o
FLASH_OB_GetRDP                                   ./STM32F4xx_StdPeriph_Driver/src/stm32f4xx_flash.o
FLASH_OB_GetUser                                  ./STM32F4xx_StdPeriph_Driver/src/stm32f4xx_flash.o
FLASH_OB_GetWRP                                   ./STM32F4xx_StdPeriph_Driver/src/stm32f4xx_flash.o
FLASH_OB_Launch                                   ./STM32F4xx_StdPeriph_Driver/src/stm32f4xx_flash.o
FLASH_OB_Lock                                     ./STM32F4xx_StdPeriph_Driver/src/stm32f4xx_flash.o
FLASH_OB_RDPConfig                                ./STM32F4xx_StdPeriph_Driver/src/stm32f4xx_flash.o
FLASH_OB_Unlock                                   ./STM32F4xx_StdPeriph_Driver/src/stm32f4xx_flash.o
FLASH_OB_UserConfig                               ./STM32F4xx_StdPeriph_Driver/src/stm32f4xx_flash.o
FLASH_OB_WRPConfig                                ./STM32F4xx_StdPeriph_Driver/src/stm32f4xx_flash.o
FLASH_PrefetchBufferCmd                           ./STM32F4xx_StdPeriph_Driver/src/stm32f4xx_flash.o
FLASH_ProgramByte                                 ./STM32F4xx_StdPeriph_Driver/src/stm32f4xx_flash.o
FLASH_ProgramDoubleWord                           ./STM32F4xx_StdPeriph_Driver/src/stm32f4xx_flash.o
FLASH_ProgramHalfWord                             ./STM32F4xx_StdPeriph_Driver/src/stm32f4xx_flash.o
FLASH_ProgramWord                                 ./STM32F4xx_StdPeriph_Driver/src/stm32f4xx_flash.o
FLASH_SetLatency                                  ./STM32F4xx_StdPeriph_Driver/src/stm32f4xx_flash.o
FLASH_Unlock                                      ./STM32F4xx_StdPeriph_Driver/src/stm32f4xx_flash.o
FLASH_WaitForLastOperation                        ./STM32F4xx_StdPeriph_Driver/src/stm32f4xx_flash.o
FPU_IRQHandler                                    ./STM32F4xx/Source/startup_stm32f4xx.o
FSMC_ClearFlag                                    ./STM32F4xx_StdPeriph_Driver/src/stm32f4xx_fsmc.o
FSMC_ClearITPendingBit                            ./STM32F4xx_StdPeriph_Driver/src/stm32f4xx_fsmc.o
FSMC_GetECC                                       ./STM32F4xx_StdPeriph_Driver/src/stm32f4xx_fsmc.o
FSMC_GetFlagStatus                                ./STM32F4xx_StdPeriph_Driver/src/stm32f4xx_fsmc.o
FSMC_GetITStatus                                  ./STM32F4xx_StdPeriph_Driver/src/stm32f4xx_fsmc.o
FSMC_IRQHandler                                   ./STM32F4xx/Source/startup_stm32f4xx.o
FSMC_ITConfig                                     ./STM32F4xx_StdPeriph_Driver/src/stm32f4xx_fsmc.o
FSMC_NANDCmd                                      ./STM32F4xx_StdPeriph_Driver/src/stm32f4xx_fsmc.o
FSMC_NANDDeInit                                   ./STM32F4xx_StdPeriph_Driver/src/stm32f4xx_fsmc.o
FSMC_NANDECCCmd                                   ./STM32F4xx_StdPeriph_Driver/src/stm32f4xx_fsmc.o
FSMC_NANDInit                                     ./STM32F4xx_StdPeriph_Driver/src/stm32f4xx_fsmc.o
FSMC_NANDStructInit                               ./STM32F4xx_StdPeriph_Driver/src/stm32f4xx_fsmc.o
FSMC_NORSRAMCmd                                   ./STM32F4xx_StdPeriph_Driver/src/stm32f4xx_fsmc.o
FSMC_NORSRAMDeInit                                ./STM32F4xx_StdPeriph_Driver/src/stm32f4xx_fsmc.o
FSMC_NORSRAMInit                                  ./STM32F4xx_StdPeriph_Driver/src/stm32f4xx_fsmc.o
FSMC_NORSRAMStructInit                            ./STM32F4xx_StdPeriph_Driver/src/stm32f4xx_fsmc.o
FSMC_PCCARDCmd                                    ./STM32F4xx_StdPeriph_Driver/src/stm32f4xx_fsmc.o
FSMC_PCCARDDeInit                                 ./STM32F4xx_StdPeriph_Driver/src/stm32f4xx_fsmc.o
FSMC_PCCARDInit                                   ./STM32F4xx_StdPeriph_Driver/src/stm32f4xx_fsmc.o
FSMC_PCCARDStructInit                             ./STM32F4xx_StdPeriph_Driver/src/stm32f4xx_fsmc.o
GPIO_CLK                                          ./Discovery/stm32f4_discovery.o
GPIO_DeInit                                       ./STM32F4xx_StdPeriph_Driver/src/stm32f4xx_gpio.o
GPIO_Init                                         ./STM32F4xx_StdPeriph_Driver/src/stm32f4xx_gpio.o
                                                  ./Discovery/stm32f4_discovery.o
GPIO_PIN                                          ./Discovery/stm32f4_discovery.o
GPIO_PORT                                         ./Discovery/stm32f4_discovery.o
GPIO_PinAFConfig                                  ./STM32F4xx_StdPeriph_Driver/src/stm32f4xx_gpio.o
GPIO_PinLockConfig                                ./STM32F4xx_StdPeriph_Driver/src/stm32f4xx_gpio.o
GPIO_ReadInputData                                ./STM32F4xx_StdPeriph_Driver/src/stm32f4xx_gpio.o
GPIO_ReadInputDataBit                             ./STM32F4xx_StdPeriph_Driver/src/stm32f4xx_gpio.o
                                                  ./Discovery/stm32f4_discovery.o
GPIO_ReadOutputData                               ./STM32F4xx_StdPeriph_Driver/src/stm32f4xx_gpio.o
GPIO_ReadOutputDataBit                            ./STM32F4xx_StdPeriph_Driver/src/stm32f4xx_gpio.o
GPIO_ResetBits                                    ./STM32F4xx_StdPeriph_Driver/src/stm32f4xx_gpio.o
GPIO_SetBits                                      ./STM32F4xx_StdPeriph_Driver/src/stm32f4xx_gpio.o
GPIO_StructInit                                   ./STM32F4xx_StdPeriph_Driver/src/stm32f4xx_gpio.o
GPIO_ToggleBits                                   ./STM32F4xx_StdPeriph_Driver/src/stm32f4xx_gpio.o
GPIO_Write                                        ./STM32F4xx_StdPeriph_Driver/src/stm32f4xx_gpio.o
GPIO_WriteBit                                     ./STM32F4xx_StdPeriph_Driver/src/stm32f4xx_gpio.o
HASH_ClearFlag                                    ./STM32F4xx_StdPeriph_Driver/src/stm32f4xx_hash.o
HASH_ClearITPendingBit                            ./STM32F4xx_StdPeriph_Driver/src/stm32f4xx_hash.o
HASH_DMACmd                                       ./STM32F4xx_StdPeriph_Driver/src/stm32f4xx_hash.o
HASH_DataIn                                       ./STM32F4xx_StdPeriph_Driver/src/stm32f4xx_hash.o
                                                  ./STM32F4xx_StdPeriph_Driver/src/stm32f4xx_hash_sha1.o
                                                  ./STM32F4xx_StdPeriph_Driver/src/stm32f4xx_hash_md5.o
HASH_DeInit                                       ./STM32F4xx_StdPeriph_Driver/src/stm32f4xx_hash.o
                                                  ./STM32F4xx_StdPeriph_Driver/src/stm32f4xx_hash_sha1.o
                                                  ./STM32F4xx_StdPeriph_Driver/src/stm32f4xx_hash_md5.o
HASH_GetDigest                                    ./STM32F4xx_StdPeriph_Driver/src/stm32f4xx_hash.o
                                                  ./STM32F4xx_StdPeriph_Driver/src/stm32f4xx_hash_sha1.o
                                                  ./STM32F4xx_StdPeriph_Driver/src/stm32f4xx_hash_md5.o
HASH_GetFlagStatus                                ./STM32F4xx_StdPeriph_Driver/src/stm32f4xx_hash.o
                                                  ./STM32F4xx_StdPeriph_Driver/src/stm32f4xx_hash_sha1.o
                                                  ./STM32F4xx_StdPeriph_Driver/src/stm32f4xx_hash_md5.o
HASH_GetITStatus                                  ./STM32F4xx_StdPeriph_Driver/src/stm32f4xx_hash.o
HASH_GetInFIFOWordsNbr                            ./STM32F4xx_StdPeriph_Driver/src/stm32f4xx_hash.o
HASH_ITConfig                                     ./STM32F4xx_StdPeriph_Driver/src/stm32f4xx_hash.o
HASH_Init                                         ./STM32F4xx_StdPeriph_Driver/src/stm32f4xx_hash.o
                                                  ./STM32F4xx_StdPeriph_Driver/src/stm32f4xx_hash_sha1.o
                                                  ./STM32F4xx_StdPeriph_Driver/src/stm32f4xx_hash_md5.o
HASH_MD5                                          ./STM32F4xx_StdPeriph_Driver/src/stm32f4xx_hash_md5.o
HASH_RNG_IRQHandler                               ./STM32F4xx/Source/startup_stm32f4xx.o
HASH_Reset                                        ./STM32F4xx_StdPeriph_Driver/src/stm32f4xx_hash.o
HASH_RestoreContext                               ./STM32F4xx_StdPeriph_Driver/src/stm32f4xx_hash.o
HASH_SHA1                                         ./STM32F4xx_StdPeriph_Driver/src/stm32f4xx_hash_sha1.o
HASH_SaveContext                                  ./STM32F4xx_StdPeriph_Driver/src/stm32f4xx_hash.o
HASH_SetLastWordValidBitsNbr                      ./STM32F4xx_StdPeriph_Driver/src/stm32f4xx_hash.o
                                                  ./STM32F4xx_StdPeriph_Driver/src/stm32f4xx_hash_sha1.o
                                                  ./STM32F4xx_StdPeriph_Driver/src/stm32f4xx_hash_md5.o
HASH_StartDigest                                  ./STM32F4xx_StdPeriph_Driver/src/stm32f4xx_hash.o
                                                  ./STM32F4xx_StdPeriph_Driver/src/stm32f4xx_hash_sha1.o
                                                  ./STM32F4xx_StdPeriph_Driver/src/stm32f4xx_hash_md5.o
HASH_StructInit                                   ./STM32F4xx_StdPeriph_Driver/src/stm32f4xx_hash.o
HMAC_MD5                                          ./STM32F4xx_StdPeriph_Driver/src/stm32f4xx_hash_md5.o
HMAC_SHA1                                         ./STM32F4xx_StdPeriph_Driver/src/stm32f4xx_hash_sha1.o
HardFault_Handler                                 ./src/stm32f4xx_it.o
I2C1_ER_IRQHandler                                ./STM32F4xx/Source/startup_stm32f4xx.o
I2C1_EV_IRQHandler                                ./STM32F4xx/Source/startup_stm32f4xx.o
I2C2_ER_IRQHandler                                ./STM32F4xx/Source/startup_stm32f4xx.o
I2C2_EV_IRQHandler                                ./STM32F4xx/Source/startup_stm32f4xx.o
I2C3_ER_IRQHandler                                ./STM32F4xx/Source/startup_stm32f4xx.o
I2C3_EV_IRQHandler                                ./STM32F4xx/Source/startup_stm32f4xx.o
I2C_ARPCmd                                        ./STM32F4xx_StdPeriph_Driver/src/stm32f4xx_i2c.o
I2C_AcknowledgeConfig                             ./STM32F4xx_StdPeriph_Driver/src/stm32f4xx_i2c.o
I2C_CalculatePEC                                  ./STM32F4xx_StdPeriph_Driver/src/stm32f4xx_i2c.o
I2C_CheckEvent                                    ./STM32F4xx_StdPeriph_Driver/src/stm32f4xx_i2c.o
I2C_ClearFlag                                     ./STM32F4xx_StdPeriph_Driver/src/stm32f4xx_i2c.o
I2C_ClearITPendingBit                             ./STM32F4xx_StdPeriph_Driver/src/stm32f4xx_i2c.o
I2C_Cmd                                           ./STM32F4xx_StdPeriph_Driver/src/stm32f4xx_i2c.o
I2C_DMACmd                                        ./STM32F4xx_StdPeriph_Driver/src/stm32f4xx_i2c.o
I2C_DMALastTransferCmd                            ./STM32F4xx_StdPeriph_Driver/src/stm32f4xx_i2c.o
I2C_DeInit                                        ./STM32F4xx_StdPeriph_Driver/src/stm32f4xx_i2c.o
I2C_DualAddressCmd                                ./STM32F4xx_StdPeriph_Driver/src/stm32f4xx_i2c.o
I2C_FastModeDutyCycleConfig                       ./STM32F4xx_StdPeriph_Driver/src/stm32f4xx_i2c.o
I2C_GeneralCallCmd                                ./STM32F4xx_StdPeriph_Driver/src/stm32f4xx_i2c.o
I2C_GenerateSTART                                 ./STM32F4xx_StdPeriph_Driver/src/stm32f4xx_i2c.o
I2C_GenerateSTOP                                  ./STM32F4xx_StdPeriph_Driver/src/stm32f4xx_i2c.o
I2C_GetFlagStatus                                 ./STM32F4xx_StdPeriph_Driver/src/stm32f4xx_i2c.o
I2C_GetITStatus                                   ./STM32F4xx_StdPeriph_Driver/src/stm32f4xx_i2c.o
I2C_GetLastEvent                                  ./STM32F4xx_StdPeriph_Driver/src/stm32f4xx_i2c.o
I2C_GetPEC                                        ./STM32F4xx_StdPeriph_Driver/src/stm32f4xx_i2c.o
I2C_ITConfig                                      ./STM32F4xx_StdPeriph_Driver/src/stm32f4xx_i2c.o
I2C_Init                                          ./STM32F4xx_StdPeriph_Driver/src/stm32f4xx_i2c.o
I2C_NACKPositionConfig                            ./STM32F4xx_StdPeriph_Driver/src/stm32f4xx_i2c.o
I2C_OwnAddress2Config                             ./STM32F4xx_StdPeriph_Driver/src/stm32f4xx_i2c.o
I2C_PECPositionConfig                             ./STM32F4xx_StdPeriph_Driver/src/stm32f4xx_i2c.o
I2C_ReadRegister                                  ./STM32F4xx_StdPeriph_Driver/src/stm32f4xx_i2c.o
I2C_ReceiveData                                   ./STM32F4xx_StdPeriph_Driver/src/stm32f4xx_i2c.o
I2C_SMBusAlertConfig                              ./STM32F4xx_StdPeriph_Driver/src/stm32f4xx_i2c.o
I2C_Send7bitAddress                               ./STM32F4xx_StdPeriph_Driver/src/stm32f4xx_i2c.o
I2C_SendData                                      ./STM32F4xx_StdPeriph_Driver/src/stm32f4xx_i2c.o
I2C_SoftwareResetCmd                              ./STM32F4xx_StdPeriph_Driver/src/stm32f4xx_i2c.o
I2C_StretchClockCmd                               ./STM32F4xx_StdPeriph_Driver/src/stm32f4xx_i2c.o
I2C_StructInit                                    ./STM32F4xx_StdPeriph_Driver/src/stm32f4xx_i2c.o
I2C_TransmitPEC                                   ./STM32F4xx_StdPeriph_Driver/src/stm32f4xx_i2c.o
I2S_Cmd                                           ./STM32F4xx_StdPeriph_Driver/src/stm32f4xx_spi.o
I2S_FullDuplexConfig                              ./STM32F4xx_StdPeriph_Driver/src/stm32f4xx_spi.o
I2S_Init                                          ./STM32F4xx_StdPeriph_Driver/src/stm32f4xx_spi.o
I2S_StructInit                                    ./STM32F4xx_StdPeriph_Driver/src/stm32f4xx_spi.o
IWDG_Enable                                       ./STM32F4xx_StdPeriph_Driver/src/stm32f4xx_iwdg.o
IWDG_GetFlagStatus                                ./STM32F4xx_StdPeriph_Driver/src/stm32f4xx_iwdg.o
IWDG_ReloadCounter                                ./STM32F4xx_StdPeriph_Driver/src/stm32f4xx_iwdg.o
IWDG_SetPrescaler                                 ./STM32F4xx_StdPeriph_Driver/src/stm32f4xx_iwdg.o
IWDG_SetReload                                    ./STM32F4xx_StdPeriph_Driver/src/stm32f4xx_iwdg.o
IWDG_WriteAccessCmd                               ./STM32F4xx_StdPeriph_Driver/src/stm32f4xx_iwdg.o
MemManage_Handler                                 ./src/stm32f4xx_it.o
NMI_Handler                                       ./src/stm32f4xx_it.o
NVIC_Init                                         ./STM32F4xx_StdPeriph_Driver/src/misc.o
                                                  ./Discovery/stm32f4_discovery.o
NVIC_InitStructure                                ./Discovery/stm32f4_discovery.o
NVIC_PriorityGroupConfig                          ./STM32F4xx_StdPeriph_Driver/src/misc.o
NVIC_SetVectorTable                               ./STM32F4xx_StdPeriph_Driver/src/misc.o
NVIC_SystemLPConfig                               ./STM32F4xx_StdPeriph_Driver/src/misc.o
OTG_FS_IRQHandler                                 ./STM32F4xx/Source/startup_stm32f4xx.o
OTG_FS_WKUP_IRQHandler                            ./STM32F4xx/Source/startup_stm32f4xx.o
OTG_HS_EP1_IN_IRQHandler                          ./STM32F4xx/Source/startup_stm32f4xx.o
OTG_HS_EP1_OUT_IRQHandler                         ./STM32F4xx/Source/startup_stm32f4xx.o
OTG_HS_IRQHandler                                 ./STM32F4xx/Source/startup_stm32f4xx.o
OTG_HS_WKUP_IRQHandler                            ./STM32F4xx/Source/startup_stm32f4xx.o
PVD_IRQHandler                                    ./STM32F4xx/Source/startup_stm32f4xx.o
PWR_BackupAccessCmd                               ./STM32F4xx_StdPeriph_Driver/src/stm32f4xx_pwr.o
PWR_BackupRegulatorCmd                            ./STM32F4xx_StdPeriph_Driver/src/stm32f4xx_pwr.o
PWR_ClearFlag                                     ./STM32F4xx_StdPeriph_Driver/src/stm32f4xx_pwr.o
PWR_DeInit                                        ./STM32F4xx_StdPeriph_Driver/src/stm32f4xx_pwr.o
PWR_EnterSTANDBYMode                              ./STM32F4xx_StdPeriph_Driver/src/stm32f4xx_pwr.o
PWR_EnterSTOPMode                                 ./STM32F4xx_StdPeriph_Driver/src/stm32f4xx_pwr.o
PWR_FlashPowerDownCmd                             ./STM32F4xx_StdPeriph_Driver/src/stm32f4xx_pwr.o
PWR_GetFlagStatus                                 ./STM32F4xx_StdPeriph_Driver/src/stm32f4xx_pwr.o
PWR_MainRegulatorModeConfig                       ./STM32F4xx_StdPeriph_Driver/src/stm32f4xx_pwr.o
PWR_PVDCmd                                        ./STM32F4xx_StdPeriph_Driver/src/stm32f4xx_pwr.o
PWR_PVDLevelConfig                                ./STM32F4xx_StdPeriph_Driver/src/stm32f4xx_pwr.o
PWR_WakeUpPinCmd                                  ./STM32F4xx_StdPeriph_Driver/src/stm32f4xx_pwr.o
PendSV_Handler                                    ./src/stm32f4xx_it.o
RCC_AHB1PeriphClockCmd                            ./STM32F4xx_StdPeriph_Driver/src/stm32f4xx_rcc.o
                                                  ./Discovery/stm32f4_discovery.o
RCC_AHB1PeriphClockLPModeCmd                      ./STM32F4xx_StdPeriph_Driver/src/stm32f4xx_rcc.o
RCC_AHB1PeriphResetCmd                            ./STM32F4xx_StdPeriph_Driver/src/stm32f4xx_rcc.o
                                                  ./STM32F4xx_StdPeriph_Driver/src/stm32f4xx_gpio.o
RCC_AHB2PeriphClockCmd                            ./STM32F4xx_StdPeriph_Driver/src/stm32f4xx_rcc.o
RCC_AHB2PeriphClockLPModeCmd                      ./STM32F4xx_StdPeriph_Driver/src/stm32f4xx_rcc.o
RCC_AHB2PeriphResetCmd                            ./STM32F4xx_StdPeriph_Driver/src/stm32f4xx_rcc.o
                                                  ./STM32F4xx_StdPeriph_Driver/src/stm32f4xx_rng.o
                                                  ./STM32F4xx_StdPeriph_Driver/src/stm32f4xx_hash.o
                                                  ./STM32F4xx_StdPeriph_Driver/src/stm32f4xx_cryp.o
RCC_AHB3PeriphClockCmd                            ./STM32F4xx_StdPeriph_Driver/src/stm32f4xx_rcc.o
RCC_AHB3PeriphClockLPModeCmd                      ./STM32F4xx_StdPeriph_Driver/src/stm32f4xx_rcc.o
RCC_AHB3PeriphResetCmd                            ./STM32F4xx_StdPeriph_Driver/src/stm32f4xx_rcc.o
RCC_APB1PeriphClockCmd                            ./STM32F4xx_StdPeriph_Driver/src/stm32f4xx_rcc.o
RCC_APB1PeriphClockLPModeCmd                      ./STM32F4xx_StdPeriph_Driver/src/stm32f4xx_rcc.o
RCC_APB1PeriphResetCmd                            ./STM32F4xx_StdPeriph_Driver/src/stm32f4xx_rcc.o
                                                  ./STM32F4xx_StdPeriph_Driver/src/stm32f4xx_wwdg.o
                                                  ./STM32F4xx_StdPeriph_Driver/src/stm32f4xx_usart.o
                                                  ./STM32F4xx_StdPeriph_Driver/src/stm32f4xx_tim.o
                                                  ./STM32F4xx_StdPeriph_Driver/src/stm32f4xx_spi.o
                                                  ./STM32F4xx_StdPeriph_Driver/src/stm32f4xx_pwr.o
                                                  ./STM32F4xx_StdPeriph_Driver/src/stm32f4xx_i2c.o
                                                  ./STM32F4xx_StdPeriph_Driver/src/stm32f4xx_dac.o
                                                  ./STM32F4xx_StdPeriph_Driver/src/stm32f4xx_can.o
RCC_APB2PeriphClockCmd                            ./STM32F4xx_StdPeriph_Driver/src/stm32f4xx_rcc.o
                                                  ./Discovery/stm32f4_discovery.o
RCC_APB2PeriphClockLPModeCmd                      ./STM32F4xx_StdPeriph_Driver/src/stm32f4xx_rcc.o
RCC_APB2PeriphResetCmd                            ./STM32F4xx_StdPeriph_Driver/src/stm32f4xx_rcc.o
                                                  ./STM32F4xx_StdPeriph_Driver/src/stm32f4xx_usart.o
                                                  ./STM32F4xx_StdPeriph_Driver/src/stm32f4xx_tim.o
                                                  ./STM32F4xx_StdPeriph_Driver/src/stm32f4xx_syscfg.o
                                                  ./STM32F4xx_StdPeriph_Driver/src/stm32f4xx_spi.o
                                                  ./STM32F4xx_StdPeriph_Driver/src/stm32f4xx_sdio.o
                                                  ./STM32F4xx_StdPeriph_Driver/src/stm32f4xx_adc.o
RCC_AdjustHSICalibrationValue                     ./STM32F4xx_StdPeriph_Driver/src/stm32f4xx_rcc.o
RCC_BackupResetCmd                                ./STM32F4xx_StdPeriph_Driver/src/stm32f4xx_rcc.o
RCC_ClearFlag                                     ./STM32F4xx_StdPeriph_Driver/src/stm32f4xx_rcc.o
RCC_ClearITPendingBit                             ./STM32F4xx_StdPeriph_Driver/src/stm32f4xx_rcc.o
RCC_ClockSecuritySystemCmd                        ./STM32F4xx_StdPeriph_Driver/src/stm32f4xx_rcc.o
RCC_DeInit                                        ./STM32F4xx_StdPeriph_Driver/src/stm32f4xx_rcc.o
RCC_GetClocksFreq                                 ./STM32F4xx_StdPeriph_Driver/src/stm32f4xx_rcc.o
                                                  ./STM32F4xx_StdPeriph_Driver/src/stm32f4xx_usart.o
                                                  ./STM32F4xx_StdPeriph_Driver/src/stm32f4xx_i2c.o
RCC_GetFlagStatus                                 ./STM32F4xx_StdPeriph_Driver/src/stm32f4xx_rcc.o
RCC_GetITStatus                                   ./STM32F4xx_StdPeriph_Driver/src/stm32f4xx_rcc.o
RCC_GetSYSCLKSource                               ./STM32F4xx_StdPeriph_Driver/src/stm32f4xx_rcc.o
RCC_HCLKConfig                                    ./STM32F4xx_StdPeriph_Driver/src/stm32f4xx_rcc.o
RCC_HSEConfig                                     ./STM32F4xx_StdPeriph_Driver/src/stm32f4xx_rcc.o
RCC_HSICmd                                        ./STM32F4xx_StdPeriph_Driver/src/stm32f4xx_rcc.o
RCC_I2SCLKConfig                                  ./STM32F4xx_StdPeriph_Driver/src/stm32f4xx_rcc.o
RCC_IRQHandler                                    ./STM32F4xx/Source/startup_stm32f4xx.o
RCC_ITConfig                                      ./STM32F4xx_StdPeriph_Driver/src/stm32f4xx_rcc.o
RCC_LSEConfig                                     ./STM32F4xx_StdPeriph_Driver/src/stm32f4xx_rcc.o
RCC_LSICmd                                        ./STM32F4xx_StdPeriph_Driver/src/stm32f4xx_rcc.o
RCC_MCO1Config                                    ./STM32F4xx_StdPeriph_Driver/src/stm32f4xx_rcc.o
RCC_MCO2Config                                    ./STM32F4xx_StdPeriph_Driver/src/stm32f4xx_rcc.o
RCC_PCLK1Config                                   ./STM32F4xx_StdPeriph_Driver/src/stm32f4xx_rcc.o
RCC_PCLK2Config                                   ./STM32F4xx_StdPeriph_Driver/src/stm32f4xx_rcc.o
RCC_PLLCmd                                        ./STM32F4xx_StdPeriph_Driver/src/stm32f4xx_rcc.o
RCC_PLLConfig                                     ./STM32F4xx_StdPeriph_Driver/src/stm32f4xx_rcc.o
RCC_PLLI2SCmd                                     ./STM32F4xx_StdPeriph_Driver/src/stm32f4xx_rcc.o
RCC_PLLI2SConfig                                  ./STM32F4xx_StdPeriph_Driver/src/stm32f4xx_rcc.o
RCC_RTCCLKCmd                                     ./STM32F4xx_StdPeriph_Driver/src/stm32f4xx_rcc.o
RCC_RTCCLKConfig                                  ./STM32F4xx_StdPeriph_Driver/src/stm32f4xx_rcc.o
RCC_SYSCLKConfig                                  ./STM32F4xx_StdPeriph_Driver/src/stm32f4xx_rcc.o
RCC_WaitForHSEStartUp                             ./STM32F4xx_StdPeriph_Driver/src/stm32f4xx_rcc.o
RNG_ClearFlag                                     ./STM32F4xx_StdPeriph_Driver/src/stm32f4xx_rng.o
RNG_ClearITPendingBit                             ./STM32F4xx_StdPeriph_Driver/src/stm32f4xx_rng.o
RNG_Cmd                                           ./STM32F4xx_StdPeriph_Driver/src/stm32f4xx_rng.o
RNG_DeInit                                        ./STM32F4xx_StdPeriph_Driver/src/stm32f4xx_rng.o
RNG_GetFlagStatus                                 ./STM32F4xx_StdPeriph_Driver/src/stm32f4xx_rng.o
RNG_GetITStatus                                   ./STM32F4xx_StdPeriph_Driver/src/stm32f4xx_rng.o
RNG_GetRandomNumber                               ./STM32F4xx_StdPeriph_Driver/src/stm32f4xx_rng.o
RNG_ITConfig                                      ./STM32F4xx_StdPeriph_Driver/src/stm32f4xx_rng.o
RTC_AlarmCmd                                      ./STM32F4xx_StdPeriph_Driver/src/stm32f4xx_rtc.o
RTC_AlarmStructInit                               ./STM32F4xx_StdPeriph_Driver/src/stm32f4xx_rtc.o
RTC_AlarmSubSecondConfig                          ./STM32F4xx_StdPeriph_Driver/src/stm32f4xx_rtc.o
RTC_Alarm_IRQHandler                              ./STM32F4xx/Source/startup_stm32f4xx.o
RTC_BypassShadowCmd                               ./STM32F4xx_StdPeriph_Driver/src/stm32f4xx_rtc.o
RTC_CalibOutputCmd                                ./STM32F4xx_StdPeriph_Driver/src/stm32f4xx_rtc.o
RTC_CalibOutputConfig                             ./STM32F4xx_StdPeriph_Driver/src/stm32f4xx_rtc.o
RTC_ClearFlag                                     ./STM32F4xx_StdPeriph_Driver/src/stm32f4xx_rtc.o
RTC_ClearITPendingBit                             ./STM32F4xx_StdPeriph_Driver/src/stm32f4xx_rtc.o
RTC_CoarseCalibCmd                                ./STM32F4xx_StdPeriph_Driver/src/stm32f4xx_rtc.o
RTC_CoarseCalibConfig                             ./STM32F4xx_StdPeriph_Driver/src/stm32f4xx_rtc.o
RTC_DateStructInit                                ./STM32F4xx_StdPeriph_Driver/src/stm32f4xx_rtc.o
RTC_DayLightSavingConfig                          ./STM32F4xx_StdPeriph_Driver/src/stm32f4xx_rtc.o
RTC_DeInit                                        ./STM32F4xx_StdPeriph_Driver/src/stm32f4xx_rtc.o
RTC_EnterInitMode                                 ./STM32F4xx_StdPeriph_Driver/src/stm32f4xx_rtc.o
RTC_ExitInitMode                                  ./STM32F4xx_StdPeriph_Driver/src/stm32f4xx_rtc.o
RTC_GetAlarm                                      ./STM32F4xx_StdPeriph_Driver/src/stm32f4xx_rtc.o
RTC_GetAlarmSubSecond                             ./STM32F4xx_StdPeriph_Driver/src/stm32f4xx_rtc.o
RTC_GetDate                                       ./STM32F4xx_StdPeriph_Driver/src/stm32f4xx_rtc.o
RTC_GetFlagStatus                                 ./STM32F4xx_StdPeriph_Driver/src/stm32f4xx_rtc.o
RTC_GetITStatus                                   ./STM32F4xx_StdPeriph_Driver/src/stm32f4xx_rtc.o
RTC_GetStoreOperation                             ./STM32F4xx_StdPeriph_Driver/src/stm32f4xx_rtc.o
RTC_GetSubSecond                                  ./STM32F4xx_StdPeriph_Driver/src/stm32f4xx_rtc.o
RTC_GetTime                                       ./STM32F4xx_StdPeriph_Driver/src/stm32f4xx_rtc.o
RTC_GetTimeStamp                                  ./STM32F4xx_StdPeriph_Driver/src/stm32f4xx_rtc.o
RTC_GetTimeStampSubSecond                         ./STM32F4xx_StdPeriph_Driver/src/stm32f4xx_rtc.o
RTC_GetWakeUpCounter                              ./STM32F4xx_StdPeriph_Driver/src/stm32f4xx_rtc.o
RTC_ITConfig                                      ./STM32F4xx_StdPeriph_Driver/src/stm32f4xx_rtc.o
RTC_Init                                          ./STM32F4xx_StdPeriph_Driver/src/stm32f4xx_rtc.o
RTC_OutputConfig                                  ./STM32F4xx_StdPeriph_Driver/src/stm32f4xx_rtc.o
RTC_OutputTypeConfig                              ./STM32F4xx_StdPeriph_Driver/src/stm32f4xx_rtc.o
RTC_ReadBackupRegister                            ./STM32F4xx_StdPeriph_Driver/src/stm32f4xx_rtc.o
RTC_RefClockCmd                                   ./STM32F4xx_StdPeriph_Driver/src/stm32f4xx_rtc.o
RTC_SetAlarm                                      ./STM32F4xx_StdPeriph_Driver/src/stm32f4xx_rtc.o
RTC_SetDate                                       ./STM32F4xx_StdPeriph_Driver/src/stm32f4xx_rtc.o
RTC_SetTime                                       ./STM32F4xx_StdPeriph_Driver/src/stm32f4xx_rtc.o
RTC_SetWakeUpCounter                              ./STM32F4xx_StdPeriph_Driver/src/stm32f4xx_rtc.o
RTC_SmoothCalibConfig                             ./STM32F4xx_StdPeriph_Driver/src/stm32f4xx_rtc.o
RTC_StructInit                                    ./STM32F4xx_StdPeriph_Driver/src/stm32f4xx_rtc.o
RTC_SynchroShiftConfig                            ./STM32F4xx_StdPeriph_Driver/src/stm32f4xx_rtc.o
RTC_TamperCmd                                     ./STM32F4xx_StdPeriph_Driver/src/stm32f4xx_rtc.o
RTC_TamperFilterConfig                            ./STM32F4xx_StdPeriph_Driver/src/stm32f4xx_rtc.o
RTC_TamperPinSelection                            ./STM32F4xx_StdPeriph_Driver/src/stm32f4xx_rtc.o
RTC_TamperPinsPrechargeDuration                   ./STM32F4xx_StdPeriph_Driver/src/stm32f4xx_rtc.o
RTC_TamperPullUpCmd                               ./STM32F4xx_StdPeriph_Driver/src/stm32f4xx_rtc.o
RTC_TamperSamplingFreqConfig                      ./STM32F4xx_StdPeriph_Driver/src/stm32f4xx_rtc.o
RTC_TamperTriggerConfig                           ./STM32F4xx_StdPeriph_Driver/src/stm32f4xx_rtc.o
RTC_TimeStampCmd                                  ./STM32F4xx_StdPeriph_Driver/src/stm32f4xx_rtc.o
RTC_TimeStampOnTamperDetectionCmd                 ./STM32F4xx_StdPeriph_Driver/src/stm32f4xx_rtc.o
RTC_TimeStampPinSelection                         ./STM32F4xx_StdPeriph_Driver/src/stm32f4xx_rtc.o
RTC_TimeStructInit                                ./STM32F4xx_StdPeriph_Driver/src/stm32f4xx_rtc.o
RTC_WKUP_IRQHandler                               ./STM32F4xx/Source/startup_stm32f4xx.o
RTC_WaitForSynchro                                ./STM32F4xx_StdPeriph_Driver/src/stm32f4xx_rtc.o
RTC_WakeUpClockConfig                             ./STM32F4xx_StdPeriph_Driver/src/stm32f4xx_rtc.o
RTC_WakeUpCmd                                     ./STM32F4xx_StdPeriph_Driver/src/stm32f4xx_rtc.o
RTC_WriteBackupRegister                           ./STM32F4xx_StdPeriph_Driver/src/stm32f4xx_rtc.o
RTC_WriteProtectionCmd                            ./STM32F4xx_StdPeriph_Driver/src/stm32f4xx_rtc.o
Reset_Handler                                     ./STM32F4xx/Source/startup_stm32f4xx.o
SDIO_CEATAITCmd                                   ./STM32F4xx_StdPeriph_Driver/src/stm32f4xx_sdio.o
SDIO_ClearFlag                                    ./STM32F4xx_StdPeriph_Driver/src/stm32f4xx_sdio.o
SDIO_ClearITPendingBit                            ./STM32F4xx_StdPeriph_Driver/src/stm32f4xx_sdio.o
SDIO_ClockCmd                                     ./STM32F4xx_StdPeriph_Driver/src/stm32f4xx_sdio.o
SDIO_CmdStructInit                                ./STM32F4xx_StdPeriph_Driver/src/stm32f4xx_sdio.o
SDIO_CommandCompletionCmd                         ./STM32F4xx_StdPeriph_Driver/src/stm32f4xx_sdio.o
SDIO_DMACmd                                       ./STM32F4xx_StdPeriph_Driver/src/stm32f4xx_sdio.o
SDIO_DataConfig                                   ./STM32F4xx_StdPeriph_Driver/src/stm32f4xx_sdio.o
SDIO_DataStructInit                               ./STM32F4xx_StdPeriph_Driver/src/stm32f4xx_sdio.o
SDIO_DeInit                                       ./STM32F4xx_StdPeriph_Driver/src/stm32f4xx_sdio.o
SDIO_GetCommandResponse                           ./STM32F4xx_StdPeriph_Driver/src/stm32f4xx_sdio.o
SDIO_GetDataCounter                               ./STM32F4xx_StdPeriph_Driver/src/stm32f4xx_sdio.o
SDIO_GetFIFOCount                                 ./STM32F4xx_StdPeriph_Driver/src/stm32f4xx_sdio.o
SDIO_GetFlagStatus                                ./STM32F4xx_StdPeriph_Driver/src/stm32f4xx_sdio.o
SDIO_GetITStatus                                  ./STM32F4xx_StdPeriph_Driver/src/stm32f4xx_sdio.o
SDIO_GetPowerState                                ./STM32F4xx_StdPeriph_Driver/src/stm32f4xx_sdio.o
SDIO_GetResponse                                  ./STM32F4xx_StdPeriph_Driver/src/stm32f4xx_sdio.o
SDIO_IRQHandler                                   ./STM32F4xx/Source/startup_stm32f4xx.o
SDIO_ITConfig                                     ./STM32F4xx_StdPeriph_Driver/src/stm32f4xx_sdio.o
SDIO_Init                                         ./STM32F4xx_StdPeriph_Driver/src/stm32f4xx_sdio.o
SDIO_ReadData                                     ./STM32F4xx_StdPeriph_Driver/src/stm32f4xx_sdio.o
SDIO_SendCEATACmd                                 ./STM32F4xx_StdPeriph_Driver/src/stm32f4xx_sdio.o
SDIO_SendCommand                                  ./STM32F4xx_StdPeriph_Driver/src/stm32f4xx_sdio.o
SDIO_SendSDIOSuspendCmd                           ./STM32F4xx_StdPeriph_Driver/src/stm32f4xx_sdio.o
SDIO_SetPowerState                                ./STM32F4xx_StdPeriph_Driver/src/stm32f4xx_sdio.o
SDIO_SetSDIOOperation                             ./STM32F4xx_StdPeriph_Driver/src/stm32f4xx_sdio.o
SDIO_SetSDIOReadWaitMode                          ./STM32F4xx_StdPeriph_Driver/src/stm32f4xx_sdio.o
SDIO_StartSDIOReadWait                            ./STM32F4xx_StdPeriph_Driver/src/stm32f4xx_sdio.o
SDIO_StopSDIOReadWait                             ./STM32F4xx_StdPeriph_Driver/src/stm32f4xx_sdio.o
SDIO_StructInit                                   ./STM32F4xx_StdPeriph_Driver/src/stm32f4xx_sdio.o
SDIO_WriteData                                    ./STM32F4xx_StdPeriph_Driver/src/stm32f4xx_sdio.o
SPI1_IRQHandler                                   ./STM32F4xx/Source/startup_stm32f4xx.o
SPI2_IRQHandler                                   ./STM32F4xx/Source/startup_stm32f4xx.o
SPI3_IRQHandler                                   ./STM32F4xx/Source/startup_stm32f4xx.o
SPI_BiDirectionalLineConfig                       ./STM32F4xx_StdPeriph_Driver/src/stm32f4xx_spi.o
SPI_CalculateCRC                                  ./STM32F4xx_StdPeriph_Driver/src/stm32f4xx_spi.o
SPI_Cmd                                           ./STM32F4xx_StdPeriph_Driver/src/stm32f4xx_spi.o
SPI_DataSizeConfig                                ./STM32F4xx_StdPeriph_Driver/src/stm32f4xx_spi.o
SPI_GetCRC                                        ./STM32F4xx_StdPeriph_Driver/src/stm32f4xx_spi.o
SPI_GetCRCPolynomial                              ./STM32F4xx_StdPeriph_Driver/src/stm32f4xx_spi.o
SPI_I2S_ClearFlag                                 ./STM32F4xx_StdPeriph_Driver/src/stm32f4xx_spi.o
SPI_I2S_ClearITPendingBit                         ./STM32F4xx_StdPeriph_Driver/src/stm32f4xx_spi.o
SPI_I2S_DMACmd                                    ./STM32F4xx_StdPeriph_Driver/src/stm32f4xx_spi.o
SPI_I2S_DeInit                                    ./STM32F4xx_StdPeriph_Driver/src/stm32f4xx_spi.o
SPI_I2S_GetFlagStatus                             ./STM32F4xx_StdPeriph_Driver/src/stm32f4xx_spi.o
SPI_I2S_GetITStatus                               ./STM32F4xx_StdPeriph_Driver/src/stm32f4xx_spi.o
SPI_I2S_ITConfig                                  ./STM32F4xx_StdPeriph_Driver/src/stm32f4xx_spi.o
SPI_I2S_ReceiveData                               ./STM32F4xx_StdPeriph_Driver/src/stm32f4xx_spi.o
SPI_I2S_SendData                                  ./STM32F4xx_StdPeriph_Driver/src/stm32f4xx_spi.o
SPI_Init                                          ./STM32F4xx_StdPeriph_Driver/src/stm32f4xx_spi.o
SPI_NSSInternalSoftwareConfig                     ./STM32F4xx_StdPeriph_Driver/src/stm32f4xx_spi.o
SPI_SSOutputCmd                                   ./STM32F4xx_StdPeriph_Driver/src/stm32f4xx_spi.o
SPI_StructInit                                    ./STM32F4xx_StdPeriph_Driver/src/stm32f4xx_spi.o
SPI_TIModeCmd                                     ./STM32F4xx_StdPeriph_Driver/src/stm32f4xx_spi.o
SPI_TransmitCRC                                   ./STM32F4xx_StdPeriph_Driver/src/stm32f4xx_spi.o
STM_EVAL_LEDInit                                  ./Discovery/stm32f4_discovery.o
STM_EVAL_LEDOff                                   ./Discovery/stm32f4_discovery.o
STM_EVAL_LEDOn                                    ./Discovery/stm32f4_discovery.o
STM_EVAL_LEDToggle                                ./Discovery/stm32f4_discovery.o
STM_EVAL_PBGetState                               ./Discovery/stm32f4_discovery.o
STM_EVAL_PBInit                                   ./Discovery/stm32f4_discovery.o
SVC_Handler                                       ./src/stm32f4xx_it.o
SYSCFG_CompensationCellCmd                        ./STM32F4xx_StdPeriph_Driver/src/stm32f4xx_syscfg.o
SYSCFG_DeInit                                     ./STM32F4xx_StdPeriph_Driver/src/stm32f4xx_syscfg.o
SYSCFG_ETH_MediaInterfaceConfig                   ./STM32F4xx_StdPeriph_Driver/src/stm32f4xx_syscfg.o
SYSCFG_EXTILineConfig                             ./STM32F4xx_StdPeriph_Driver/src/stm32f4xx_syscfg.o
                                                  ./Discovery/stm32f4_discovery.o
SYSCFG_GetCompensationCellStatus                  ./STM32F4xx_StdPeriph_Driver/src/stm32f4xx_syscfg.o
SYSCFG_MemoryRemapConfig                          ./STM32F4xx_StdPeriph_Driver/src/stm32f4xx_syscfg.o
SysTick_CLKSourceConfig                           ./STM32F4xx_StdPeriph_Driver/src/misc.o
SysTick_Handler                                   ./src/stm32f4xx_it.o
SystemCoreClock                                   ./src/system_stm32f4xx.o
                                                  ./src/main.o
SystemCoreClockUpdate                             ./src/system_stm32f4xx.o
SystemInit                                        ./src/system_stm32f4xx.o
                                                  ./STM32F4xx/Source/startup_stm32f4xx.o
TAMP_STAMP_IRQHandler                             ./STM32F4xx/Source/startup_stm32f4xx.o
TIM1_BRK_TIM9_IRQHandler                          ./STM32F4xx/Source/startup_stm32f4xx.o
TIM1_CC_IRQHandler                                ./STM32F4xx/Source/startup_stm32f4xx.o
TIM1_TRG_COM_TIM11_IRQHandler                     ./STM32F4xx/Source/startup_stm32f4xx.o
TIM1_UP_TIM10_IRQHandler                          ./STM32F4xx/Source/startup_stm32f4xx.o
TIM2_IRQHandler                                   ./STM32F4xx/Source/startup_stm32f4xx.o
TIM3_IRQHandler                                   ./STM32F4xx/Source/startup_stm32f4xx.o
TIM4_IRQHandler                                   ./STM32F4xx/Source/startup_stm32f4xx.o
TIM5_IRQHandler                                   ./STM32F4xx/Source/startup_stm32f4xx.o
TIM6_DAC_IRQHandler                               ./STM32F4xx/Source/startup_stm32f4xx.o
TIM7_IRQHandler                                   ./STM32F4xx/Source/startup_stm32f4xx.o
TIM8_BRK_TIM12_IRQHandler                         ./STM32F4xx/Source/startup_stm32f4xx.o
TIM8_CC_IRQHandler                                ./STM32F4xx/Source/startup_stm32f4xx.o
TIM8_TRG_COM_TIM14_IRQHandler                     ./STM32F4xx/Source/startup_stm32f4xx.o
TIM8_UP_TIM13_IRQHandler                          ./STM32F4xx/Source/startup_stm32f4xx.o
TIM_ARRPreloadConfig                              ./STM32F4xx_StdPeriph_Driver/src/stm32f4xx_tim.o
TIM_BDTRConfig                                    ./STM32F4xx_StdPeriph_Driver/src/stm32f4xx_tim.o
TIM_BDTRStructInit                                ./STM32F4xx_StdPeriph_Driver/src/stm32f4xx_tim.o
TIM_CCPreloadControl                              ./STM32F4xx_StdPeriph_Driver/src/stm32f4xx_tim.o
TIM_CCxCmd                                        ./STM32F4xx_StdPeriph_Driver/src/stm32f4xx_tim.o
TIM_CCxNCmd                                       ./STM32F4xx_StdPeriph_Driver/src/stm32f4xx_tim.o
TIM_ClearFlag                                     ./STM32F4xx_StdPeriph_Driver/src/stm32f4xx_tim.o
TIM_ClearITPendingBit                             ./STM32F4xx_StdPeriph_Driver/src/stm32f4xx_tim.o
TIM_ClearOC1Ref                                   ./STM32F4xx_StdPeriph_Driver/src/stm32f4xx_tim.o
TIM_ClearOC2Ref                                   ./STM32F4xx_StdPeriph_Driver/src/stm32f4xx_tim.o
TIM_ClearOC3Ref                                   ./STM32F4xx_StdPeriph_Driver/src/stm32f4xx_tim.o
TIM_ClearOC4Ref                                   ./STM32F4xx_StdPeriph_Driver/src/stm32f4xx_tim.o
TIM_Cmd                                           ./STM32F4xx_StdPeriph_Driver/src/stm32f4xx_tim.o
TIM_CounterModeConfig                             ./STM32F4xx_StdPeriph_Driver/src/stm32f4xx_tim.o
TIM_CtrlPWMOutputs                                ./STM32F4xx_StdPeriph_Driver/src/stm32f4xx_tim.o
TIM_DMACmd                                        ./STM32F4xx_StdPeriph_Driver/src/stm32f4xx_tim.o
TIM_DMAConfig                                     ./STM32F4xx_StdPeriph_Driver/src/stm32f4xx_tim.o
TIM_DeInit                                        ./STM32F4xx_StdPeriph_Driver/src/stm32f4xx_tim.o
TIM_ETRClockMode1Config                           ./STM32F4xx_StdPeriph_Driver/src/stm32f4xx_tim.o
TIM_ETRClockMode2Config                           ./STM32F4xx_StdPeriph_Driver/src/stm32f4xx_tim.o
TIM_ETRConfig                                     ./STM32F4xx_StdPeriph_Driver/src/stm32f4xx_tim.o
TIM_EncoderInterfaceConfig                        ./STM32F4xx_StdPeriph_Driver/src/stm32f4xx_tim.o
TIM_ForcedOC1Config                               ./STM32F4xx_StdPeriph_Driver/src/stm32f4xx_tim.o
TIM_ForcedOC2Config                               ./STM32F4xx_StdPeriph_Driver/src/stm32f4xx_tim.o
TIM_ForcedOC3Config                               ./STM32F4xx_StdPeriph_Driver/src/stm32f4xx_tim.o
TIM_ForcedOC4Config                               ./STM32F4xx_StdPeriph_Driver/src/stm32f4xx_tim.o
TIM_GenerateEvent                                 ./STM32F4xx_StdPeriph_Driver/src/stm32f4xx_tim.o
TIM_GetCapture1                                   ./STM32F4xx_StdPeriph_Driver/src/stm32f4xx_tim.o
TIM_GetCapture2                                   ./STM32F4xx_StdPeriph_Driver/src/stm32f4xx_tim.o
TIM_GetCapture3                                   ./STM32F4xx_StdPeriph_Driver/src/stm32f4xx_tim.o
TIM_GetCapture4                                   ./STM32F4xx_StdPeriph_Driver/src/stm32f4xx_tim.o
TIM_GetCounter                                    ./STM32F4xx_StdPeriph_Driver/src/stm32f4xx_tim.o
TIM_GetFlagStatus                                 ./STM32F4xx_StdPeriph_Driver/src/stm32f4xx_tim.o
TIM_GetITStatus                                   ./STM32F4xx_StdPeriph_Driver/src/stm32f4xx_tim.o
TIM_GetPrescaler                                  ./STM32F4xx_StdPeriph_Driver/src/stm32f4xx_tim.o
TIM_ICInit                                        ./STM32F4xx_StdPeriph_Driver/src/stm32f4xx_tim.o
TIM_ICStructInit                                  ./STM32F4xx_StdPeriph_Driver/src/stm32f4xx_tim.o
TIM_ITConfig                                      ./STM32F4xx_StdPeriph_Driver/src/stm32f4xx_tim.o
TIM_ITRxExternalClockConfig                       ./STM32F4xx_StdPeriph_Driver/src/stm32f4xx_tim.o
TIM_InternalClockConfig                           ./STM32F4xx_StdPeriph_Driver/src/stm32f4xx_tim.o
TIM_OC1FastConfig                                 ./STM32F4xx_StdPeriph_Driver/src/stm32f4xx_tim.o
TIM_OC1Init                                       ./STM32F4xx_StdPeriph_Driver/src/stm32f4xx_tim.o
TIM_OC1NPolarityConfig                            ./STM32F4xx_StdPeriph_Driver/src/stm32f4xx_tim.o
TIM_OC1PolarityConfig                             ./STM32F4xx_StdPeriph_Driver/src/stm32f4xx_tim.o
TIM_OC1PreloadConfig                              ./STM32F4xx_StdPeriph_Driver/src/stm32f4xx_tim.o
TIM_OC2FastConfig                                 ./STM32F4xx_StdPeriph_Driver/src/stm32f4xx_tim.o
TIM_OC2Init                                       ./STM32F4xx_StdPeriph_Driver/src/stm32f4xx_tim.o
TIM_OC2NPolarityConfig                            ./STM32F4xx_StdPeriph_Driver/src/stm32f4xx_tim.o
TIM_OC2PolarityConfig                             ./STM32F4xx_StdPeriph_Driver/src/stm32f4xx_tim.o
TIM_OC2PreloadConfig                              ./STM32F4xx_StdPeriph_Driver/src/stm32f4xx_tim.o
TIM_OC3FastConfig                                 ./STM32F4xx_StdPeriph_Driver/src/stm32f4xx_tim.o
TIM_OC3Init                                       ./STM32F4xx_StdPeriph_Driver/src/stm32f4xx_tim.o
TIM_OC3NPolarityConfig                            ./STM32F4xx_StdPeriph_Driver/src/stm32f4xx_tim.o
TIM_OC3PolarityConfig                             ./STM32F4xx_StdPeriph_Driver/src/stm32f4xx_tim.o
TIM_OC3PreloadConfig                              ./STM32F4xx_StdPeriph_Driver/src/stm32f4xx_tim.o
TIM_OC4FastConfig                                 ./STM32F4xx_StdPeriph_Driver/src/stm32f4xx_tim.o
TIM_OC4Init                                       ./STM32F4xx_StdPeriph_Driver/src/stm32f4xx_tim.o
TIM_OC4PolarityConfig                             ./STM32F4xx_StdPeriph_Driver/src/stm32f4xx_tim.o
TIM_OC4PreloadConfig                              ./STM32F4xx_StdPeriph_Driver/src/stm32f4xx_tim.o
TIM_OCStructInit                                  ./STM32F4xx_StdPeriph_Driver/src/stm32f4xx_tim.o
TIM_PWMIConfig                                    ./STM32F4xx_StdPeriph_Driver/src/stm32f4xx_tim.o
TIM_PrescalerConfig                               ./STM32F4xx_StdPeriph_Driver/src/stm32f4xx_tim.o
TIM_RemapConfig                                   ./STM32F4xx_StdPeriph_Driver/src/stm32f4xx_tim.o
TIM_SelectCCDMA                                   ./STM32F4xx_StdPeriph_Driver/src/stm32f4xx_tim.o
TIM_SelectCOM                                     ./STM32F4xx_StdPeriph_Driver/src/stm32f4xx_tim.o
TIM_SelectHallSensor                              ./STM32F4xx_StdPeriph_Driver/src/stm32f4xx_tim.o
TIM_SelectInputTrigger                            ./STM32F4xx_StdPeriph_Driver/src/stm32f4xx_tim.o
TIM_SelectMasterSlaveMode                         ./STM32F4xx_StdPeriph_Driver/src/stm32f4xx_tim.o
TIM_SelectOCxM                                    ./STM32F4xx_StdPeriph_Driver/src/stm32f4xx_tim.o
TIM_SelectOnePulseMode                            ./STM32F4xx_StdPeriph_Driver/src/stm32f4xx_tim.o
TIM_SelectOutputTrigger                           ./STM32F4xx_StdPeriph_Driver/src/stm32f4xx_tim.o
TIM_SelectSlaveMode                               ./STM32F4xx_StdPeriph_Driver/src/stm32f4xx_tim.o
TIM_SetAutoreload                                 ./STM32F4xx_StdPeriph_Driver/src/stm32f4xx_tim.o
TIM_SetClockDivision                              ./STM32F4xx_StdPeriph_Driver/src/stm32f4xx_tim.o
TIM_SetCompare1                                   ./STM32F4xx_StdPeriph_Driver/src/stm32f4xx_tim.o
TIM_SetCompare2                                   ./STM32F4xx_StdPeriph_Driver/src/stm32f4xx_tim.o
TIM_SetCompare3                                   ./STM32F4xx_StdPeriph_Driver/src/stm32f4xx_tim.o
TIM_SetCompare4                                   ./STM32F4xx_StdPeriph_Driver/src/stm32f4xx_tim.o
TIM_SetCounter                                    ./STM32F4xx_StdPeriph_Driver/src/stm32f4xx_tim.o
TIM_SetIC1Prescaler                               ./STM32F4xx_StdPeriph_Driver/src/stm32f4xx_tim.o
TIM_SetIC2Prescaler                               ./STM32F4xx_StdPeriph_Driver/src/stm32f4xx_tim.o
TIM_SetIC3Prescaler                               ./STM32F4xx_StdPeriph_Driver/src/stm32f4xx_tim.o
TIM_SetIC4Prescaler                               ./STM32F4xx_StdPeriph_Driver/src/stm32f4xx_tim.o
TIM_TIxExternalClockConfig                        ./STM32F4xx_StdPeriph_Driver/src/stm32f4xx_tim.o
TIM_TimeBaseInit                                  ./STM32F4xx_StdPeriph_Driver/src/stm32f4xx_tim.o
TIM_TimeBaseStructInit                            ./STM32F4xx_StdPeriph_Driver/src/stm32f4xx_tim.o
TIM_UpdateDisableConfig                           ./STM32F4xx_StdPeriph_Driver/src/stm32f4xx_tim.o
TIM_UpdateRequestConfig                           ./STM32F4xx_StdPeriph_Driver/src/stm32f4xx_tim.o
Time                                              ./src/stm32f4xx_it.o
TimingDelay                                       ./src/stm32f4xx_it.o
TimingDelay_Decrement                             ./src/stm32f4xx_it.o
UART4_IRQHandler                                  ./STM32F4xx/Source/startup_stm32f4xx.o
UART5_IRQHandler                                  ./STM32F4xx/Source/startup_stm32f4xx.o
USART1_IRQHandler                                 ./STM32F4xx/Source/startup_stm32f4xx.o
USART2_IRQHandler                                 ./STM32F4xx/Source/startup_stm32f4xx.o
USART3_IRQHandler                                 ./STM32F4xx/Source/startup_stm32f4xx.o
USART6_IRQHandler                                 ./STM32F4xx/Source/startup_stm32f4xx.o
USART_ClearFlag                                   ./STM32F4xx_StdPeriph_Driver/src/stm32f4xx_usart.o
USART_ClearITPendingBit                           ./STM32F4xx_StdPeriph_Driver/src/stm32f4xx_usart.o
USART_ClockInit                                   ./STM32F4xx_StdPeriph_Driver/src/stm32f4xx_usart.o
USART_ClockStructInit                             ./STM32F4xx_StdPeriph_Driver/src/stm32f4xx_usart.o
USART_Cmd                                         ./STM32F4xx_StdPeriph_Driver/src/stm32f4xx_usart.o
USART_DMACmd                                      ./STM32F4xx_StdPeriph_Driver/src/stm32f4xx_usart.o
USART_DeInit                                      ./STM32F4xx_StdPeriph_Driver/src/stm32f4xx_usart.o
USART_GetFlagStatus                               ./STM32F4xx_StdPeriph_Driver/src/stm32f4xx_usart.o
USART_GetITStatus                                 ./STM32F4xx_StdPeriph_Driver/src/stm32f4xx_usart.o
USART_HalfDuplexCmd                               ./STM32F4xx_StdPeriph_Driver/src/stm32f4xx_usart.o
USART_ITConfig                                    ./STM32F4xx_StdPeriph_Driver/src/stm32f4xx_usart.o
USART_Init                                        ./STM32F4xx_StdPeriph_Driver/src/stm32f4xx_usart.o
USART_IrDACmd                                     ./STM32F4xx_StdPeriph_Driver/src/stm32f4xx_usart.o
USART_IrDAConfig                                  ./STM32F4xx_StdPeriph_Driver/src/stm32f4xx_usart.o
USART_LINBreakDetectLengthConfig                  ./STM32F4xx_StdPeriph_Driver/src/stm32f4xx_usart.o
USART_LINCmd                                      ./STM32F4xx_StdPeriph_Driver/src/stm32f4xx_usart.o
USART_OneBitMethodCmd                             ./STM32F4xx_StdPeriph_Driver/src/stm32f4xx_usart.o
USART_OverSampling8Cmd                            ./STM32F4xx_StdPeriph_Driver/src/stm32f4xx_usart.o
USART_ReceiveData                                 ./STM32F4xx_StdPeriph_Driver/src/stm32f4xx_usart.o
USART_ReceiverWakeUpCmd                           ./STM32F4xx_StdPeriph_Driver/src/stm32f4xx_usart.o
USART_SendBreak                                   ./STM32F4xx_StdPeriph_Driver/src/stm32f4xx_usart.o
USART_SendData                                    ./STM32F4xx_StdPeriph_Driver/src/stm32f4xx_usart.o
USART_SetAddress                                  ./STM32F4xx_StdPeriph_Driver/src/stm32f4xx_usart.o
USART_SetGuardTime                                ./STM32F4xx_StdPeriph_Driver/src/stm32f4xx_usart.o
USART_SetPrescaler                                ./STM32F4xx_StdPeriph_Driver/src/stm32f4xx_usart.o
USART_SmartCardCmd                                ./STM32F4xx_StdPeriph_Driver/src/stm32f4xx_usart.o
USART_SmartCardNACKCmd                            ./STM32F4xx_StdPeriph_Driver/src/stm32f4xx_usart.o
USART_StructInit                                  ./STM32F4xx_StdPeriph_Driver/src/stm32f4xx_usart.o
USART_WakeUpConfig                                ./STM32F4xx_StdPeriph_Driver/src/stm32f4xx_usart.o
UsageFault_Handler                                ./src/stm32f4xx_it.o
WWDG_ClearFlag                                    ./STM32F4xx_StdPeriph_Driver/src/stm32f4xx_wwdg.o
WWDG_DeInit                                       ./STM32F4xx_StdPeriph_Driver/src/stm32f4xx_wwdg.o
WWDG_Enable                                       ./STM32F4xx_StdPeriph_Driver/src/stm32f4xx_wwdg.o