
Allocating common symbols
Common symbol       size              file

rx_buffer           0x32              ./src/main.o
Time                0x4               ./src/stm32f4xx_it.o
NVIC_InitStructure  0x4               ./Discovery/stm32f4_discovery.o

Discarded input sections

 .group         0x00000000        0x8 ./src/comunication.o
 .group         0x00000000        0x8 ./src/comunication.o
 .group         0x00000000        0x8 ./src/comunication.o
 .group         0x00000000        0x8 ./src/comunication.o
 .group         0x00000000        0x8 ./src/comunication.o
 .group         0x00000000        0x8 ./src/comunication.o
 .group         0x00000000        0x8 ./src/comunication.o
 .group         0x00000000        0x8 ./src/comunication.o
 .group         0x00000000        0x8 ./src/comunication.o
 .group         0x00000000        0x8 ./src/comunication.o
 .group         0x00000000        0x8 ./src/comunication.o
 .group         0x00000000        0x8 ./src/comunication.o
 .group         0x00000000        0x8 ./src/comunication.o
 .group         0x00000000        0x8 ./src/comunication.o
 .group         0x00000000        0x8 ./src/comunication.o
 .group         0x00000000        0x8 ./src/comunication.o
 .group         0x00000000        0x8 ./src/comunication.o
 .group         0x00000000        0x8 ./src/comunication.o
 .group         0x00000000        0x8 ./src/comunication.o
 .group         0x00000000        0x8 ./src/comunication.o
 .group         0x00000000        0x8 ./src/comunication.o
 .group         0x00000000        0x8 ./src/comunication.o
 .group         0x00000000        0x8 ./src/comunication.o
 .group         0x00000000        0x8 ./src/comunication.o
 .group         0x00000000        0x8 ./src/comunication.o
 .group         0x00000000        0x8 ./src/comunication.o
 .group         0x00000000        0x8 ./src/comunication.o
 .group         0x00000000        0x8 ./src/comunication.o
 .group         0x00000000        0x8 ./src/comunication.o
 .group         0x00000000        0x8 ./src/comunication.o
 .group         0x00000000        0x8 ./src/comunication.o
 .group         0x00000000        0x8 ./src/comunication.o
 .group         0x00000000        0x8 ./src/comunication.o
 .group         0x00000000        0x8 ./src/comunication.o
 .group         0x00000000        0x8 ./src/comunication.o
 .group         0x00000000        0x8 ./src/comunication.o
 .group         0x00000000        0x8 ./src/comunication.o
 .group         0x00000000        0x8 ./src/comunication.o
 .data          0x00000000        0x0 ./src/comunication.o
 .bss           0x00000000        0x0 ./src/comunication.o
 .group         0x00000000        0x8 ./src/main.o
 .group         0x00000000        0x8 ./src/main.o
 .group         0x00000000        0x8 ./src/main.o
 .group         0x00000000        0x8 ./src/main.o
 .group         0x00000000        0x8 ./src/main.o
 .group         0x00000000        0x8 ./src/main.o
 .group         0x00000000        0x8 ./src/main.o
 .group         0x00000000        0x8 ./src/main.o
 .group         0x00000000        0x8 ./src/main.o
 .group         0x00000000        0x8 ./src/main.o
 .group         0x00000000        0x8 ./src/main.o
 .group         0x00000000        0x8 ./src/main.o
 .group         0x00000000        0x8 ./src/main.o
 .group         0x00000000        0x8 ./src/main.o
 .group         0x00000000        0x8 ./src/main.o
 .group         0x00000000        0x8 ./src/main.o
 .group         0x00000000        0x8 ./src/main.o
 .group         0x00000000        0x8 ./src/main.o
 .group         0x00000000        0x8 ./src/main.o
 .group         0x00000000        0x8 ./src/main.o
 .group         0x00000000        0x8 ./src/main.o
 .group         0x00000000        0x8 ./src/main.o
 .group         0x00000000        0x8 ./src/main.o
 .group         0x00000000        0x8 ./src/main.o
 .group         0x00000000        0x8 ./src/main.o
 .group         0x00000000        0x8 ./src/main.o
 .group         0x00000000        0x8 ./src/main.o
 .group         0x00000000        0x8 ./src/main.o
 .group         0x00000000        0x8 ./src/main.o
 .group         0x00000000        0x8 ./src/main.o
 .group         0x00000000        0x8 ./src/main.o
 .group         0x00000000        0x8 ./src/main.o
 .group         0x00000000        0x8 ./src/main.o
 .group         0x00000000        0x8 ./src/main.o
 .group         0x00000000        0x8 ./src/main.o
 .group         0x00000000        0x8 ./src/main.o
 .group         0x00000000        0x8 ./src/main.o
 .group         0x00000000        0x8 ./src/main.o
 .group         0x00000000        0x8 ./src/main.o
 .data          0x00000000        0x0 ./src/main.o
 .debug_macro   0x00000000      0x862 ./src/main.o
 .debug_macro   0x00000000       0x5d ./src/main.o
 .debug_macro   0x00000000       0x35 ./src/main.o
 .debug_macro   0x00000000       0x16 ./src/main.o
 .debug_macro   0x00000000       0x44 ./src/main.o
 .debug_macro   0x00000000      0x209 ./src/main.o
[...]
Memory Configuration

Name             Origin             Length             Attributes
FLASH            0x08000000         0x00100000         xr
RAM              0x20000000         0x00030000         xrw
MEMORY_B1        0x60000000         0x00000000         xr
*default*        0x00000000         0xffffffff

Linker script and memory map

LOAD ./src/comunication.o
LOAD ./src/main.o
LOAD ./src/stm32f4xx_it.o
LOAD ./src/system_stm32f4xx.o
LOAD ./STM32F4xx_StdPeriph_Driver/src/misc.o
LOAD ./STM32F4xx_StdPeriph_Driver/src/stm32f4xx_adc.o
LOAD ./STM32F4xx_StdPeriph_Driver/src/stm32f4xx_can.o
LOAD ./STM32F4xx_StdPeriph_Driver/src/stm32f4xx_crc.o
LOAD ./STM32F4xx_StdPeriph_Driver/src/stm32f4xx_cryp.o
LOAD ./STM32F4xx_StdPeriph_Driver/src/stm32f4xx_cryp_aes.o
LOAD ./STM32F4xx_StdPeriph_Driver/src/stm32f4xx_cryp_des.o
LOAD ./STM32F4xx_StdPeriph_Driver/src/stm32f4xx_cryp_tdes.o
LOAD ./STM32F4xx_StdPeriph_Driver/src/stm32f4xx_dac.o
LOAD ./STM32F4xx_StdPeriph_Driver/src/stm32f4xx_dbgmcu.o
LOAD ./STM32F4xx_StdPeriph_Driver/src/stm32f4xx_dcmi.o
LOAD ./STM32F4xx_StdPeriph_Driver/src/stm32f4xx_dma.o
LOAD ./STM32F4xx_StdPeriph_Driver/src/stm32f4xx_exti.o
LOAD ./STM32F4xx_StdPeriph_Driver/src/stm32f4xx_flash.o
LOAD ./STM32F4xx_StdPeriph_Driver/src/stm32f4xx_fsmc.o
LOAD ./STM32F4xx_StdPeriph_Driver/src/stm32f4xx_gpio.o
LOAD ./STM32F4xx_StdPeriph_Driver/src/stm32f4xx_hash.o
LOAD ./STM32F4xx_StdPeriph_Driver/src/stm32f4xx_hash_md5.o
LOAD ./STM32F4xx_StdPeriph_Driver/src/stm32f4xx_hash_sha1.o
LOAD ./STM32F4xx_StdPeriph_Driver/src/stm32f4xx_i2c.o
LOAD ./STM32F4xx_StdPeriph_Driver/src/stm32f4xx_iwdg.o
LOAD ./STM32F4xx_StdPeriph_Driver/src/stm32f4xx_pwr.o
LOAD ./STM32F4xx_StdPeriph_Driver/src/stm32f4xx_rcc.o
LOAD ./STM32F4xx_StdPeriph_Driver/src/stm32f4xx_rng.o
LOAD ./STM32F4xx_StdPeriph_Driver/src/stm32f4xx_rtc.o
LOAD ./STM32F4xx_StdPeriph_Driver/src/stm32f4xx_sdio.o
LOAD ./STM32F4xx_StdPeriph_Driver/src/stm32f4xx_spi.o
LOAD ./STM32F4xx_StdPeriph_Driver/src/stm32f4xx_syscfg.o
LOAD ./STM32F4xx_StdPeriph_Driver/src/stm32f4xx_tim.o
LOAD ./STM32F4xx_StdPeriph_Driver/src/stm32f4xx_usart.o
LOAD ./STM32F4xx_StdPeriph_Driver/src/stm32f4xx_wwdg.o
LOAD ./STM32F4xx/Source/startup_stm32f4xx.o
LOAD ./Discovery/stm32f4_discovery.o
START GROUP
LOAD c:/program files (x86)/gnu tools arm embedded/4.8 2014q1/bin/../lib/gcc/arm-none-eabi/4.8.3/armv7e-m\libgcc.a
LOAD c:/program files (x86)/gnu tools arm embedded/4.8 2014q1/bin/../lib/gcc/arm-none-eabi/4.8.3/../../../../arm-none-eabi/lib/armv7e-m\libg.a
LOAD c:/program files (x86)/gnu tools arm embedded/4.8 2014q1/bin/../lib/gcc/arm-none-eabi/4.8.3/../../../../arm-none-eabi/lib/armv7e-m\libc.a
END GROUP
                0x20020000                _estack = 0x20020000
                0x00000000                _Min_Heap_Size = 0x0
                0x00000400                _Min_Stack_Size = 0x400

.isr_vector     0x08000000      0x188
                0x08000000                . = ALIGN (0x4)
 *(.isr_vector)
 .isr_vector    0x08000000      0x188 ./STM32F4xx/Source/startup_stm32f4xx.o
                0x08000000                g_pfnVectors
                0x08000188                . = ALIGN (0x4)

.text           0x08000188     0x22d0
                0x08000188                . = ALIGN (0x4)
 *(.text)
 .text          0x08000188      0x17c ./src/comunication.o
                0x08000188                Init_Comunication
                0x08000238                USART_SendString
                0x0800025c                USART_SendNumber
                0x08000298                USART_SendHex
                0x080002d8                StringToInt
 .text          0x08000304      0x28c ./src/main.o
                0x08000304                proccess_rx
                0x08000358                USART6_IRQHandler
                0x080003b4                init_output
                0x080003e4                timer_init
                0x080004d8                main
                0x08000564                TIM4_IRQHandler
 .text          0x08000590      0x104 ./src/stm32f4xx_it.o
                0x08000590                NMI_Handler
                0x080005a4                HardFault_Handler
                0x080005b8                MemManage_Handler
                0x080005cc                BusFault_Handler
                0x080005e0                UsageFault_Handler
                0x080005f4                SVC_Handler
                0x08000608                DebugMon_Handler
                0x0800061c                PendSV_Handler
                0x08000630                EXTI0_IRQHandler
                0x08000644                Delay
                0x08000660                TimingDelay_Decrement
                0x08000674                SysTick_Handler
 .text          0x08000694      0x190 ./src/system_stm32f4xx.o
                0x08000754                SystemInit
                0x08000798                SystemCoreClockUpdate
 .text          0x08000824       0xd0 ./STM32F4xx_StdPeriph_Driver/src/misc.o
                0x08000824                NVIC_PriorityGroupConfig
                0x08000838                NVIC_Init
                0x080008ac                NVIC_SetVectorTable
                0x080008c0                NVIC_SystemLPConfig
                0x080008dc                SysTick_CLKSourceConfig
 .text          0x080008f4      0x114 ./STM32F4xx_StdPeriph_Driver/src/stm32f4xx_exti.o
                0x080008f4                EXTI_DeInit
                0x08000910                EXTI_Init
                0x080009a0                EXTI_StructInit
                0x080009b0                EXTI_GenerateSWInterrupt
                0x080009c0                EXTI_GetFlagStatus
                0x080009d4                EXTI_ClearFlag
                0x080009e0                EXTI_GetITStatus
                0x080009fc                EXTI_ClearITPendingBit
 .text          0x08000a08      0x244 ./STM32F4xx_StdPeriph_Driver/src/stm32f4xx_gpio.o
                0x08000a08                GPIO_DeInit
                0x08000b0c                GPIO_Init
                0x08000b9c                GPIO_StructInit
                0x08000bb0                GPIO_PinLockConfig
                0x08000bd4                GPIO_ReadInputDataBit
                0x08000be0                GPIO_ReadInputData
                0x08000be8                GPIO_ReadOutputDataBit
                0x08000bf4                GPIO_ReadOutputData
                0x08000bfc                GPIO_SetBits
                0x08000c00                GPIO_ResetBits
                0x08000c04                GPIO_WriteBit
                0x08000c10                GPIO_Write
                0x08000c14                GPIO_ToggleBits
                0x08000c1c                GPIO_PinAFConfig
 .text          0x08000c4c      0x4c0 ./STM32F4xx_StdPeriph_Driver/src/stm32f4xx_rcc.o
                0x08000c4c                RCC_DeInit
                0x08000c80                RCC_HSEConfig
                0x08000c90                RCC_AdjustHSICalibrationValue
                0x08000ca4                RCC_HSICmd
                0x08000cb0                RCC_LSEConfig
                0x08000cd8                RCC_LSICmd
                0x08000ce4                RCC_PLLConfig
                0x08000d04                RCC_PLLCmd
                0x08000d10                RCC_PLLI2SConfig
                0x08000d24                RCC_PLLI2SCmd
                0x08000d30                RCC_ClockSecuritySystemCmd
                0x08000d3c                RCC_MCO1Config
                0x08000d50                RCC_MCO2Config
                0x08000d64                RCC_SYSCLKConfig
                0x08000d78                RCC_GetSYSCLKSource
                0x08000d88                RCC_HCLKConfig
                0x08000d9c                RCC_PCLK1Config
                0x08000db0                RCC_PCLK2Config
                0x08000dc4                RCC_GetClocksFreq
                0x08000e6c                RCC_RTCCLKConfig
                0x08000e9c                RCC_RTCCLKCmd
                0x08000ea8                RCC_BackupResetCmd
                0x08000eb4                RCC_I2SCLKConfig
                0x08000ec0                RCC_AHB1PeriphClockCmd
                0x08000edc                RCC_AHB2PeriphClockCmd
                0x08000ef8                RCC_AHB3PeriphClockCmd
                0x08000f14                RCC_APB1PeriphClockCmd
                0x08000f30                RCC_APB2PeriphClockCmd
                0x08000f4c                RCC_AHB1PeriphResetCmd
                0x08000f68                RCC_AHB2PeriphResetCmd
                0x08000f84                RCC_AHB3PeriphResetCmd
                0x08000fa0                RCC_APB1PeriphResetCmd
                0x08000fbc                RCC_APB2PeriphResetCmd
                0x08000fd8                RCC_AHB1PeriphClockLPModeCmd
                0x08000ff4                RCC_AHB2PeriphClockLPModeCmd
                0x08001010                RCC_AHB3PeriphClockLPModeCmd
                0x0800102c                RCC_APB1PeriphClockLPModeCmd
                0x08001048                RCC_APB2PeriphClockLPModeCmd
                0x08001064                RCC_ITConfig
                0x08001080                RCC_GetFlagStatus
                0x080010a8                RCC_WaitForHSEStartUp
                0x080010dc                RCC_ClearFlag
                0x080010ec                RCC_GetITStatus
                0x08001100                RCC_ClearITPendingBit
 .text          0x0800110c       0x84 ./STM32F4xx_StdPeriph_Driver/src/stm32f4xx_syscfg.o
                0x0800110c                SYSCFG_DeInit
                0x08001124                SYSCFG_MemoryRemapConfig
                0x08001130                SYSCFG_EXTILineConfig
                0x08001164                SYSCFG_ETH_MediaInterfaceConfig
                0x08001170                SYSCFG_CompensationCellCmd
                0x0800117c                SYSCFG_GetCompensationCellStatus
 .text          0x08001190      0xbfc ./STM32F4xx_StdPeriph_Driver/src/stm32f4xx_tim.o
                0x08001284                TIM_DeInit
                0x0800141c                TIM_TimeBaseInit
                0x08001498                TIM_TimeBaseStructInit
                0x080014ac                TIM_PrescalerConfig
                0x080014b4                TIM_CounterModeConfig
                0x080014c4                TIM_SetCounter
                0x080014c8                TIM_SetAutoreload
                0x080014cc                TIM_GetCounter
                0x080014d0                TIM_GetPrescaler
                0x080014d8                TIM_UpdateDisableConfig
                0x080014f4                TIM_UpdateRequestConfig
                0x08001510                TIM_ARRPreloadConfig
                0x0800152c                TIM_SelectOnePulseMode
                0x08001544                TIM_SetClockDivision
                0x0800155c                TIM_Cmd
                0x08001578                TIM_OC1Init
                0x080015e8                TIM_OC2Init
                0x08001674                TIM_OC3Init
                0x080016fc                TIM_OC4Init
                0x08001768                TIM_OCStructInit
                0x0800177c                TIM_SelectOCxM
                0x080017cc                TIM_SetCompare1
                0x080017d0                TIM_SetCompare2
                0x080017d4                TIM_SetCompare3
                0x080017d8                TIM_SetCompare4
                0x080017dc                TIM_ForcedOC1Config
                0x080017ec                TIM_ForcedOC2Config
                0x08001800                TIM_ForcedOC3Config
                0x08001810                TIM_ForcedOC4Config
                0x08001824                TIM_OC1PreloadConfig
                0x08001834                TIM_OC2PreloadConfig
                0x08001848                TIM_OC3PreloadConfig
                0x08001858                TIM_OC4PreloadConfig
                0x0800186c                TIM_OC1FastConfig
                0x0800187c                TIM_OC2FastConfig
                0x08001890                TIM_OC3FastConfig
                0x080018a0                TIM_OC4FastConfig
                0x080018b4                TIM_ClearOC1Ref
                0x080018c4                TIM_ClearOC2Ref
                0x080018d4                TIM_ClearOC3Ref
                0x080018e4                TIM_ClearOC4Ref
                0x080018f4                TIM_OC1PolarityConfig
                0x08001904                TIM_OC1NPolarityConfig
                0x08001914                TIM_OC2PolarityConfig
                0x08001928                TIM_OC2NPolarityConfig
                0x0800193c                TIM_OC3PolarityConfig
                0x08001950                TIM_OC3NPolarityConfig
                0x08001964                TIM_OC4PolarityConfig
                0x08001978                TIM_CCxCmd
                0x08001998                TIM_CCxNCmd
                0x080019b8                TIM_ICStructInit
                0x080019c8                TIM_GetCapture1
                0x080019cc                TIM_GetCapture2
                0x080019d0                TIM_GetCapture3
                0x080019d4                TIM_GetCapture4
                0x080019d8                TIM_SetIC1Prescaler
                0x080019f0                TIM_SetIC2Prescaler
                0x08001a0c                TIM_PWMIConfig
                0x08001a78                TIM_SetIC3Prescaler
                0x08001a90                TIM_SetIC4Prescaler
                0x08001aac                TIM_ICInit
                0x08001b10                TIM_BDTRConfig
                0x08001b38                TIM_BDTRStructInit
                0x08001b4c                TIM_CtrlPWMOutputs
                0x08001b70                TIM_SelectCOM
                0x08001b8c                TIM_CCPreloadControl
                0x08001ba8                TIM_ITConfig
                0x08001bc0                TIM_GenerateEvent
                0x08001bc4                TIM_GetFlagStatus
                0x08001bd0                TIM_ClearFlag
                0x08001bd8                TIM_GetITStatus
                0x08001bf0                TIM_ClearITPendingBit
                0x08001bf8                TIM_DMAConfig
                0x08001c00                TIM_DMACmd
                0x08001c18                TIM_SelectCCDMA
                0x08001c34                TIM_InternalClockConfig
                0x08001c44                TIM_SelectInputTrigger
                0x08001c54                TIM_ITRxExternalClockConfig
                0x08001c68                TIM_TIxExternalClockConfig
                0x08001c98                TIM_SelectOutputTrigger
                0x08001cb0                TIM_SelectSlaveMode
                0x08001cc8                TIM_SelectMasterSlaveMode
                0x08001ce0                TIM_ETRConfig
                0x08001cf8                TIM_ETRClockMode1Config
                0x08001d14                TIM_ETRClockMode2Config
                0x08001d28                TIM_EncoderInterfaceConfig
                0x08001d68                TIM_SelectHallSensor
                0x08001d84                TIM_RemapConfig
 .text          0x08001d8c      0x428 ./STM32F4xx_StdPeriph_Driver/src/stm32f4xx_usart.o
                0x08001d8c                USART_DeInit
                0x08001e48                USART_Init
                0x08001f14                USART_StructInit
                0x08001f2c                USART_ClockInit
                0x08001f4c                USART_ClockStructInit
                0x08001f58                USART_Cmd
                0x08001f74                USART_SetPrescaler
                0x08001f88                USART_OverSampling8Cmd
                0x08001fa4                USART_OneBitMethodCmd
                0x08001fc0                USART_SendData
                0x08001fc8                USART_ReceiveData
                0x08001fd0                USART_SetAddress
                0x08001fe8                USART_ReceiverWakeUpCmd
                0x08002004                USART_WakeUpConfig
                0x0800201c                USART_LINBreakDetectLengthConfig
                0x08002034                USART_LINCmd
                0x08002050                USART_SendBreak
                0x0800205c                USART_HalfDuplexCmd
                0x08002078                USART_SetGuardTime
                0x0800208c                USART_SmartCardCmd
                0x080020a8                USART_SmartCardNACKCmd
                0x080020c4                USART_IrDAConfig
                0x080020dc                USART_IrDACmd
                0x080020f8                USART_DMACmd
                0x08002110                USART_ITConfig
                0x08002148                USART_GetFlagStatus
                0x08002154                USART_ClearFlag
                0x0800215c                USART_GetITStatus
                0x080021a4                USART_ClearITPendingBit
 .text          0x080021b4      0x138 ./Discovery/stm32f4_discovery.o
                0x080021b4                STM_EVAL_LEDInit
                0x080021fc                STM_EVAL_LEDOn
                0x08002218                STM_EVAL_LEDOff
                0x08002234                STM_EVAL_LEDToggle
                0x08002254                STM_EVAL_PBInit
                0x080022d4                STM_EVAL_PBGetState
 *(.text*)
 .text.Reset_Handler
                0x080022ec       0x4c ./STM32F4xx/Source/startup_stm32f4xx.o
                0x080022ec                Reset_Handler
 .text.Default_Handler
                0x08002338        0x4 ./STM32F4xx/Source/startup_stm32f4xx.o
                0x08002338                RTC_Alarm_IRQHandler
                0x08002338                HASH_RNG_IRQHandler
                0x08002338                EXTI2_IRQHandler
                0x08002338                TIM8_CC_IRQHandler
                0x08002338                TIM1_CC_IRQHandler
                0x08002338                DMA2_Stream5_IRQHandler
                0x08002338                DMA1_Stream5_IRQHandler
                0x08002338                PVD_IRQHandler
                0x08002338                SDIO_IRQHandler
                0x08002338                TAMP_STAMP_IRQHandler
                0x08002338                CAN2_RX1_IRQHandler
                0x08002338                EXTI3_IRQHandler
                0x08002338                TIM8_TRG_COM_TIM14_IRQHandler
                0x08002338                TIM1_UP_TIM10_IRQHandler
                0x08002338                TIM8_UP_TIM13_IRQHandler
                0x08002338                I2C3_ER_IRQHandler
                0x08002338                I2C2_EV_IRQHandler
                0x08002338                DMA1_Stream2_IRQHandler
                0x08002338                CAN1_RX0_IRQHandler
                0x08002338                FPU_IRQHandler
                0x08002338                OTG_HS_WKUP_IRQHandler
                0x08002338                CAN2_SCE_IRQHandler
                0x08002338                DMA2_Stream2_IRQHandler
                0x08002338                SPI1_IRQHandler
                0x08002338                TIM6_DAC_IRQHandler
                0x08002338                TIM1_BRK_TIM9_IRQHandler
                0x08002338                DCMI_IRQHandler
                0x08002338                CAN2_RX0_IRQHandler
                0x08002338                DMA2_Stream3_IRQHandler
                0x08002338                USART3_IRQHandler
                0x08002338                CRYP_IRQHandler
                0x08002338                CAN1_RX1_IRQHandler
                0x08002338                UART5_IRQHandler
                0x08002338                DMA2_Stream0_IRQHandler
                0x08002338                I2C1_EV_IRQHandler
                0x08002338                DMA1_Stream6_IRQHandler
                0x08002338                DMA1_Stream1_IRQHandler
                0x08002338                UART4_IRQHandler
                0x08002338                TIM3_IRQHandler
                0x08002338                RCC_IRQHandler
                0x08002338                TIM8_BRK_TIM12_IRQHandler
                0x08002338                Default_Handler
                0x08002338                EXTI15_10_IRQHandler
                0x08002338                ADC_IRQHandler
                0x08002338                DMA1_Stream7_IRQHandler
                0x08002338                TIM7_IRQHandler
                0x08002338                CAN2_TX_IRQHandler
                0x08002338                TIM5_IRQHandler
                0x08002338                DMA2_Stream7_IRQHandler
                0x08002338                I2C3_EV_IRQHandler
                0x08002338                EXTI9_5_IRQHandler
                0x08002338                RTC_WKUP_IRQHandler
                0x08002338                ETH_WKUP_IRQHandler
                0x08002338                SPI2_IRQHandler
                0x08002338                OTG_HS_EP1_IN_IRQHandler
                0x08002338                DMA1_Stream0_IRQHandler
                0x08002338                CAN1_TX_IRQHandler
                0x08002338                EXTI4_IRQHandler
                0x08002338                FSMC_IRQHandler
                0x08002338                ETH_IRQHandler
                0x08002338                OTG_HS_EP1_OUT_IRQHandler
                0x08002338                WWDG_IRQHandler
                0x08002338                TIM2_IRQHandler
                0x08002338                OTG_FS_WKUP_IRQHandler
                0x08002338                TIM1_TRG_COM_TIM11_IRQHandler
                0x08002338                OTG_HS_IRQHandler
                0x08002338                EXTI1_IRQHandler
                0x08002338                USART2_IRQHandler
                0x08002338                I2C2_ER_IRQHandler
                0x08002338                DMA2_Stream1_IRQHandler
                0x08002338                CAN1_SCE_IRQHandler
                0x08002338                FLASH_IRQHandler
                0x08002338                DMA2_Stream4_IRQHandler
                0x08002338                USART1_IRQHandler
                0x08002338                OTG_FS_IRQHandler
                0x08002338                SPI3_IRQHandler
                0x08002338                DMA1_Stream4_IRQHandler
                0x08002338                I2C1_ER_IRQHandler
                0x08002338                DMA2_Stream6_IRQHandler
                0x08002338                DMA1_Stream3_IRQHandler
 *(.rodata)
 .rodata        0x0800233c       0x30 ./Discovery/stm32f4_discovery.o
                0x0800233c                GPIO_CLK
                0x0800234c                GPIO_PIN
                0x08002354                BUTTON_IRQn
                0x08002358                BUTTON_PIN_SOURCE
                0x0800235c                BUTTON_PORT_SOURCE
                0x08002360                BUTTON_EXTI_LINE
                0x08002364                BUTTON_CLK
                0x08002368                BUTTON_PIN
 *(.rodata*)
 .rodata.str1.4
                0x0800236c       0x11 ./src/comunication.o
                                 0x14 (size before relaxing)
 *fill*         0x0800237d        0x3 
 .rodata.str1.4
                0x08002380       0x49 ./src/main.o
                                 0x4c (size before relaxing)
 *fill*         0x080023c9        0x3 
 .rodata.str1.4
                0x080023cc       0x8c ./src/stm32f4xx_it.o
                                 0x9c (size before relaxing)
 *(.glue_7)
 .glue_7        0x00000000        0x0 linker stubs
 *(.glue_7t)
 .glue_7t       0x00000000        0x0 linker stubs
 *(.eh_frame)
 *(.init)
 *(.fini)
                0x08002458                . = ALIGN (0x4)
                0x08002458                _etext = .

.vfp11_veneer   0x08002458        0x0
 .vfp11_veneer  0x00000000        0x0 linker stubs

.v4_bx          0x08002458        0x0
 .v4_bx         0x00000000        0x0 linker stubs

.iplt           0x08002458        0x0
 .iplt          0x00000000        0x0 ./src/comunication.o

.rel.dyn        0x08002458        0x0
 .rel.iplt      0x00000000        0x0 ./src/comunication.o

.ARM.extab
 *(.ARM.extab* .gnu.linkonce.armextab.*)

.ARM            0x08002458        0x0
                0x08002458                __exidx_start = .
 *(.ARM.exidx*)
                0x08002458                __exidx_end = .

.preinit_array  0x08002458        0x0
                0x08002458                PROVIDE (__preinit_array_start, .)
 *(.preinit_array*)
                0x08002458                PROVIDE (__preinit_array_end, .)

.init_array     0x08002458        0x0
                0x08002458                PROVIDE (__init_array_start, .)
 *(SORT(.init_array.*))
 *(.init_array*)
                0x08002458                PROVIDE (__init_array_end, .)

.fini_array     0x08002458        0x0
                0x08002458                PROVIDE (__fini_array_start, .)
 *(.fini_array*)
 *(SORT(.fini_array.*))
                0x08002458                PROVIDE (__fini_array_end, .)
                0x08002458                _sidata = .

.data           0x20000000       0x38 load address 0x08002458
                0x20000000                . = ALIGN (0x4)
                0x20000000                _sdata = .
 *(.data)
 .data          0x20000000       0x14 ./src/system_stm32f4xx.o
                0x20000000                SystemCoreClock
                0x20000004                AHBPrescTable
 .data          0x20000014       0x10 ./STM32F4xx_StdPeriph_Driver/src/stm32f4xx_rcc.o
 .data          0x20000024       0x14 ./Discovery/stm32f4_discovery.o
                0x20000024                GPIO_PORT
                0x20000034                BUTTON_PORT
 *(.data*)
                0x20000038                . = ALIGN (0x4)
                0x20000038                _edata = .

.igot.plt       0x20000038        0x0 load address 0x08002490
 .igot.plt      0x00000000        0x0 ./src/comunication.o
                0x20000038                . = ALIGN (0x4)

.bss            0x20000038       0x48 load address 0x08002490
                0x20000038                _sbss = .
                0x20000038                __bss_start__ = _sbss
 *(.bss)
 .bss           0x20000038        0xc ./src/main.o
                0x20000038                rx_last
                0x20000039                rx_pointer
                0x2000003c                Last_Send
                0x20000040                Last_Blink
 .bss           0x20000044        0x4 ./src/stm32f4xx_it.o
                0x20000044                TimingDelay
 *(.bss*)
 *(COMMON)
 COMMON         0x20000048       0x32 ./src/main.o
                0x20000048                rx_buffer
 *fill*         0x2000007a        0x2 
 COMMON         0x2000007c        0x4 ./src/stm32f4xx_it.o
                0x2000007c                Time
                0x20000080                . = ALIGN (0x4)
                0x20000080                _ebss = .
                0x20000080                __bss_end__ = _ebss

._user_heap_stack
                0x20000080      0x400 load address 0x080024d8
                0x20000080                . = ALIGN (0x4)
                0x20000080                PROVIDE (end, .)
                0x20000080                PROVIDE (_end, .)
                0x20000080                . = (. + _Min_Heap_Size)
                0x20000480                . = (. + _Min_Stack_Size)
 *fill*         0x20000080      0x400 
                0x20000480                . = ALIGN (0x4)

.memory_b1_text
 *(.mb1text)
 *(.mb1text*)
 *(.mb1rodata)
 *(.mb1rodata*)

/DISCARD/
 libc.a(*)
 libm.a(*)
 libgcc.a(*)

.ARM.attributes
                0x00000000       0x31
 *(.ARM.attributes)
 .ARM.attributes
                0x00000000       0x33 ./src/comunication.o
 .ARM.attributes
                0x00000033       0x33 ./src/main.o
 .ARM.attributes
                0x00000066       0x33 ./src/stm32f4xx_it.o
 .ARM.attributes
                0x00000099       0x33 ./src/system_stm32f4xx.o
 .ARM.attributes
                0x000000cc       0x33 ./STM32F4xx_StdPeriph_Driver/src/misc.o
 .ARM.attributes
                0x000000ff       0x33 ./STM32F4xx_StdPeriph_Driver/src/stm32f4xx_exti.o
 .ARM.attributes
                0x00000132       0x33 ./STM32F4xx_StdPeriph_Driver/src/stm32f4xx_gpio.o
 .ARM.attributes
                0x00000165       0x33 ./STM32F4xx_StdPeriph_Driver/src/stm32f4xx_rcc.o
 .ARM.attributes
                0x00000198       0x33 ./STM32F4xx_StdPeriph_Driver/src/stm32f4xx_syscfg.o
 .ARM.attributes
                0x000001cb       0x33 ./STM32F4xx_StdPeriph_Driver/src/stm32f4xx_tim.o
 .ARM.attributes
                0x000001fe       0x33 ./STM32F4xx_StdPeriph_Driver/src/stm32f4xx_usart.o
 .ARM.attributes
                0x00000231       0x21 ./STM32F4xx/Source/startup_stm32f4xx.o
 .ARM.attributes
                0x00000252       0x33 ./Discovery/stm32f4_discovery.o
OUTPUT(MutalInductionTester.elf elf32-littlearm)

.debug_info     0x00000000     0x7ce7
 .debug_info    0x00000000      0x9f3 ./src/comunication.o
 .debug_info    0x000009f3     0x126b ./src/main.o
 .debug_info    0x00001c5e      0x451 ./src/stm32f4xx_it.o
 .debug_info    0x000020af      0x5ad ./src/system_stm32f4xx.o
 .debug_info    0x0000265c      0x54b ./STM32F4xx_StdPeriph_Driver/src/misc.o
 .debug_info    0x00002ba7      0x352 ./STM32F4xx_StdPeriph_Driver/src/stm32f4xx_exti.o
 .debug_info    0x00002ef9      0x7dc ./STM32F4xx_StdPeriph_Driver/src/stm32f4xx_gpio.o
 .debug_info    0x000036d5      0xc90 ./STM32F4xx_StdPeriph_Driver/src/stm32f4xx_rcc.o
 .debug_info    0x00004365      0x2bd ./STM32F4xx_StdPeriph_Driver/src/stm32f4xx_syscfg.o
 .debug_info    0x00004622     0x2108 ./STM32F4xx_StdPeriph_Driver/src/stm32f4xx_tim.o
 .debug_info    0x0000672a      0xb4d ./STM32F4xx_StdPeriph_Driver/src/stm32f4xx_usart.o
 .debug_info    0x00007277       0x72 ./STM32F4xx/Source/startup_stm32f4xx.o
 .debug_info    0x000072e9      0x9fe ./Discovery/stm32f4_discovery.o

.debug_abbrev   0x00000000     0x1564
 .debug_abbrev  0x00000000      0x1d2 ./src/comunication.o
 .debug_abbrev  0x000001d2      0x2b7 ./src/main.o
 .debug_abbrev  0x00000489      0x180 ./src/stm32f4xx_it.o
 .debug_abbrev  0x00000609      0x157 ./src/system_stm32f4xx.o
 .debug_abbrev  0x00000760      0x159 ./STM32F4xx_StdPeriph_Driver/src/misc.o
 .debug_abbrev  0x000008b9      0x1c8 ./STM32F4xx_StdPeriph_Driver/src/stm32f4xx_exti.o
 .debug_abbrev  0x00000a81      0x1e8 ./STM32F4xx_StdPeriph_Driver/src/stm32f4xx_gpio.o
 .debug_abbrev  0x00000c69      0x20e ./STM32F4xx_StdPeriph_Driver/src/stm32f4xx_rcc.o
 .debug_abbrev  0x00000e77      0x169 ./STM32F4xx_StdPeriph_Driver/src/stm32f4xx_syscfg.o
 .debug_abbrev  0x00000fe0      0x1db ./STM32F4xx_StdPeriph_Driver/src/stm32f4xx_tim.o
 .debug_abbrev  0x000011bb      0x1c5 ./STM32F4xx_StdPeriph_Driver/src/stm32f4xx_usart.o
 .debug_abbrev  0x00001380       0x12 ./STM32F4xx/Source/startup_stm32f4xx.o
 .debug_abbrev  0x00001392      0x1d2 ./Discovery/stm32f4_discovery.o

.debug_loc      0x00000000     0x3562
 .debug_loc     0x00000000      0x1a2 ./src/comunication.o
 .debug_loc     0x000001a2       0x73 ./src/main.o
 .debug_loc     0x00000215      0x103 ./src/system_stm32f4xx.o
 .debug_loc     0x00000318      0x18c ./STM32F4xx_StdPeriph_Driver/src/misc.o
 .debug_loc     0x000004a4      0x149 ./STM32F4xx_StdPeriph_Driver/src/stm32f4xx_exti.o
 .debug_loc     0x000005ed      0x2ba ./STM32F4xx_StdPeriph_Driver/src/stm32f4xx_gpio.o
 .debug_loc     0x000008a7      0x99a ./STM32F4xx_StdPeriph_Driver/src/stm32f4xx_rcc.o
 .debug_loc     0x00001241       0x93 ./STM32F4xx_StdPeriph_Driver/src/stm32f4xx_syscfg.o
 .debug_loc     0x000012d4     0x1a1a ./STM32F4xx_StdPeriph_Driver/src/stm32f4xx_tim.o
 .debug_loc     0x00002cee      0x78d ./STM32F4xx_StdPeriph_Driver/src/stm32f4xx_usart.o
 .debug_loc     0x0000347b       0xe7 ./Discovery/stm32f4_discovery.o

.debug_aranges  0x00000000      0x1a8
 .debug_aranges
                0x00000000       0x20 ./src/comunication.o
 .debug_aranges
                0x00000020       0x20 ./src/main.o
 .debug_aranges
                0x00000040       0x20 ./src/stm32f4xx_it.o
 .debug_aranges
                0x00000060       0x20 ./src/system_stm32f4xx.o
 .debug_aranges
                0x00000080       0x20 ./STM32F4xx_StdPeriph_Driver/src/misc.o
 .debug_aranges
                0x000000a0       0x20 ./STM32F4xx_StdPeriph_Driver/src/stm32f4xx_exti.o
 .debug_aranges
                0x000000c0       0x20 ./STM32F4xx_StdPeriph_Driver/src/stm32f4xx_gpio.o
 .debug_aranges
                0x000000e0       0x20 ./STM32F4xx_StdPeriph_Driver/src/stm32f4xx_rcc.o
 .debug_aranges
                0x00000100       0x20 ./STM32F4xx_StdPeriph_Driver/src/stm32f4xx_syscfg.o
 .debug_aranges
                0x00000120       0x20 ./STM32F4xx_StdPeriph_Driver/src/stm32f4xx_tim.o
 .debug_aranges
                0x00000140       0x20 ./STM32F4xx_StdPeriph_Driver/src/stm32f4xx_usart.o
 .debug_aranges
                0x00000160       0x28 ./STM32F4xx/Source/startup_stm32f4xx.o
 .debug_aranges
                0x00000188       0x20 ./Discovery/stm32f4_discovery.o

.debug_macro    0x00000000     0xf823
 .debug_macro   0x00000000      0x1ad ./src/comunication.o
 .debug_macro   0x000001ad      0x862 ./src/comunication.o
 .debug_macro   0x00000a0f       0x5d ./src/comunication.o
 .debug_macro   0x00000a6c       0x35 ./src/comunication.o
 .debug_macro   0x00000aa1       0x16 ./src/comunication.o
 .debug_macro   0x00000ab7       0x44 ./src/comunication.o
 .debug_macro   0x00000afb      0x209 ./src/comunication.o
 .debug_macro   0x00000d04       0x18 ./src/comunication.o
 .debug_macro   0x00000d1c       0x42 ./src/comunication.o
 .debug_macro   0x00000d5e      0x8cb ./src/comunication.o
 .debug_macro   0x00001629     0x8057 ./src/comunication.o
 .debug_macro   0x00009680       0x16 ./src/comunication.o
 .debug_macro   0x00009696      0x44e ./src/comunication.o
 .debug_macro   0x00009ae4      0x3cf ./src/comunication.o
 .debug_macro   0x00009eb3      0x111 ./src/comunication.o
 .debug_macro   0x00009fc4      0x182 ./src/comunication.o
 .debug_macro   0x0000a146       0xb2 ./src/comunication.o
 .debug_macro   0x0000a1f8      0x146 ./src/comunication.o
 .debug_macro   0x0000a33e      0x477 ./src/comunication.o
 .debug_macro   0x0000a7b5       0xac ./src/comunication.o
 .debug_macro   0x0000a861      0x241 ./src/comunication.o
 .debug_macro   0x0000aaa2      0x279 ./src/comunication.o
 .debug_macro   0x0000ad1b       0xb5 ./src/comunication.o
 .debug_macro   0x0000add0      0x265 ./src/comunication.o
 .debug_macro   0x0000b035      0x2b1 ./src/comunication.o
 .debug_macro   0x0000b2e6       0x64 ./src/comunication.o
 .debug_macro   0x0000b34a       0xa6 ./src/comunication.o
 .debug_macro   0x0000b3f0      0x538 ./src/comunication.o
 .debug_macro   0x0000b928       0x40 ./src/comunication.o
 .debug_macro   0x0000b968      0x57a ./src/comunication.o
 .debug_macro   0x0000bee2      0x341 ./src/comunication.o
 .debug_macro   0x0000c223      0x36a ./src/comunication.o
 .debug_macro   0x0000c58d       0xdf ./src/comunication.o
 .debug_macro   0x0000c66c      0x73b ./src/comunication.o
 .debug_macro   0x0000cda7      0x220 ./src/comunication.o
 .debug_macro   0x0000cfc7       0x34 ./src/comunication.o
 .debug_macro   0x0000cffb       0x7f ./src/comunication.o
 .debug_macro   0x0000d07a       0x35 ./src/comunication.o
 .debug_macro   0x0000d0af       0x82 ./src/comunication.o
 .debug_macro   0x0000d131      0x1ea ./src/main.o
 .debug_macro   0x0000d31b       0x1c ./src/main.o
 .debug_macro   0x0000d337      0x1c0 ./src/stm32f4xx_it.o
 .debug_macro   0x0000d4f7       0x88 ./src/stm32f4xx_it.o
 .debug_macro   0x0000d57f      0x1b7 ./src/system_stm32f4xx.o
 .debug_macro   0x0000d736      0x1a4 ./STM32F4xx_StdPeriph_Driver/src/misc.o
 .debug_macro   0x0000d8da       0x79 ./STM32F4xx_StdPeriph_Driver/src/misc.o
 .debug_macro   0x0000d953      0x1a4 ./STM32F4xx_StdPeriph_Driver/src/stm32f4xx_exti.o
 .debug_macro   0x0000daf7       0xa6 ./STM32F4xx_StdPeriph_Driver/src/stm32f4xx_exti.o
 .debug_macro   0x0000db9d      0x19e ./STM32F4xx_StdPeriph_Driver/src/stm32f4xx_gpio.o
 .debug_macro   0x0000dd3b      0x25f ./STM32F4xx_StdPeriph_Driver/src/stm32f4xx_gpio.o
 .debug_macro   0x0000df9a      0x246 ./STM32F4xx_StdPeriph_Driver/src/stm32f4xx_rcc.o
 .debug_macro   0x0000e1e0      0x532 ./STM32F4xx_StdPeriph_Driver/src/stm32f4xx_rcc.o
 .debug_macro   0x0000e712      0x1c8 ./STM32F4xx_StdPeriph_Driver/src/stm32f4xx_syscfg.o
 .debug_macro   0x0000e8da       0xd9 ./STM32F4xx_StdPeriph_Driver/src/stm32f4xx_syscfg.o
 .debug_macro   0x0000e9b3      0x1c8 ./STM32F4xx_StdPeriph_Driver/src/stm32f4xx_tim.o
 .debug_macro   0x0000eb7b      0x735 ./STM32F4xx_StdPeriph_Driver/src/stm32f4xx_tim.o
 .debug_macro   0x0000f2b0      0x1b6 ./STM32F4xx_StdPeriph_Driver/src/stm32f4xx_usart.o
 .debug_macro   0x0000f466      0x21a ./STM32F4xx_StdPeriph_Driver/src/stm32f4xx_usart.o
 .debug_macro   0x0000f680      0x1a3 ./Discovery/stm32f4_discovery.o

.debug_line     0x00000000     0x47f4
 .debug_line    0x00000000      0x5cc ./src/comunication.o
 .debug_line    0x000005cc      0x640 ./src/main.o
 .debug_line    0x00000c0c      0x5ee ./src/stm32f4xx_it.o
 .debug_line    0x000011fa      0x567 ./src/system_stm32f4xx.o
 .debug_line    0x00001761      0x544 ./STM32F4xx_StdPeriph_Driver/src/misc.o
 .debug_line    0x00001ca5      0x56c ./STM32F4xx_StdPeriph_Driver/src/stm32f4xx_exti.o
 .debug_line    0x00002211      0x5b1 ./STM32F4xx_StdPeriph_Driver/src/stm32f4xx_gpio.o
 .debug_line    0x000027c2      0x660 ./STM32F4xx_StdPeriph_Driver/src/stm32f4xx_rcc.o
 .debug_line    0x00002e22      0x549 ./STM32F4xx_StdPeriph_Driver/src/stm32f4xx_syscfg.o
 .debug_line    0x0000336b      0x87a ./STM32F4xx_StdPeriph_Driver/src/stm32f4xx_tim.o
 .debug_line    0x00003be5      0x62d ./STM32F4xx_StdPeriph_Driver/src/stm32f4xx_usart.o
 .debug_line    0x00004212       0x83 ./STM32F4xx/Source/startup_stm32f4xx.o
 .debug_line    0x00004295      0x55f ./Discovery/stm32f4_discovery.o

.debug_str      0x00000000    0x58ae8
 .debug_str     0x00000000    0x56290 ./src/comunication.o
                              0x56455 (size before relaxing)
 .debug_str     0x00056290      0x4fb ./src/main.o
                              0x5679a (size before relaxing)
 .debug_str     0x0005678b      0x107 ./src/stm32f4xx_it.o
                              0x55d04 (size before relaxing)
 .debug_str     0x00056892      0x18b ./src/system_stm32f4xx.o
                              0x55b1c (size before relaxing)
 .debug_str     0x00056a1d      0x125 ./STM32F4xx_StdPeriph_Driver/src/misc.o
                              0x55b48 (size before relaxing)
 .debug_str     0x00056b42      0x1c7 ./STM32F4xx_StdPeriph_Driver/src/stm32f4xx_exti.o
                              0x55acb (size before relaxing)
 .debug_str     0x00056d09      0x166 ./STM32F4xx_StdPeriph_Driver/src/stm32f4xx_gpio.o
                              0x55c1a (size before relaxing)
 .debug_str     0x00056e6f      0x9d1 ./STM32F4xx_StdPeriph_Driver/src/stm32f4xx_rcc.o
                              0x56474 (size before relaxing)
 .debug_str     0x00057840      0x2ac ./STM32F4xx_StdPeriph_Driver/src/stm32f4xx_syscfg.o
                              0x55bbb (size before relaxing)
 .debug_str     0x00057aec      0xa1d ./STM32F4xx_StdPeriph_Driver/src/stm32f4xx_tim.o
                              0x56615 (size before relaxing)
 .debug_str     0x00058509      0x472 ./STM32F4xx_StdPeriph_Driver/src/stm32f4xx_usart.o
                              0x55f43 (size before relaxing)
 .debug_str     0x0005897b      0x16d ./Discovery/stm32f4_discovery.o
                              0x56546 (size before relaxing)

.comment        0x00000000       0x70
 .comment       0x00000000       0x70 ./src/comunication.o
                                 0x71 (size before relaxing)
 .comment       0x00000000       0x71 ./src/main.o
 .comment       0x00000000       0x71 ./src/stm32f4xx_it.o
 .comment       0x00000000       0x71 ./src/system_stm32f4xx.o
 .comment       0x00000000       0x71 ./STM32F4xx_StdPeriph_Driver/src/misc.o
 .comment       0x00000000       0x71 ./STM32F4xx_StdPeriph_Driver/src/stm32f4xx_exti.o
 .comment       0x00000000       0x71 ./STM32F4xx_StdPeriph_Driver/src/stm32f4xx_gpio.o
 .comment       0x00000000       0x71 ./STM32F4xx_StdPeriph_Driver/src/stm32f4xx_rcc.o
 .comment       0x00000000       0x71 ./STM32F4xx_StdPeriph_Driver/src/stm32f4xx_syscfg.o
 .comment       0x00000000       0x71 ./STM32F4xx_StdPeriph_Driver/src/stm32f4xx_tim.o
 .comment       0x00000000       0x71 ./STM32F4xx_StdPeriph_Driver/src/stm32f4xx_usart.o
 .comment       0x00000000       0x71 ./Discovery/stm32f4_discovery.o

.debug_frame    0x00000000     0x1220
 .debug_frame   0x00000000       0xb0 ./src/comunication.o
 .debug_frame   0x000000b0       0xc0 ./src/main.o
 .debug_frame   0x00000170      0x14c ./src/stm32f4xx_it.o
 .debug_frame   0x000002bc       0x50 ./src/system_stm32f4xx.o
 .debug_frame   0x0000030c       0x68 ./STM32F4xx_StdPeriph_Driver/src/misc.o
 .debug_frame   0x00000374       0x98 ./STM32F4xx_StdPeriph_Driver/src/stm32f4xx_exti.o
 .debug_frame   0x0000040c      0x11c ./STM32F4xx_StdPeriph_Driver/src/stm32f4xx_gpio.o
 .debug_frame   0x00000528      0x2e4 ./STM32F4xx_StdPeriph_Driver/src/stm32f4xx_rcc.o
 .debug_frame   0x0000080c       0x88 ./STM32F4xx_StdPeriph_Driver/src/stm32f4xx_syscfg.o
 .debug_frame   0x00000894      0x6d8 ./STM32F4xx_StdPeriph_Driver/src/stm32f4xx_tim.o
 .debug_frame   0x00000f6c      0x218 ./STM32F4xx_StdPeriph_Driver/src/stm32f4xx_usart.o
 .debug_frame   0x00001184       0x9c ./Discovery/stm32f4_discovery.o

.debug_ranges   0x00000000       0x20
 .debug_ranges  0x00000000       0x20 ./STM32F4xx/Source/startup_stm32f4xx.o

Cross Reference Table

Symbol                                            File
ADC_AnalogWatchdogCmd                             ./STM32F4xx_StdPeriph_Driver/src/stm32f4xx_adc.o
ADC_AnalogWatchdogSingleChannelConfig             ./STM32F4xx_StdPeriph_Driver/src/stm32f4xx_adc.o
ADC_AnalogWatchdogThresholdsConfig                ./STM32F4xx_StdPeriph_Driver/src/stm32f4xx_adc.o
ADC_AutoInjectedConvCmd                           ./STM32F4xx_StdPeriph_Driver/src/stm32f4xx_adc.o
ADC_ClearFlag                                     ./STM32F4xx_StdPeriph_Driver/src/stm32f4xx_adc.o
ADC_ClearITPendingBit                             ./STM32F4xx_StdPeriph_Driver/src/stm32f4xx_adc.o
ADC_Cmd                                           ./STM32F4xx_StdPeriph_Driver/src/stm32f4xx_adc.o
ADC_CommonInit                                    ./STM32F4xx_StdPeriph_Driver/src/stm32f4xx_adc.o
ADC_CommonStructInit                              ./STM32F4xx_StdPeriph_Driver/src/stm32f4xx_adc.o
ADC_ContinuousModeCmd                             ./STM32F4xx_StdPeriph_Driver/src/stm32f4xx_adc.o
ADC_DMACmd                                        ./STM32F4xx_StdPeriph_Driver/src/stm32f4xx_adc.o
ADC_DMARequestAfterLastTransferCmd                ./STM32F4xx_StdPeriph_Driver/src/stm32f4xx_adc.o
ADC_DeInit                                        ./STM32F4xx_StdPeriph_Driver/src/stm32f4xx_adc.o
ADC_DiscModeChannelCountConfig                    ./STM32F4xx_StdPeriph_Driver/src/stm32f4xx_adc.o
ADC_DiscModeCmd                                   ./STM32F4xx_StdPeriph_Driver/src/stm32f4xx_adc.o
ADC_EOCOnEachRegularChannelCmd                    ./STM32F4xx_StdPeriph_Driver/src/stm32f4xx_adc.o
ADC_ExternalTrigInjectedConvConfig                ./STM32F4xx_StdPeriph_Driver/src/stm32f4xx_adc.o
ADC_ExternalTrigInjectedConvEdgeConfig            ./STM32F4xx_StdPeriph_Driver/src/stm32f4xx_adc.o
ADC_GetConversionValue                            ./STM32F4xx_StdPeriph_Driver/src/stm32f4xx_adc.o
ADC_GetFlagStatus                                 ./STM32F4xx_StdPeriph_Driver/src/stm32f4xx_adc.o
ADC_GetITStatus                                   ./STM32F4xx_StdPeriph_Driver/src/stm32f4xx_adc.o
ADC_GetInjectedConversionValue                    ./STM32F4xx_StdPeriph_Driver/src/stm32f4xx_adc.o
ADC_GetMultiModeConversionValue                   ./STM32F4xx_StdPeriph_Driver/src/stm32f4xx_adc.o
ADC_GetSoftwareStartConvStatus                    ./STM32F4xx_StdPeriph_Driver/src/stm32f4xx_adc.o
ADC_GetSoftwareStartInjectedConvCmdStatus         ./STM32F4xx_StdPeriph_Driver/src/stm32f4xx_adc.o
ADC_IRQHandler                                    ./STM32F4xx/Source/startup_stm32f4xx.o
ADC_ITConfig                                      ./STM32F4xx_StdPeriph_Driver/src/stm32f4xx_adc.o
ADC_Init                                          ./STM32F4xx_StdPeriph_Driver/src/stm32f4xx_adc.o
ADC_InjectedChannelConfig                         ./STM32F4xx_StdPeriph_Driver/src/stm32f4xx_adc.o
ADC_InjectedDiscModeCmd                           ./STM32F4xx_StdPeriph_Driver/src/stm32f4xx_adc.o
ADC_InjectedSequencerLengthConfig                 ./STM32F4xx_StdPeriph_Driver/src/stm32f4xx_adc.o
ADC_MultiModeDMARequestAfterLastTransferCmd       ./STM32F4xx_StdPeriph_Driver/src/stm32f4xx_adc.o
ADC_RegularChannelConfig                          ./STM32F4xx_StdPeriph_Driver/src/stm32f4xx_adc.o
ADC_SetInjectedOffset                             ./STM32F4xx_StdPeriph_Driver/src/stm32f4xx_adc.o
ADC_SoftwareStartConv                             ./STM32F4xx_StdPeriph_Driver/src/stm32f4xx_adc.o
ADC_SoftwareStartInjectedConv                     ./STM32F4xx_StdPeriph_Driver/src/stm32f4xx_adc.o
ADC_StructInit                                    ./STM32F4xx_StdPeriph_Driver/src/stm32f4xx_adc.o
ADC_TempSensorVrefintCmd                          ./STM32F4xx_StdPeriph_Driver/src/stm32f4xx_adc.o
ADC_VBATCmd                                       ./STM32F4xx_StdPeriph_Driver/src/stm32f4xx_adc.o
AHBPrescTable                                     ./src/system_stm32f4xx.o
BUTTON_CLK                                        ./Discovery/stm32f4_discovery.o
BUTTON_EXTI_LINE                                  ./Discovery/stm32f4_discovery.o
BUTTON_IRQn                                       ./Discovery/stm32f4_discovery.o
BUTTON_PIN                                        ./Discovery/stm32f4_discovery.o
BUTTON_PIN_SOURCE                                 ./Discovery/stm32f4_discovery.o
BUTTON_PORT                                       ./Discovery/stm32f4_discovery.o
BUTTON_PORT_SOURCE                                ./Discovery/stm32f4_discovery.o
BusFault_Handler                                  ./src/stm32f4xx_it.o
CAN1_RX0_IRQHandler                               ./STM32F4xx/Source/startup_stm32f4xx.o
CAN1_RX1_IRQHandler                               ./STM32F4xx/Source/startup_stm32f4xx.o
CAN1_SCE_IRQHandler                               ./STM32F4xx/Source/startup_stm32f4xx.o
CAN1_TX_IRQHandler                                ./STM32F4xx/Source/startup_stm32f4xx.o
CAN2_RX0_IRQHandler                               ./STM32F4xx/Source/startup_stm32f4xx.o
CAN2_RX1_IRQHandler                               ./STM32F4xx/Source/startup_stm32f4xx.o
CAN2_SCE_IRQHandler                               ./STM32F4xx/Source/startup_stm32f4xx.o
CAN2_TX_IRQHandler                                ./STM32F4xx/Source/startup_stm32f4xx.o
CAN_CancelTransmit                                ./STM32F4xx_StdPeriph_Driver/src/stm32f4xx_can.o
CAN_ClearFlag                                     ./STM32F4xx_StdPeriph_Driver/src/stm32f4xx_can.o
CAN_ClearITPendingBit                             ./STM32F4xx_StdPeriph_Driver/src/stm32f4xx_can.o
CAN_DBGFreeze                                     ./STM32F4xx_StdPeriph_Driver/src/stm32f4xx_can.o
CAN_DeInit                                        ./STM32F4xx_StdPeriph_Driver/src/stm32f4xx_can.o
CAN_FIFORelease                                   ./STM32F4xx_StdPeriph_Driver/src/stm32f4xx_can.o
CAN_FilterInit                                    ./STM32F4xx_StdPeriph_Driver/src/stm32f4xx_can.o
CAN_GetFlagStatus                                 ./STM32F4xx_StdPeriph_Driver/src/stm32f4xx_can.o
CAN_GetITStatus                                   ./STM32F4xx_StdPeriph_Driver/src/stm32f4xx_can.o
CAN_GetLSBTransmitErrorCounter                    ./STM32F4xx_StdPeriph_Driver/src/stm32f4xx_can.o
CAN_GetLastErrorCode                              ./STM32F4xx_StdPeriph_Driver/src/stm32f4xx_can.o
CAN_GetReceiveErrorCounter                        ./STM32F4xx_StdPeriph_Driver/src/stm32f4xx_can.o
CAN_ITConfig                                      ./STM32F4xx_StdPeriph_Driver/src/stm32f4xx_can.o
CAN_Init                                          ./STM32F4xx_StdPeriph_Driver/src/stm32f4xx_can.o
CAN_MessagePending                                ./STM32F4xx_StdPeriph_Driver/src/stm32f4xx_can.o
CAN_OperatingModeRequest                          ./STM32F4xx_StdPeriph_Driver/src/stm32f4xx_can.o
CAN_Receive                                       ./STM32F4xx_StdPeriph_Driver/src/stm32f4xx_can.o
CAN_SlaveStartBank                                ./STM32F4xx_StdPeriph_Driver/src/stm32f4xx_can.o
CAN_Sleep                                         ./STM32F4xx_StdPeriph_Driver/src/stm32f4xx_can.o
CAN_StructInit                                    ./STM32F4xx_StdPeriph_Driver/src/stm32f4xx_can.o
CAN_TTComModeCmd                                  ./STM32F4xx_StdPeriph_Driver/src/stm32f4xx_can.o
CAN_Transmit                                      ./STM32F4xx_StdPeriph_Driver/src/stm32f4xx_can.o
CAN_TransmitStatus                                ./STM32F4xx_StdPeriph_Driver/src/stm32f4xx_can.o
CAN_WakeUp                                        ./STM32F4xx_StdPeriph_Driver/src/stm32f4xx_can.o
CRC_CalcBlockCRC                                  ./STM32F4xx_StdPeriph_Driver/src/stm32f4xx_crc.o
CRC_CalcCRC                                       ./STM32F4xx_StdPeriph_Driver/src/stm32f4xx_crc.o
CRC_GetCRC                                        ./STM32F4xx_StdPeriph_Driver/src/stm32f4xx_crc.o
CRC_GetIDRegister                                 ./STM32F4xx_StdPeriph_Driver/src/stm32f4xx_crc.o
CRC_ResetDR                                       ./STM32F4xx_StdPeriph_Driver/src/stm32f4xx_crc.o
CRC_SetIDRegister                                 ./STM32F4xx_StdPeriph_Driver/src/stm32f4xx_crc.o
CRYP_AES_CBC                                      ./STM32F4xx_StdPeriph_Driver/src/stm32f4xx_cryp_aes.o
CRYP_AES_CTR                                      ./STM32F4xx_StdPeriph_Driver/src/stm32f4xx_cryp_aes.o
CRYP_AES_ECB                                      ./STM32F4xx_StdPeriph_Driver/src/stm32f4xx_cryp_aes.o
CRYP_Cmd                                          ./STM32F4xx_StdPeriph_Driver/src/stm32f4xx_cryp.o
                                                  ./STM32F4xx_StdPeriph_Driver/src/stm32f4xx_cryp_tdes.o
                                                  ./STM32F4xx_StdPeriph_Driver/src/stm32f4xx_cryp_des.o
                                                  ./STM32F4xx_StdPeriph_Driver/src/stm32f4xx_cryp_aes.o
CRYP_DES_CBC                                      ./STM32F4xx_StdPeriph_Driver/src/stm32f4xx_cryp_des.o
CRYP_DES_ECB                                      ./STM32F4xx_StdPeriph_Driver/src/stm32f4xx_cryp_des.o
CRYP_DMACmd                                       ./STM32F4xx_StdPeriph_Driver/src/stm32f4xx_cryp.o
CRYP_DataIn                                       ./STM32F4xx_StdPeriph_Driver/src/stm32f4xx_cryp.o
                                                  ./STM32F4xx_StdPeriph_Driver/src/stm32f4xx_cryp_tdes.o
                                                  ./STM32F4xx_StdPeriph_Driver/src/stm32f4xx_cryp_des.o
                                                  ./STM32F4xx_StdPeriph_Driver/src/stm32f4xx_cryp_aes.o
CRYP_DataOut                                      ./STM32F4xx_StdPeriph_Driver/src/stm32f4xx_cryp.o
                                                  ./STM32F4xx_StdPeriph_Driver/src/stm32f4xx_cryp_tdes.o
                                                  ./STM32F4xx_StdPeriph_Driver/src/stm32f4xx_cryp_des.o
                                                  ./STM32F4xx_StdPeriph_Driver/src/stm32f4xx_cryp_aes.o
CRYP_DeInit                                       ./STM32F4xx_StdPeriph_Driver/src/stm32f4xx_cryp.o
CRYP_FIFOFlush                                    ./STM32F4xx_StdPeriph_Driver/src/stm32f4xx_cryp.o
                                                  ./STM32F4xx_StdPeriph_Driver/src/stm32f4xx_cryp_tdes.o
                                                  ./STM32F4xx_StdPeriph_Driver/src/stm32f4xx_cryp_des.o
                                                  ./STM32F4xx_StdPeriph_Driver/src/stm32f4xx_cryp_aes.o
CRYP_GetFlagStatus                                ./STM32F4xx_StdPeriph_Driver/src/stm32f4xx_cryp.o
                                                  ./STM32F4xx_StdPeriph_Driver/src/stm32f4xx_cryp_tdes.o
                                                  ./STM32F4xx_StdPeriph_Driver/src/stm32f4xx_cryp_des.o
                                                  ./STM32F4xx_StdPeriph_Driver/src/stm32f4xx_cryp_aes.o
CRYP_GetITStatus                                  ./STM32F4xx_StdPeriph_Driver/src/stm32f4xx_cryp.o
CRYP_IRQHandler                                   ./STM32F4xx/Source/startup_stm32f4xx.o
CRYP_ITConfig                                     ./STM32F4xx_StdPeriph_Driver/src/stm32f4xx_cryp.o
CRYP_IVInit                                       ./STM32F4xx_StdPeriph_Driver/src/stm32f4xx_cryp.o
                                                  ./STM32F4xx_StdPeriph_Driver/src/stm32f4xx_cryp_tdes.o
                                                  ./STM32F4xx_StdPeriph_Driver/src/stm32f4xx_cryp_des.o
                                                  ./STM32F4xx_StdPeriph_Driver/src/stm32f4xx_cryp_aes.o
CRYP_IVStructInit                                 ./STM32F4xx_StdPeriph_Driver/src/stm32f4xx_cryp.o
CRYP_Init                                         ./STM32F4xx_StdPeriph_Driver/src/stm32f4xx_cryp.o
                                                  ./STM32F4xx_StdPeriph_Driver/src/stm32f4xx_cryp_tdes.o
                                                  ./STM32F4xx_StdPeriph_Driver/src/stm32f4xx_cryp_des.o
                                                  ./STM32F4xx_StdPeriph_Driver/src/stm32f4xx_cryp_aes.o
CRYP_KeyInit                                      ./STM32F4xx_StdPeriph_Driver/src/stm32f4xx_cryp.o
                                                  ./STM32F4xx_StdPeriph_Driver/src/stm32f4xx_cryp_tdes.o
                                                  ./STM32F4xx_StdPeriph_Driver/src/stm32f4xx_cryp_des.o
                                                  ./STM32F4xx_StdPeriph_Driver/src/stm32f4xx_cryp_aes.o
CRYP_KeyStructInit                                ./STM32F4xx_StdPeriph_Driver/src/stm32f4xx_cryp.o
                                                  ./STM32F4xx_StdPeriph_Driver/src/stm32f4xx_cryp_tdes.o
                                                  ./STM32F4xx_StdPeriph_Driver/src/stm32f4xx_cryp_des.o
                                                  ./STM32F4xx_StdPeriph_Driver/src/stm32f4xx_cryp_aes.o
CRYP_RestoreContext                               ./STM32F4xx_StdPeriph_Driver/src/stm32f4xx_cryp.o
CRYP_SaveContext                                  ./STM32F4xx_StdPeriph_Driver/src/stm32f4xx_cryp.o
CRYP_StructInit                                   ./STM32F4xx_StdPeriph_Driver/src/stm32f4xx_cryp.o
CRYP_TDES_CBC                                     ./STM32F4xx_StdPeriph_Driver/src/stm32f4xx_cryp_tdes.o
CRYP_TDES_ECB                                     ./STM32F4xx_StdPeriph_Driver/src/stm32f4xx_cryp_tdes.o
DAC_ClearFlag                                     ./STM32F4xx_StdPeriph_Driver/src/stm32f4xx_dac.o
DAC_ClearITPendingBit                             ./STM32F4xx_StdPeriph_Driver/src/stm32f4xx_dac.o
DAC_Cmd                                           ./STM32F4xx_StdPeriph_Driver/src/stm32f4xx_dac.o
DAC_DMACmd                                        ./STM32F4xx_StdPeriph_Driver/src/stm32f4xx_dac.o
DAC_DeInit                                        ./STM32F4xx_StdPeriph_Driver/src/stm32f4xx_dac.o
DAC_DualSoftwareTriggerCmd                        ./STM32F4xx_StdPeriph_Driver/src/stm32f4xx_dac.o
DAC_GetDataOutputValue                            ./STM32F4xx_StdPeriph_Driver/src/stm32f4xx_dac.o
DAC_GetFlagStatus                                 ./STM32F4xx_StdPeriph_Driver/src/stm32f4xx_dac.o
DAC_GetITStatus                                   ./STM32F4xx_StdPeriph_Driver/src/stm32f4xx_dac.o
DAC_ITConfig                                      ./STM32F4xx_StdPeriph_Driver/src/stm32f4xx_dac.o
DAC_Init                                          ./STM32F4xx_StdPeriph_Driver/src/stm32f4xx_dac.o
DAC_SetChannel1Data                               ./STM32F4xx_StdPeriph_Driver/src/stm32f4xx_dac.o
DAC_SetChannel2Data                               ./STM32F4xx_StdPeriph_Driver/src/stm32f4xx_dac.o
DAC_SetDualChannelData                            ./STM32F4xx_StdPeriph_Driver/src/stm32f4xx_dac.o
DAC_SoftwareTriggerCmd                            ./STM32F4xx_StdPeriph_Driver/src/stm32f4xx_dac.o
DAC_StructInit                                    ./STM32F4xx_StdPeriph_Driver/src/stm32f4xx_dac.o
DAC_WaveGenerationCmd                             ./STM32F4xx_StdPeriph_Driver/src/stm32f4xx_dac.o
DBGMCU_APB1PeriphConfig                           ./STM32F4xx_StdPeriph_Driver/src/stm32f4xx_dbgmcu.o
DBGMCU_APB2PeriphConfig                           ./STM32F4xx_StdPeriph_Driver/src/stm32f4xx_dbgmcu.o
DBGMCU_Config                                     ./STM32F4xx_StdPeriph_Driver/src/stm32f4xx_dbgmcu.o
DBGMCU_GetDEVID                                   ./STM32F4xx_StdPeriph_Driver/src/stm32f4xx_dbgmcu.o
DBGMCU_GetREVID                                   ./STM32F4xx_StdPeriph_Driver/src/stm32f4xx_dbgmcu.o
DCMI_CROPCmd                                      ./STM32F4xx_StdPeriph_Driver/src/stm32f4xx_dcmi.o
DCMI_CROPConfig                                   ./STM32F4xx_StdPeriph_Driver/src/stm32f4xx_dcmi.o
DCMI_CaptureCmd                                   ./STM32F4xx_StdPeriph_Driver/src/stm32f4xx_dcmi.o
DCMI_ClearFlag                                    ./STM32F4xx_StdPeriph_Driver/src/stm32f4xx_dcmi.o
DCMI_ClearITPendingBit                            ./STM32F4xx_StdPeriph_Driver/src/stm32f4xx_dcmi.o
DCMI_Cmd                                          ./STM32F4xx_StdPeriph_Driver/src/stm32f4xx_dcmi.o
DCMI_DeInit                                       ./STM32F4xx_StdPeriph_Driver/src/stm32f4xx_dcmi.o
DCMI_GetFlagStatus                                ./STM32F4xx_StdPeriph_Driver/src/stm32f4xx_dcmi.o
DCMI_GetITStatus                                  ./STM32F4xx_StdPeriph_Driver/src/stm32f4xx_dcmi.o
DCMI_IRQHandler                                   ./STM32F4xx/Source/startup_stm32f4xx.o
DCMI_ITConfig                                     ./STM32F4xx_StdPeriph_Driver/src/stm32f4xx_dcmi.o
DCMI_Init                                         ./STM32F4xx_StdPeriph_Driver/src/stm32f4xx_dcmi.o
DCMI_JPEGCmd                                      ./STM32F4xx_StdPeriph_Driver/src/stm32f4xx_dcmi.o
DCMI_ReadData                                     ./STM32F4xx_StdPeriph_Driver/src/stm32f4xx_dcmi.o
DCMI_SetEmbeddedSynchroCodes                      ./STM32F4xx_StdPeriph_Driver/src/stm32f4xx_dcmi.o
DCMI_StructInit                                   ./STM32F4xx_StdPeriph_Driver/src/stm32f4xx_dcmi.o
DMA1_Stream0_IRQHandler                           ./STM32F4xx/Source/startup_stm32f4xx.o
DMA1_Stream1_IRQHandler                           ./STM32F4xx/Source/startup_stm32f4xx.o
DMA1_Stream2_IRQHandler                           ./STM32F4xx/Source/startup_stm32f4xx.o
DMA1_Stream3_IRQHandler                           ./STM32F4xx/Source/startup_stm32f4xx.o
DMA1_Stream4_IRQHandler                           ./STM32F4xx/Source/startup_stm32f4xx.o
DMA1_Stream5_IRQHandler                           ./STM32F4xx/Source/startup_stm32f4xx.o
DMA1_Stream6_IRQHandler                           ./STM32F4xx/Source/startup_stm32f4xx.o
DMA1_Stream7_IRQHandler                           ./STM32F4xx/Source/startup_stm32f4xx.o
DMA2_Stream0_IRQHandler                           ./STM32F4xx/Source/startup_stm32f4xx.o
DMA2_Stream1_IRQHandler                           ./STM32F4xx/Source/startup_stm32f4xx.o
DMA2_Stream2_IRQHandler                           ./STM32F4xx/Source/startup_stm32f4xx.o
DMA2_Stream3_IRQHandler                           ./STM32F4xx/Source/startup_stm32f4xx.o
DMA2_Stream4_IRQHandler                           ./STM32F4xx/Source/startup_stm32f4xx.o
DMA2_Stream5_IRQHandler                           ./STM32F4xx/Source/startup_stm32f4xx.o
DMA2_Stream6_IRQHandler                           ./STM32F4xx/Source/startup_stm32f4xx.o
DMA2_Stream7_IRQHandler                           ./STM32F4xx/Source/startup_stm32f4xx.o
DMA_ClearFlag                                     ./STM32F4xx_StdPeriph_Driver/src/stm32f4xx_dma.o
DMA_ClearITPendingBit                             ./STM32F4xx_StdPeriph_Driver/src/stm32f4xx_dma.o
DMA_Cmd                                           ./STM32F4xx_StdPeriph_Driver/src/stm32f4xx_dma.o
DMA_DeInit                                        ./STM32F4xx_StdPeriph_Driver/src/stm32f4xx_dma.o
DMA_DoubleBufferModeCmd                           ./STM32F4xx_StdPeriph_Driver/src/stm32f4xx_dma.o
DMA_DoubleBufferModeConfig                        ./STM32F4xx_StdPeriph_Driver/src/stm32f4xx_dma.o
DMA_FlowControllerConfig                          ./STM32F4xx_StdPeriph_Driver/src/stm32f4xx_dma.o
DMA_GetCmdStatus                                  ./STM32F4xx_StdPeriph_Driver/src/stm32f4xx_dma.o
DMA_GetCurrDataCounter                            ./STM32F4xx_StdPeriph_Driver/src/stm32f4xx_dma.o
DMA_GetCurrentMemoryTarget                        ./STM32F4xx_StdPeriph_Driver/src/stm32f4xx_dma.o
DMA_GetFIFOStatus                                 ./STM32F4xx_StdPeriph_Driver/src/stm32f4xx_dma.o
DMA_GetFlagStatus                                 ./STM32F4xx_StdPeriph_Driver/src/stm32f4xx_dma.o
DMA_GetITStatus                                   ./STM32F4xx_StdPeriph_Driver/src/stm32f4xx_dma.o
DMA_ITConfig                                      ./STM32F4xx_StdPeriph_Driver/src/stm32f4xx_dma.o
DMA_Init                                          ./STM32F4xx_StdPeriph_Driver/src/stm32f4xx_dma.o
DMA_MemoryTargetConfig                            ./STM32F4xx_StdPeriph_Driver/src/stm32f4xx_dma.o
DMA_PeriphIncOffsetSizeConfig                     ./STM32F4xx_StdPeriph_Driver/src/stm32f4xx_dma.o
DMA_SetCurrDataCounter                            ./STM32F4xx_StdPeriph_Driver/src/stm32f4xx_dma.o
DMA_StructInit                                    ./STM32F4xx_StdPeriph_Driver/src/stm32f4xx_dma.o
DebugMon_Handler                                  ./src/stm32f4xx_it.o
Default_Handler                                   ./STM32F4xx/Source/startup_stm32f4xx.o
Delay                                             ./src/stm32f4xx_it.o
                                                  ./src/main.o
ETH_IRQHandler                                    ./STM32F4xx/Source/startup_stm32f4xx.o
ETH_WKUP_IRQHandler                               ./STM32F4xx/Source/startup_stm32f4xx.o
EXTI0_IRQHandler                                  ./src/stm32f4xx_it.o
EXTI15_10_IRQHandler                              ./STM32F4xx/Source/startup_stm32f4xx.o
EXTI1_IRQHandler                                  ./STM32F4xx/Source/startup_stm32f4xx.o
EXTI2_IRQHandler                                  ./STM32F4xx/Source/startup_stm32f4xx.o
EXTI3_IRQHandler                                  ./STM32F4xx/Source/startup_stm32f4xx.o
EXTI4_IRQHandler                                  ./STM32F4xx/Source/startup_stm32f4xx.o
EXTI9_5_IRQHandler                                ./STM32F4xx/Source/startup_stm32f4xx.o
EXTI_ClearFlag                                    ./STM32F4xx_StdPeriph_Driver/src/stm32f4xx_exti.o
EXTI_ClearITPendingBit                            ./STM32F4xx_StdPeriph_Driver/src/stm32f4xx_exti.o
                                                  ./src/stm32f4xx_it.o
EXTI_DeInit                                       ./STM32F4xx_StdPeriph_Driver/src/stm32f4xx_exti.o
EXTI_GenerateSWInterrupt                          ./STM32F4xx_StdPeriph_Driver/src/stm32f4xx_exti.o
EXTI_GetFlagStatus                                ./STM32F4xx_StdPeriph_Driver/src/stm32f4xx_exti.o
EXTI_GetITStatus                                  ./STM32F4xx_StdPeriph_Driver/src/stm32f4xx_exti.o
                                                  ./src/stm32f4xx_it.o
EXTI_Init                                         ./STM32F4xx_StdPeriph_Driver/src/stm32f4xx_exti.o
                                                  ./Discovery/stm32f4_discovery.o
EXTI_StructInit                                   ./STM32F4xx_StdPeriph_Driver/src/stm32f4xx_exti.o
FLASH_ClearFlag                                   ./STM32F4xx_StdPeriph_Driver/src/stm32f4xx_flash.o
FLASH_DataCacheCmd                                ./STM32F4xx_StdPeriph_Driver/src/stm32f4xx_flash.o
FLASH_DataCacheReset                              ./STM32F4xx_StdPeriph_Driver/src/stm32f4xx_flash.o
FLASH_EraseAllSectors                             ./STM32F4xx_StdPeriph_Driver/src/stm32f4xx_flash.o
FLASH_EraseSector                                 ./STM32F4xx_StdPeriph_Driver/src/stm32f4xx_flash.o
FLASH_GetFlagStatus                               ./STM32F4xx_StdPeriph_Driver/src/stm32f4xx_flash.o
FLASH_GetStatus                                   ./STM32F4xx_StdPeriph_Driver/src/stm32f4xx_flash.o
FLASH_IRQHandler                                  ./STM32F4xx/Source/startup_stm32f4xx.o
FLASH_ITConfig                                    ./STM32F4xx_StdPeriph_Driver/src/stm32f4xx_flash.o
FLASH_InstructionCacheCmd                         ./STM32F4xx_StdPeriph_Driver/src/stm32f4xx_flash.o
FLASH_InstructionCacheReset                       ./STM32F4xx_StdPeriph_Driver/src/stm32f4xx_flash.o
FLASH_Lock                                        ./STM32F4xx_StdPeriph_Driver/src/stm32f4xx_flash.o
FLASH_OB_BORConfig                                ./STM32F4xx_StdPeriph_Driver/src/stm32f4xx_flash.o
FLASH_OB_GetBOR                                   ./STM32F4xx_StdPeriph_Driver/src/stm32f4xx_flash.o
FLASH_OB_GetRDP                                   ./STM32F4xx_StdPeriph_Driver/src/stm32f4xx_flash.o
FLASH_OB_GetUser                                  ./STM32F4xx_StdPeriph_Driver/src/stm32f4xx_flash.o
FLASH_OB_GetWRP                                   ./STM32F4xx_StdPeriph_Driver/src/stm32f4xx_flash.o
FLASH_OB_Launch                                   ./STM32F4xx_StdPeriph_Driver/src/stm32f4xx_flash.o
FLASH_OB_Lock                                     ./STM32F4xx_StdPeriph_Driver/src/stm32f4xx_flash.o
FLASH_OB_RDPConfig                                ./STM32F4xx_StdPeriph_Driver/src/stm32f4xx_flash.o
FLASH_OB_Unlock                                   ./STM32F4xx_StdPeriph_Driver/src/stm32f4xx_flash.o
FLASH_OB_UserConfig                               ./STM32F4xx_StdPeriph_Driver/src/stm32f4xx_flash.o
FLASH_OB_WRPConfig                                ./STM32F4xx_StdPeriph_Driver/src/stm32f4xx_flash.o
FLASH_PrefetchBufferCmd                           ./STM32F4xx_StdPeriph_Driver/src/stm32f4xx_flash.o
FLASH_ProgramByte                                 ./STM32F4xx_StdPeriph_Driver/src/stm32f4xx_flash.o
FLASH_ProgramDoubleWord                           ./STM32F4xx_StdPeriph_Driver/src/stm32f4xx_flash.o
FLASH_ProgramHalfWord                             ./STM32F4xx_StdPeriph_Driver/src/stm32f4xx_flash.o
FLASH_ProgramWord                                 ./STM32F4xx_StdPeriph_Driver/src/stm32f4xx_flash.o
FLASH_SetLatency                                  ./STM32F4xx_StdPeriph_Driver/src/stm32f4xx_flash.o
FLASH_Unlock                                      ./STM32F4xx_StdPeriph_Driver/src/stm32f4xx_flash.o
FLASH_WaitForLastOperation                        ./STM32F4xx_StdPeriph_Driver/src/stm32f4xx_flash.o
FPU_IRQHandler                                    ./STM32F4xx/Source/startup_stm32f4xx.o
FSMC_ClearFlag                                    ./STM32F4xx_StdPeriph_Driver/src/stm32f4xx_fsmc.o
FSMC_ClearITPendingBit                            ./STM32F4xx_StdPeriph_Driver/src/stm32f4xx_fsmc.o
FSMC_GetECC                                       ./STM32F4xx_StdPeriph_Driver/src/stm32f4xx_fsmc.o
FSMC_GetFlagStatus                                ./STM32F4xx_StdPeriph_Driver/src/stm32f4xx_fsmc.o
FSMC_GetITStatus                                  ./STM32F4xx_StdPeriph_Driver/src/stm32f4xx_fsmc.o
FSMC_IRQHandler                                   ./STM32F4xx/Source/startup_stm32f4xx.o
FSMC_ITConfig                                     ./STM32F4xx_StdPeriph_Driver/src/stm32f4xx_fsmc.o
FSMC_NANDCmd                                      ./STM32F4xx_StdPeriph_Driver/src/stm32f4xx_fsmc.o
FSMC_NANDDeInit                                   ./STM32F4xx_StdPeriph_Driver/src/stm32f4xx_fsmc.o
FSMC_NANDECCCmd                                   ./STM32F4xx_StdPeriph_Driver/src/stm32f4xx_fsmc.o
FSMC_NANDInit                                     ./STM32F4xx_StdPeriph_Driver/src/stm32f4xx_fsmc.o
FSMC_NANDStructInit                               ./STM32F4xx_StdPeriph_Driver/src/stm32f4xx_fsmc.o
FSMC_NORSRAMCmd                                   ./STM32F4xx_StdPeriph_Driver/src/stm32f4xx_fsmc.o
FSMC_NORSRAMDeInit                                ./STM32F4xx_StdPeriph_Driver/src/stm32f4xx_fsmc.o
FSMC_NORSRAMInit                                  ./STM32F4xx_StdPeriph_Driver/src/stm32f4xx_fsmc.o
FSMC_NORSRAMStructInit                            ./STM32F4xx_StdPeriph_Driver/src/stm32f4xx_fsmc.o
FSMC_PCCARDCmd                                    ./STM32F4xx_StdPeriph_Driver/src/stm32f4xx_fsmc.o
FSMC_PCCARDDeInit                                 ./STM32F4xx_StdPeriph_Driver/src/stm32f4xx_fsmc.o
FSMC_PCCARDInit                                   ./STM32F4xx_StdPeriph_Driver/src/stm32f4xx_fsmc.o
FSMC_PCCARDStructInit                             ./STM32F4xx_StdPeriph_Driver/src/stm32f4xx_fsmc.o
GPIO_CLK                                          ./Discovery/stm32f4_discovery.o
GPIO_DeInit                                       ./STM32F4xx_StdPeriph_Driver/src/stm32f4xx_gpio.o
GPIO_Init                                         ./STM32F4xx_StdPeriph_Driver/src/stm32f4xx_gpio.o
                                                  ./Discovery/stm32f4_discovery.o
                                                  ./src/main.o
                                                  ./src/comunication.o
GPIO_PIN                                          ./Discovery/stm32f4_discovery.o
GPIO_PORT                                         ./Discovery/stm32f4_discovery.o
GPIO_PinAFConfig                                  ./STM32F4xx_StdPeriph_Driver/src/stm32f4xx_gpio.o
                                                  ./src/main.o
                                                  ./src/comunication.o
GPIO_PinLockConfig                                ./STM32F4xx_StdPeriph_Driver/src/stm32f4xx_gpio.o
GPIO_ReadInputData                                ./STM32F4xx_StdPeriph_Driver/src/stm32f4xx_gpio.o
GPIO_ReadInputDataBit                             ./STM32F4xx_StdPeriph_Driver/src/stm32f4xx_gpio.o
                                                  ./Discovery/stm32f4_discovery.o
GPIO_ReadOutputData                               ./STM32F4xx_StdPeriph_Driver/src/stm32f4xx_gpio.o
GPIO_ReadOutputDataBit                            ./STM32F4xx_StdPeriph_Driver/src/stm32f4xx_gpio.o
GPIO_ResetBits                                    ./STM32F4xx_StdPeriph_Driver/src/stm32f4xx_gpio.o
                                                  ./src/main.o
GPIO_SetBits                                      ./STM32F4xx_StdPeriph_Driver/src/stm32f4xx_gpio.o
                                                  ./src/main.o
GPIO_StructInit                                   ./STM32F4xx_StdPeriph_Driver/src/stm32f4xx_gpio.o
GPIO_ToggleBits                                   ./STM32F4xx_StdPeriph_Driver/src/stm32f4xx_gpio.o
GPIO_Write                                        ./STM32F4xx_StdPeriph_Driver/src/stm32f4xx_gpio.o
GPIO_WriteBit                                     ./STM32F4xx_StdPeriph_Driver/src/stm32f4xx_gpio.o
HASH_ClearFlag                                    ./STM32F4xx_StdPeriph_Driver/src/stm32f4xx_hash.o
HASH_ClearITPendingBit                            ./STM32F4xx_StdPeriph_Driver/src/stm32f4xx_hash.o
HASH_DMACmd                                       ./STM32F4xx_StdPeriph_Driver/src/stm32f4xx_hash.o
HASH_DataIn                                       ./STM32F4xx_StdPeriph_Driver/src/stm32f4xx_hash.o
                                                  ./STM32F4xx_StdPeriph_Driver/src/stm32f4xx_hash_sha1.o
                                                  ./STM32F4xx_StdPeriph_Driver/src/stm32f4xx_hash_md5.o
HASH_DeInit                                       ./STM32F4xx_StdPeriph_Driver/src/stm32f4xx_hash.o
                                                  ./STM32F4xx_StdPeriph_Driver/src/stm32f4xx_hash_sha1.o
                                                  ./STM32F4xx_StdPeriph_Driver/src/stm32f4xx_hash_md5.o
HASH_GetDigest                                    ./STM32F4xx_StdPeriph_Driver/src/stm32f4xx_hash.o
                                                  ./STM32F4xx_StdPeriph_Driver/src/stm32f4xx_hash_sha1.o
                                                  ./STM32F4xx_StdPeriph_Driver/src/stm32f4xx_hash_md5.o
HASH_GetFlagStatus                                ./STM32F4xx_StdPeriph_Driver/src/stm32f4xx_hash.o
                                                  ./STM32F4xx_StdPeriph_Driver/src/stm32f4xx_hash_sha1.o
                                                  ./STM32F4xx_StdPeriph_Driver/src/stm32f4xx_hash_md5.o
HASH_GetITStatus                                  ./STM32F4xx_StdPeriph_Driver/src/stm32f4xx_hash.o
HASH_GetInFIFOWordsNbr                            ./STM32F4xx_StdPeriph_Driver/src/stm32f4xx_hash.o
HASH_ITConfig                                     ./STM32F4xx_StdPeriph_Driver/src/stm32f4xx_hash.o
HASH_Init                                         ./STM32F4xx_StdPeriph_Driver/src/stm32f4xx_hash.o
                                                  ./STM32F4xx_StdPeriph_Driver/src/stm32f4xx_hash_sha1.o
                                                  ./STM32F4xx_StdPeriph_Driver/src/stm32f4xx_hash_md5.o
HASH_MD5                                          ./STM32F4xx_StdPeriph_Driver/src/stm32f4xx_hash_md5.o
HASH_RNG_IRQHandler                               ./STM32F4xx/Source/startup_stm32f4xx.o
HASH_Reset                                        ./STM32F4xx_StdPeriph_Driver/src/stm32f4xx_hash.o
HASH_RestoreContext                               ./STM32F4xx_StdPeriph_Driver/src/stm32f4xx_hash.o
HASH_SHA1                                         ./STM32F4xx_StdPeriph_Driver/src/stm32f4xx_hash_sha1.o
HASH_SaveContext                                  ./STM32F4xx_StdPeriph_Driver/src/stm32f4xx_hash.o
HASH_SetLastWordValidBitsNbr                      ./STM32F4xx_StdPeriph_Driver/src/stm32f4xx_hash.o
                                                  ./STM32F4xx_StdPeriph_Driver/src/stm32f4xx_hash_sha1.o
                                                  ./STM32F4xx_StdPeriph_Driver/src/stm32f4xx_hash_md5.o
HASH_StartDigest                                  ./STM32F4xx_StdPeriph_Driver/src/stm32f4xx_hash.o
                                                  ./STM32F4xx_StdPeriph_Driver/src/stm32f4xx_hash_sha1.o
                                                  ./STM32F4xx_StdPeriph_Driver/src/stm32f4xx_hash_md5.o
HASH_StructInit                                   ./STM32F4xx_StdPeriph_Driver/src/stm32f4xx_hash.o
HMAC_MD5                                          ./STM32F4xx_StdPeriph_Driver/src/stm32f4xx_hash_md5.o
HMAC_SHA1                                         ./STM32F4xx_StdPeriph_Driver/src/stm32f4xx_hash_sha1.o
HardFault_Handler                                 ./src/stm32f4xx_it.o
I2C1_ER_IRQHandler                                ./STM32F4xx/Source/startup_stm32f4xx.o
I2C1_EV_IRQHandler                                ./STM32F4xx/Source/startup_stm32f4xx.o
I2C2_ER_IRQHandler                                ./STM32F4xx/Source/startup_stm32f4xx.o
I2C2_EV_IRQHandler                                ./STM32F4xx/Source/startup_stm32f4xx.o
I2C3_ER_IRQHandler                                ./STM32F4xx/Source/startup_stm32f4xx.o
I2C3_EV_IRQHandler                                ./STM32F4xx/Source/startup_stm32f4xx.o
I2C_ARPCmd                                        ./STM32F4xx_StdPeriph_Driver/src/stm32f4xx_i2c.o
I2C_AcknowledgeConfig                             ./STM32F4xx_StdPeriph_Driver/src/stm32f4xx_i2c.o
I2C_CalculatePEC                                  ./STM32F4xx_StdPeriph_Driver/src/stm32f4xx_i2c.o
I2C_CheckEvent                                    ./STM32F4xx_StdPeriph_Driver/src/stm32f4xx_i2c.o
I2C_ClearFlag                                     ./STM32F4xx_StdPeriph_Driver/src/stm32f4xx_i2c.o
I2C_ClearITPendingBit                             ./STM32F4xx_StdPeriph_Driver/src/stm32f4xx_i2c.o
I2C_Cmd                                           ./STM32F4xx_StdPeriph_Driver/src/stm32f4xx_i2c.o
I2C_DMACmd                                        ./STM32F4xx_StdPeriph_Driver/src/stm32f4xx_i2c.o
I2C_DMALastTransferCmd                            ./STM32F4xx_StdPeriph_Driver/src/stm32f4xx_i2c.o
I2C_DeInit                                        ./STM32F4xx_StdPeriph_Driver/src/stm32f4xx_i2c.o
I2C_DualAddressCmd                                ./STM32F4xx_StdPeriph_Driver/src/stm32f4xx_i2c.o
I2C_FastModeDutyCycleConfig                       ./STM32F4xx_StdPeriph_Driver/src/stm32f4xx_i2c.o
I2C_GeneralCallCmd                                ./STM32F4xx_StdPeriph_Driver/src/stm32f4xx_i2c.o
I2C_GenerateSTART                                 ./STM32F4xx_StdPeriph_Driver/src/stm32f4xx_i2c.o
I2C_GenerateSTOP                                  ./STM32F4xx_StdPeriph_Driver/src/stm32f4xx_i2c.o
I2C_GetFlagStatus                                 ./STM32F4xx_StdPeriph_Driver/src/stm32f4xx_i2c.o
I2C_GetITStatus                                   ./STM32F4xx_StdPeriph_Driver/src/stm32f4xx_i2c.o
I2C_GetLastEvent                                  ./STM32F4xx_StdPeriph_Driver/src/stm32f4xx_i2c.o
I2C_GetPEC                                        ./STM32F4xx_StdPeriph_Driver/src/stm32f4xx_i2c.o
I2C_ITConfig                                      ./STM32F4xx_StdPeriph_Driver/src/stm32f4xx_i2c.o
I2C_Init                                          ./STM32F4xx_StdPeriph_Driver/src/stm32f4xx_i2c.o
I2C_NACKPositionConfig                            ./STM32F4xx_StdPeriph_Driver/src/stm32f4xx_i2c.o
I2C_OwnAddress2Config                             ./STM32F4xx_StdPeriph_Driver/src/stm32f4xx_i2c.o
I2C_PECPositionConfig                             ./STM32F4xx_StdPeriph_Driver/src/stm32f4xx_i2c.o
I2C_ReadRegister                                  ./STM32F4xx_StdPeriph_Driver/src/stm32f4xx_i2c.o
I2C_ReceiveData                                   ./STM32F4xx_StdPeriph_Driver/src/stm32f4xx_i2c.o
I2C_SMBusAlertConfig                              ./STM32F4xx_StdPeriph_Driver/src/stm32f4xx_i2c.o
I2C_Send7bitAddress                               ./STM32F4xx_StdPeriph_Driver/src/stm32f4xx_i2c.o
I2C_SendData                                      ./STM32F4xx_StdPeriph_Driver/src/stm32f4xx_i2c.o
I2C_SoftwareResetCmd                              ./STM32F4xx_StdPeriph_Driver/src/stm32f4xx_i2c.o
I2C_StretchClockCmd                               ./STM32F4xx_StdPeriph_Driver/src/stm32f4xx_i2c.o
I2C_StructInit                                    ./STM32F4xx_StdPeriph_Driver/src/stm32f4xx_i2c.o
I2C_TransmitPEC                                   ./STM32F4xx_StdPeriph_Driver/src/stm32f4xx_i2c.o
I2S_Cmd                                           ./STM32F4xx_StdPeriph_Driver/src/stm32f4xx_spi.o
I2S_FullDuplexConfig                              ./STM32F4xx_StdPeriph_Driver/src/stm32f4xx_spi.o
I2S_Init                                          ./STM32F4xx_StdPeriph_Driver/src/stm32f4xx_spi.o
I2S_StructInit                                    ./STM32F4xx_StdPeriph_Driver/src/stm32f4xx_spi.o
IWDG_Enable                                       ./STM32F4xx_StdPeriph_Driver/src/stm32f4xx_iwdg.o
IWDG_GetFlagStatus                                ./STM32F4xx_StdPeriph_Driver/src/stm32f4xx_iwdg.o
IWDG_ReloadCounter                                ./STM32F4xx_StdPeriph_Driver/src/stm32f4xx_iwdg.o
IWDG_SetPrescaler                                 ./STM32F4xx_StdPeriph_Driver/src/stm32f4xx_iwdg.o
IWDG_SetReload                                    ./STM32F4xx_StdPeriph_Driver/src/stm32f4xx_iwdg.o
IWDG_WriteAccessCmd                               ./STM32F4xx_StdPeriph_Driver/src/stm32f4xx_iwdg.o
Init_Comunication                                 ./src/comunication.o
                                                  ./src/main.o
Last_Blink                                        ./src/main.o
Last_Send                                         ./src/main.o
MemManage_Handler                                 ./src/stm32f4xx_it.o
NMI_Handler                                       ./src/stm32f4xx_it.o
NVIC_Init                                         ./STM32F4xx_StdPeriph_Driver/src/misc.o
                                                  ./Discovery/stm32f4_discovery.o
                                                  ./src/comunication.o
NVIC_InitStructure                                ./Discovery/stm32f4_discovery.o
NVIC_PriorityGroupConfig                          ./STM32F4xx_StdPeriph_Driver/src/misc.o
NVIC_SetVectorTable                               ./STM32F4xx_StdPeriph_Driver/src/misc.o
NVIC_SystemLPConfig                               ./STM32F4xx_StdPeriph_Driver/src/misc.o
OTG_FS_IRQHandler                                 ./STM32F4xx/Source/startup_stm32f4xx.o
OTG_FS_WKUP_IRQHandler                            ./STM32F4xx/Source/startup_stm32f4xx.o
OTG_HS_EP1_IN_IRQHandler                          ./STM32F4xx/Source/startup_stm32f4xx.o
OTG_HS_EP1_OUT_IRQHandler                         ./STM32F4xx/Source/startup_stm32f4xx.o
OTG_HS_IRQHandler                                 ./STM32F4xx/Source/startup_stm32f4xx.o
OTG_HS_WKUP_IRQHandler                            ./STM32F4xx/Source/startup_stm32f4xx.o
PVD_IRQHandler                                    ./STM32F4xx/Source/startup_stm32f4xx.o
PWR_BackupAccessCmd                               ./STM32F4xx_StdPeriph_Driver/src/stm32f4xx_pwr.o
PWR_BackupRegulatorCmd                            ./STM32F4xx_StdPeriph_Driver/src/stm32f4xx_pwr.o
PWR_ClearFlag                                     ./STM32F4xx_StdPeriph_Driver/src/stm32f4xx_pwr.o
PWR_DeInit                                        ./STM32F4xx_StdPeriph_Driver/src/stm32f4xx_pwr.o
PWR_EnterSTANDBYMode                              ./STM32F4xx_StdPeriph_Driver/src/stm32f4xx_pwr.o
PWR_EnterSTOPMode                                 ./STM32F4xx_StdPeriph_Driver/src/stm32f4xx_pwr.o
PWR_FlashPowerDownCmd                             ./STM32F4xx_StdPeriph_Driver/src/stm32f4xx_pwr.o
PWR_GetFlagStatus                                 ./STM32F4xx_StdPeriph_Driver/src/stm32f4xx_pwr.o
PWR_MainRegulatorModeConfig                       ./STM32F4xx_StdPeriph_Driver/src/stm32f4xx_pwr.o
PWR_PVDCmd                                        ./STM32F4xx_StdPeriph_Driver/src/stm32f4xx_pwr.o
PWR_PVDLevelConfig                                ./STM32F4xx_StdPeriph_Driver/src/stm32f4xx_pwr.o
PWR_WakeUpPinCmd                                  ./STM32F4xx_StdPeriph_Driver/src/stm32f4xx_pwr.o
PendSV_Handler                                    ./src/stm32f4xx_it.o
RCC_AHB1PeriphClockCmd                            ./STM32F4xx_StdPeriph_Driver/src/stm32f4xx_rcc.o
                                                  ./Discovery/stm32f4_discovery.o
                                                  ./src/main.o
                                                  ./src/comunication.o
RCC_AHB1PeriphClockLPModeCmd                      ./STM32F4xx_StdPeriph_Driver/src/stm32f4xx_rcc.o
RCC_AHB1PeriphResetCmd                            ./STM32F4xx_StdPeriph_Driver/src/stm32f4xx_rcc.o
                                                  ./STM32F4xx_StdPeriph_Driver/src/stm32f4xx_gpio.o
RCC_AHB2PeriphClockCmd                            ./STM32F4xx_StdPeriph_Driver/src/stm32f4xx_rcc.o
RCC_AHB2PeriphClockLPModeCmd                      ./STM32F4xx_StdPeriph_Driver/src/stm32f4xx_rcc.o
RCC_AHB2PeriphResetCmd                            ./STM32F4xx_StdPeriph_Driver/src/stm32f4xx_rcc.o
                                                  ./STM32F4xx_StdPeriph_Driver/src/stm32f4xx_rng.o
                                                  ./STM32F4xx_StdPeriph_Driver/src/stm32f4xx_hash.o
                                                  ./STM32F4xx_StdPeriph_Driver/src/stm32f4xx_cryp.o
RCC_AHB3PeriphClockCmd                            ./STM32F4xx_StdPeriph_Driver/src/stm32f4xx_rcc.o
RCC_AHB3PeriphClockLPModeCmd                      ./STM32F4xx_StdPeriph_Driver/src/stm32f4xx_rcc.o
RCC_AHB3PeriphResetCmd                            ./STM32F4xx_StdPeriph_Driver/src/stm32f4xx_rcc.o
RCC_APB1PeriphClockCmd                            ./STM32F4xx_StdPeriph_Driver/src/stm32f4xx_rcc.o
                                                  ./src/main.o
RCC_APB1PeriphClockLPModeCmd                      ./STM32F4xx_StdPeriph_Driver/src/stm32f4xx_rcc.o
RCC_APB1PeriphResetCmd                            ./STM32F4xx_StdPeriph_Driver/src/stm32f4xx_rcc.o
                                                  ./STM32F4xx_StdPeriph_Driver/src/stm32f4xx_wwdg.o
                                                  ./STM32F4xx_StdPeriph_Driver/src/stm32f4xx_usart.o
                                                  ./STM32F4xx_StdPeriph_Driver/src/stm32f4xx_tim.o
                                                  ./STM32F4xx_StdPeriph_Driver/src/stm32f4xx_spi.o
                                                  ./STM32F4xx_StdPeriph_Driver/src/stm32f4xx_pwr.o
                                                  ./STM32F4xx_StdPeriph_Driver/src/stm32f4xx_i2c.o
                                                  ./STM32F4xx_StdPeriph_Driver/src/stm32f4xx_dac.o
                                                  ./STM32F4xx_StdPeriph_Driver/src/stm32f4xx_can.o
RCC_APB2PeriphClockCmd                            ./STM32F4xx_StdPeriph_Driver/src/stm32f4xx_rcc.o
                                                  ./Discovery/stm32f4_discovery.o
                                                  ./src/comunication.o
RCC_APB2PeriphClockLPModeCmd                      ./STM32F4xx_StdPeriph_Driver/src/stm32f4xx_rcc.o
RCC_APB2PeriphResetCmd                            ./STM32F4xx_StdPeriph_Driver/src/stm32f4xx_rcc.o
                                                  ./STM32F4xx_StdPeriph_Driver/src/stm32f4xx_usart.o
                                                  ./STM32F4xx_StdPeriph_Driver/src/stm32f4xx_tim.o
                                                  ./STM32F4xx_StdPeriph_Driver/src/stm32f4xx_syscfg.o
                                                  ./STM32F4xx_StdPeriph_Driver/src/stm32f4xx_spi.o
                                                  ./STM32F4xx_StdPeriph_Driver/src/stm32f4xx_sdio.o
                                                  ./STM32F4xx_StdPeriph_Driver/src/stm32f4xx_adc.o
RCC_AdjustHSICalibrationValue                     ./STM32F4xx_StdPeriph_Driver/src/stm32f4xx_rcc.o
RCC_BackupResetCmd                                ./STM32F4xx_StdPeriph_Driver/src/stm32f4xx_rcc.o
RCC_ClearFlag                                     ./STM32F4xx_StdPeriph_Driver/src/stm32f4xx_rcc.o
RCC_ClearITPendingBit                             ./STM32F4xx_StdPeriph_Driver/src/stm32f4xx_rcc.o
RCC_ClockSecuritySystemCmd                        ./STM32F4xx_StdPeriph_Driver/src/stm32f4xx_rcc.o
RCC_DeInit                                        ./STM32F4xx_StdPeriph_Driver/src/stm32f4xx_rcc.o
RCC_GetClocksFreq                                 ./STM32F4xx_StdPeriph_Driver/src/stm32f4xx_rcc.o
                                                  ./STM32F4xx_StdPeriph_Driver/src/stm32f4xx_usart.o
                                                  ./STM32F4xx_StdPeriph_Driver/src/stm32f4xx_i2c.o
RCC_GetFlagStatus                                 ./STM32F4xx_StdPeriph_Driver/src/stm32f4xx_rcc.o
RCC_GetITStatus                                   ./STM32F4xx_StdPeriph_Driver/src/stm32f4xx_rcc.o
RCC_GetSYSCLKSource                               ./STM32F4xx_StdPeriph_Driver/src/stm32f4xx_rcc.o
RCC_HCLKConfig                                    ./STM32F4xx_StdPeriph_Driver/src/stm32f4xx_rcc.o
RCC_HSEConfig                                     ./STM32F4xx_StdPeriph_Driver/src/stm32f4xx_rcc.o
RCC_HSICmd                                        ./STM32F4xx_StdPeriph_Driver/src/stm32f4xx_rcc.o
RCC_I2SCLKConfig                                  ./STM32F4xx_StdPeriph_Driver/src/stm32f4xx_rcc.o
RCC_IRQHandler                                    ./STM32F4xx/Source/startup_stm32f4xx.o
RCC_ITConfig                                      ./STM32F4xx_StdPeriph_Driver/src/stm32f4xx_rcc.o
RCC_LSEConfig                                     ./STM32F4xx_StdPeriph_Driver/src/stm32f4xx_rcc.o
RCC_LSICmd                                        ./STM32F4xx_StdPeriph_Driver/src/stm32f4xx_rcc.o
RCC_MCO1Config                                    ./STM32F4xx_StdPeriph_Driver/src/stm32f4xx_rcc.o
RCC_MCO2Config                                    ./STM32F4xx_StdPeriph_Driver/src/stm32f4xx_rcc.o
RCC_PCLK1Config                                   ./STM32F4xx_StdPeriph_Driver/src/stm32f4xx_rcc.o
RCC_PCLK2Config                                   ./STM32F4xx_StdPeriph_Driver/src/stm32f4xx_rcc.o
RCC_PLLCmd                                        ./STM32F4xx_StdPeriph_Driver/src/stm32f4xx_rcc.o
RCC_PLLConfig                                     ./STM32F4xx_StdPeriph_Driver/src/stm32f4xx_rcc.o
RCC_PLLI2SCmd                                     ./STM32F4xx_StdPeriph_Driver/src/stm32f4xx_rcc.o
RCC_PLLI2SConfig                                  ./STM32F4xx_StdPeriph_Driver/src/stm32f4xx_rcc.o
RCC_RTCCLKCmd                                     ./STM32F4xx_StdPeriph_Driver/src/stm32f4xx_rcc.o
RCC_RTCCLKConfig                                  ./STM32F4xx_StdPeriph_Driver/src/stm32f4xx_rcc.o
RCC_SYSCLKConfig                                  ./STM32F4xx_StdPeriph_Driver/src/stm32f4xx_rcc.o
RCC_WaitForHSEStartUp                             ./STM32F4xx_StdPeriph_Driver/src/stm32f4xx_rcc.o
RNG_ClearFlag                                     ./STM32F4xx_StdPeriph_Driver/src/stm32f4xx_rng.o
RNG_ClearITPendingBit                             ./STM32F4xx_StdPeriph_Driver/src/stm32f4xx_rng.o
RNG_Cmd                                           ./STM32F4xx_StdPeriph_Driver/src/stm32f4xx_rng.o
RNG_DeInit                                        ./STM32F4xx_StdPeriph_Driver/src/stm32f4xx_rng.o
RNG_GetFlagStatus                                 ./STM32F4xx_StdPeriph_Driver/src/stm32f4xx_rng.o
RNG_GetITStatus                                   ./STM32F4xx_StdPeriph_Driver/src/stm32f4xx_rng.o
RNG_GetRandomNumber                               ./STM32F4xx_StdPeriph_Driver/src/stm32f4xx_rng.o
RNG_ITConfig                                      ./STM32F4xx_StdPeriph_Driver/src/stm32f4xx_rng.o
RTC_AlarmCmd                                      ./STM32F4xx_StdPeriph_Driver/src/stm32f4xx_rtc.o
RTC_AlarmStructInit                               ./STM32F4xx_StdPeriph_Driver/src/stm32f4xx_rtc.o
RTC_AlarmSubSecondConfig                          ./STM32F4xx_StdPeriph_Driver/src/stm32f4xx_rtc.o
RTC_Alarm_IRQHandler                              ./STM32F4xx/Source/startup_stm32f4xx.o
RTC_BypassShadowCmd                               ./STM32F4xx_StdPeriph_Driver/src/stm32f4xx_rtc.o
RTC_CalibOutputCmd                                ./STM32F4xx_StdPeriph_Driver/src/stm32f4xx_rtc.o
RTC_CalibOutputConfig                             ./STM32F4xx_StdPeriph_Driver/src/stm32f4xx_rtc.o
RTC_ClearFlag                                     ./STM32F4xx_StdPeriph_Driver/src/stm32f4xx_rtc.o
RTC_ClearITPendingBit                             ./STM32F4xx_StdPeriph_Driver/src/stm32f4xx_rtc.o
RTC_CoarseCalibCmd                                ./STM32F4xx_StdPeriph_Driver/src/stm32f4xx_rtc.o
RTC_CoarseCalibConfig                             ./STM32F4xx_StdPeriph_Driver/src/stm32f4xx_rtc.o
RTC_DateStructInit                                ./STM32F4xx_StdPeriph_Driver/src/stm32f4xx_rtc.o
RTC_DayLightSavingConfig                          ./STM32F4xx_StdPeriph_Driver/src/stm32f4xx_rtc.o
RTC_DeInit                                        ./STM32F4xx_StdPeriph_Driver/src/stm32f4xx_rtc.o
RTC_EnterInitMode                                 ./STM32F4xx_StdPeriph_Driver/src/stm32f4xx_rtc.o
RTC_ExitInitMode                                  ./STM32F4xx_StdPeriph_Driver/src/stm32f4xx_rtc.o
RTC_GetAlarm                                      ./STM32F4xx_StdPeriph_Driver/src/stm32f4xx_rtc.o
RTC_GetAlarmSubSecond                             ./STM32F4xx_StdPeriph_Driver/src/stm32f4xx_rtc.o
RTC_GetDate                                       ./STM32F4xx_StdPeriph_Driver/src/stm32f4xx_rtc.o
RTC_GetFlagStatus                                 ./STM32F4xx_StdPeriph_Driver/src/stm32f4xx_rtc.o
RTC_GetITStatus                                   ./STM32F4xx_StdPeriph_Driver/src/stm32f4xx_rtc.o
RTC_GetStoreOperation                             ./STM32F4xx_StdPeriph_Driver/src/stm32f4xx_rtc.o
RTC_GetSubSecond                                  ./STM32F4xx_StdPeriph_Driver/src/stm32f4xx_rtc.o
RTC_GetTime                                       ./STM32F4xx_StdPeriph_Driver/src/stm32f4xx_rtc.o
RTC_GetTimeStamp                                  ./STM32F4xx_StdPeriph_Driver/src/stm32f4xx_rtc.o
RTC_GetTimeStampSubSecond                         ./STM32F4xx_StdPeriph_Driver/src/stm32f4xx_rtc.o
RTC_GetWakeUpCounter                              ./STM32F4xx_StdPeriph_Driver/src/stm32f4xx_rtc.o
RTC_ITConfig                                      ./STM32F4xx_StdPeriph_Driver/src/stm32f4xx_rtc.o
RTC_Init                                          ./STM32F4xx_StdPeriph_Driver/src/stm32f4xx_rtc.o
RTC_OutputConfig                                  ./STM32F4xx_StdPeriph_Driver/src/stm32f4xx_rtc.o
RTC_OutputTypeConfig                              ./STM32F4xx_StdPeriph_Driver/src/stm32f4xx_rtc.o
RTC_ReadBackupRegister                            ./STM32F4xx_StdPeriph_Driver/src/stm32f4xx_rtc.o
RTC_RefClockCmd                                   ./STM32F4xx_StdPeriph_Driver/src/stm32f4xx_rtc.o
RTC_SetAlarm                                      ./STM32F4xx_StdPeriph_Driver/src/stm32f4xx_rtc.o