   1              		.syntax unified
   2              		.cpu cortex-m4
   3              		.fpu softvfp
   4              		.eabi_attribute 20, 1
   5              		.eabi_attribute 21, 1
   6              		.eabi_attribute 23, 3
   7              		.eabi_attribute 24, 1
   8              		.eabi_attribute 25, 1
   9              		.eabi_attribute 26, 1
  10              		.eabi_attribute 30, 1
  11              		.eabi_attribute 34, 1
  12              		.eabi_attribute 18, 4
  13              		.thumb
  14              		.file	"stm32f4xx_crc.c"
  15              		.text
  16              	.Ltext0:
  17              		.cfi_sections	.debug_frame
  18              		.align	2
  19              		.global	CRC_ResetDR
  20              		.thumb
  21              		.thumb_func
  23              	CRC_ResetDR:
  24              	.LFB110:
  25              		.file 1 "../STM32F4xx_StdPeriph_Driver/src/stm32f4xx_crc.c"
   1:../STM32F4xx_StdPeriph_Driver/src/stm32f4xx_crc.c **** /**
   2:../STM32F4xx_StdPeriph_Driver/src/stm32f4xx_crc.c ****   ******************************************************************************
   3:../STM32F4xx_StdPeriph_Driver/src/stm32f4xx_crc.c ****   * @file    stm32f4xx_crc.c
   4:../STM32F4xx_StdPeriph_Driver/src/stm32f4xx_crc.c ****   * @author  MCD Application Team
   5:../STM32F4xx_StdPeriph_Driver/src/stm32f4xx_crc.c ****   * @version V1.0.0
   6:../STM32F4xx_StdPeriph_Driver/src/stm32f4xx_crc.c ****   * @date    30-September-2011
   7:../STM32F4xx_StdPeriph_Driver/src/stm32f4xx_crc.c ****   * @brief   This file provides all the CRC firmware functions.
   8:../STM32F4xx_StdPeriph_Driver/src/stm32f4xx_crc.c ****   ******************************************************************************
   9:../STM32F4xx_StdPeriph_Driver/src/stm32f4xx_crc.c ****   * @attention
  10:../STM32F4xx_StdPeriph_Driver/src/stm32f4xx_crc.c ****   *
  11:../STM32F4xx_StdPeriph_Driver/src/stm32f4xx_crc.c ****   * THE PRESENT FIRMWARE WHICH IS FOR GUIDANCE ONLY AIMS AT PROVIDING CUSTOMERS
  12:../STM32F4xx_StdPeriph_Driver/src/stm32f4xx_crc.c ****   * WITH CODING INFORMATION REGARDING THEIR PRODUCTS IN ORDER FOR THEM TO SAVE
  13:../STM32F4xx_StdPeriph_Driver/src/stm32f4xx_crc.c ****   * TIME. AS A RESULT, STMICROELECTRONICS SHALL NOT BE HELD LIABLE FOR ANY
  14:../STM32F4xx_StdPeriph_Driver/src/stm32f4xx_crc.c ****   * DIRECT, INDIRECT OR CONSEQUENTIAL DAMAGES WITH RESPECT TO ANY CLAIMS ARISING
  15:../STM32F4xx_StdPeriph_Driver/src/stm32f4xx_crc.c ****   * FROM THE CONTENT OF SUCH FIRMWARE AND/OR THE USE MADE BY CUSTOMERS OF THE
  16:../STM32F4xx_StdPeriph_Driver/src/stm32f4xx_crc.c ****   * CODING INFORMATION CONTAINED HEREIN IN CONNECTION WITH THEIR PRODUCTS.
  17:../STM32F4xx_StdPeriph_Driver/src/stm32f4xx_crc.c ****   *
  18:../STM32F4xx_StdPeriph_Driver/src/stm32f4xx_crc.c ****   * <h2><center>&copy; COPYRIGHT 2011 STMicroelectronics</center></h2>
  19:../STM32F4xx_StdPeriph_Driver/src/stm32f4xx_crc.c ****   ******************************************************************************
  20:../STM32F4xx_StdPeriph_Driver/src/stm32f4xx_crc.c ****   */
  21:../STM32F4xx_StdPeriph_Driver/src/stm32f4xx_crc.c **** 
  22:../STM32F4xx_StdPeriph_Driver/src/stm32f4xx_crc.c **** /* Includes ------------------------------------------------------------------*/
  23:../STM32F4xx_StdPeriph_Driver/src/stm32f4xx_crc.c **** #include "stm32f4xx_crc.h"
  24:../STM32F4xx_StdPeriph_Driver/src/stm32f4xx_crc.c **** 
  25:../STM32F4xx_StdPeriph_Driver/src/stm32f4xx_crc.c **** /** @addtogroup STM32F4xx_StdPeriph_Driver
  26:../STM32F4xx_StdPeriph_Driver/src/stm32f4xx_crc.c ****   * @{
  27:../STM32F4xx_StdPeriph_Driver/src/stm32f4xx_crc.c ****   */
  28:../STM32F4xx_StdPeriph_Driver/src/stm32f4xx_crc.c **** 
  29:../STM32F4xx_StdPeriph_Driver/src/stm32f4xx_crc.c **** /** @defgroup CRC 
  30:../STM32F4xx_StdPeriph_Driver/src/stm32f4xx_crc.c ****   * @brief CRC driver modules
  31:../STM32F4xx_StdPeriph_Driver/src/stm32f4xx_crc.c ****   * @{
  32:../STM32F4xx_StdPeriph_Driver/src/stm32f4xx_crc.c ****   */
  33:../STM32F4xx_StdPeriph_Driver/src/stm32f4xx_crc.c **** 
  34:../STM32F4xx_StdPeriph_Driver/src/stm32f4xx_crc.c **** /* Private typedef -----------------------------------------------------------*/
  35:../STM32F4xx_StdPeriph_Driver/src/stm32f4xx_crc.c **** /* Private define ------------------------------------------------------------*/
  36:../STM32F4xx_StdPeriph_Driver/src/stm32f4xx_crc.c **** /* Private macro -------------------------------------------------------------*/
  37:../STM32F4xx_StdPeriph_Driver/src/stm32f4xx_crc.c **** /* Private variables ---------------------------------------------------------*/
  38:../STM32F4xx_StdPeriph_Driver/src/stm32f4xx_crc.c **** /* Private function prototypes -----------------------------------------------*/
  39:../STM32F4xx_StdPeriph_Driver/src/stm32f4xx_crc.c **** /* Private functions ---------------------------------------------------------*/
  40:../STM32F4xx_StdPeriph_Driver/src/stm32f4xx_crc.c **** 
  41:../STM32F4xx_StdPeriph_Driver/src/stm32f4xx_crc.c **** /** @defgroup CRC_Private_Functions
  42:../STM32F4xx_StdPeriph_Driver/src/stm32f4xx_crc.c ****   * @{
  43:../STM32F4xx_StdPeriph_Driver/src/stm32f4xx_crc.c ****   */
  44:../STM32F4xx_StdPeriph_Driver/src/stm32f4xx_crc.c **** 
  45:../STM32F4xx_StdPeriph_Driver/src/stm32f4xx_crc.c **** /**
  46:../STM32F4xx_StdPeriph_Driver/src/stm32f4xx_crc.c ****   * @brief  Resets the CRC Data register (DR).
  47:../STM32F4xx_StdPeriph_Driver/src/stm32f4xx_crc.c ****   * @param  None
  48:../STM32F4xx_StdPeriph_Driver/src/stm32f4xx_crc.c ****   * @retval None
  49:../STM32F4xx_StdPeriph_Driver/src/stm32f4xx_crc.c ****   */
  50:../STM32F4xx_StdPeriph_Driver/src/stm32f4xx_crc.c **** void CRC_ResetDR(void)
  51:../STM32F4xx_StdPeriph_Driver/src/stm32f4xx_crc.c **** {
  26              		.loc 1 51 0
  27              		.cfi_startproc
  28              		@ args = 0, pretend = 0, frame = 0
  29              		@ frame_needed = 0, uses_anonymous_args = 0
  30              		@ link register save eliminated.
  52:../STM32F4xx_StdPeriph_Driver/src/stm32f4xx_crc.c ****   /* Reset CRC generator */
  53:../STM32F4xx_StdPeriph_Driver/src/stm32f4xx_crc.c ****   CRC->CR = CRC_CR_RESET;
  31              		.loc 1 53 0
  32 0000 0122     		movs	r2, #1
  33 0002 014B     		ldr	r3, .L2
  34 0004 9A60     		str	r2, [r3, #8]
  35 0006 7047     		bx	lr
  36              	.L3:
  37              		.align	2
  38              	.L2:
  39 0008 00300240 		.word	1073885184
  40              		.cfi_endproc
  41              	.LFE110:
  43              		.align	2
  44              		.global	CRC_CalcCRC
  45              		.thumb
  46              		.thumb_func
  48              	CRC_CalcCRC:
  49              	.LFB111:
  54:../STM32F4xx_StdPeriph_Driver/src/stm32f4xx_crc.c **** }
  55:../STM32F4xx_StdPeriph_Driver/src/stm32f4xx_crc.c **** 
  56:../STM32F4xx_StdPeriph_Driver/src/stm32f4xx_crc.c **** /**
  57:../STM32F4xx_StdPeriph_Driver/src/stm32f4xx_crc.c ****   * @brief  Computes the 32-bit CRC of a given data word(32-bit).
  58:../STM32F4xx_StdPeriph_Driver/src/stm32f4xx_crc.c ****   * @param  Data: data word(32-bit) to compute its CRC
  59:../STM32F4xx_StdPeriph_Driver/src/stm32f4xx_crc.c ****   * @retval 32-bit CRC
  60:../STM32F4xx_StdPeriph_Driver/src/stm32f4xx_crc.c ****   */
  61:../STM32F4xx_StdPeriph_Driver/src/stm32f4xx_crc.c **** uint32_t CRC_CalcCRC(uint32_t Data)
  62:../STM32F4xx_StdPeriph_Driver/src/stm32f4xx_crc.c **** {
  50              		.loc 1 62 0
  51              		.cfi_startproc
  52              		@ args = 0, pretend = 0, frame = 0
  53              		@ frame_needed = 0, uses_anonymous_args = 0
  54              		@ link register save eliminated.
  55              	.LVL0:
  63:../STM32F4xx_StdPeriph_Driver/src/stm32f4xx_crc.c ****   CRC->DR = Data;
  56              		.loc 1 63 0
  57 000c 014B     		ldr	r3, .L5
  58 000e 1860     		str	r0, [r3]
  64:../STM32F4xx_StdPeriph_Driver/src/stm32f4xx_crc.c ****   
  65:../STM32F4xx_StdPeriph_Driver/src/stm32f4xx_crc.c ****   return (CRC->DR);
  59              		.loc 1 65 0
  60 0010 1868     		ldr	r0, [r3]
  61              	.LVL1:
  66:../STM32F4xx_StdPeriph_Driver/src/stm32f4xx_crc.c **** }
  62              		.loc 1 66 0
  63 0012 7047     		bx	lr
  64              	.L6:
  65              		.align	2
  66              	.L5:
  67 0014 00300240 		.word	1073885184
  68              		.cfi_endproc
  69              	.LFE111:
  71              		.align	2
  72              		.global	CRC_CalcBlockCRC
  73              		.thumb
  74              		.thumb_func
  76              	CRC_CalcBlockCRC:
  77              	.LFB112:
  67:../STM32F4xx_StdPeriph_Driver/src/stm32f4xx_crc.c **** 
  68:../STM32F4xx_StdPeriph_Driver/src/stm32f4xx_crc.c **** /**
  69:../STM32F4xx_StdPeriph_Driver/src/stm32f4xx_crc.c ****   * @brief  Computes the 32-bit CRC of a given buffer of data word(32-bit).
  70:../STM32F4xx_StdPeriph_Driver/src/stm32f4xx_crc.c ****   * @param  pBuffer: pointer to the buffer containing the data to be computed
  71:../STM32F4xx_StdPeriph_Driver/src/stm32f4xx_crc.c ****   * @param  BufferLength: length of the buffer to be computed					
  72:../STM32F4xx_StdPeriph_Driver/src/stm32f4xx_crc.c ****   * @retval 32-bit CRC
  73:../STM32F4xx_StdPeriph_Driver/src/stm32f4xx_crc.c ****   */
  74:../STM32F4xx_StdPeriph_Driver/src/stm32f4xx_crc.c **** uint32_t CRC_CalcBlockCRC(uint32_t pBuffer[], uint32_t BufferLength)
  75:../STM32F4xx_StdPeriph_Driver/src/stm32f4xx_crc.c **** {
  78              		.loc 1 75 0
  79              		.cfi_startproc
  80              		@ args = 0, pretend = 0, frame = 0
  81              		@ frame_needed = 0, uses_anonymous_args = 0
  82              		@ link register save eliminated.
  83              	.LVL2:
  84 0018 10B4     		push	{r4}
  85              		.cfi_def_cfa_offset 4
  86              		.cfi_offset 4, -4
  87              	.LVL3:
  76:../STM32F4xx_StdPeriph_Driver/src/stm32f4xx_crc.c ****   uint32_t index = 0;
  77:../STM32F4xx_StdPeriph_Driver/src/stm32f4xx_crc.c ****   
  78:../STM32F4xx_StdPeriph_Driver/src/stm32f4xx_crc.c ****   for(index = 0; index < BufferLength; index++)
  88              		.loc 1 78 0
  89 001a 0023     		movs	r3, #0
  79:../STM32F4xx_StdPeriph_Driver/src/stm32f4xx_crc.c ****   {
  80:../STM32F4xx_StdPeriph_Driver/src/stm32f4xx_crc.c ****     CRC->DR = pBuffer[index];
  90              		.loc 1 80 0
  91 001c 064C     		ldr	r4, .L10
  78:../STM32F4xx_StdPeriph_Driver/src/stm32f4xx_crc.c ****   for(index = 0; index < BufferLength; index++)
  92              		.loc 1 78 0
  93 001e 03E0     		b	.L8
  94              	.LVL4:
  95              	.L9:
  96              		.loc 1 80 0 discriminator 2
  97 0020 50F82320 		ldr	r2, [r0, r3, lsl #2]
  98 0024 2260     		str	r2, [r4]
  78:../STM32F4xx_StdPeriph_Driver/src/stm32f4xx_crc.c ****   for(index = 0; index < BufferLength; index++)
  99              		.loc 1 78 0 discriminator 2
 100 0026 0133     		adds	r3, r3, #1
 101              	.LVL5:
 102              	.L8:
  78:../STM32F4xx_StdPeriph_Driver/src/stm32f4xx_crc.c ****   for(index = 0; index < BufferLength; index++)
 103              		.loc 1 78 0 is_stmt 0 discriminator 1
 104 0028 8B42     		cmp	r3, r1
 105 002a F9D3     		bcc	.L9
  81:../STM32F4xx_StdPeriph_Driver/src/stm32f4xx_crc.c ****   }
  82:../STM32F4xx_StdPeriph_Driver/src/stm32f4xx_crc.c ****   return (CRC->DR);
 106              		.loc 1 82 0 is_stmt 1
 107 002c 024B     		ldr	r3, .L10
 108              	.LVL6:
 109 002e 1868     		ldr	r0, [r3]
 110              	.LVL7:
  83:../STM32F4xx_StdPeriph_Driver/src/stm32f4xx_crc.c **** }
 111              		.loc 1 83 0
 112 0030 5DF8044B 		ldr	r4, [sp], #4
 113 0034 7047     		bx	lr
 114              	.L11:
 115 0036 00BF     		.align	2
 116              	.L10:
 117 0038 00300240 		.word	1073885184
 118              		.cfi_endproc
 119              	.LFE112:
 121              		.align	2
 122              		.global	CRC_GetCRC
 123              		.thumb
 124              		.thumb_func
 126              	CRC_GetCRC:
 127              	.LFB113:
  84:../STM32F4xx_StdPeriph_Driver/src/stm32f4xx_crc.c **** 
  85:../STM32F4xx_StdPeriph_Driver/src/stm32f4xx_crc.c **** /**
  86:../STM32F4xx_StdPeriph_Driver/src/stm32f4xx_crc.c ****   * @brief  Returns the current CRC value.
  87:../STM32F4xx_StdPeriph_Driver/src/stm32f4xx_crc.c ****   * @param  None
  88:../STM32F4xx_StdPeriph_Driver/src/stm32f4xx_crc.c ****   * @retval 32-bit CRC
  89:../STM32F4xx_StdPeriph_Driver/src/stm32f4xx_crc.c ****   */
  90:../STM32F4xx_StdPeriph_Driver/src/stm32f4xx_crc.c **** uint32_t CRC_GetCRC(void)
  91:../STM32F4xx_StdPeriph_Driver/src/stm32f4xx_crc.c **** {
 128              		.loc 1 91 0
 129              		.cfi_startproc
 130              		@ args = 0, pretend = 0, frame = 0
 131              		@ frame_needed = 0, uses_anonymous_args = 0
 132              		@ link register save eliminated.
  92:../STM32F4xx_StdPeriph_Driver/src/stm32f4xx_crc.c ****   return (CRC->DR);
 133              		.loc 1 92 0
 134 003c 014B     		ldr	r3, .L13
 135 003e 1868     		ldr	r0, [r3]
  93:../STM32F4xx_StdPeriph_Driver/src/stm32f4xx_crc.c **** }
 136              		.loc 1 93 0
 137 0040 7047     		bx	lr
 138              	.L14:
 139 0042 00BF     		.align	2
 140              	.L13:
 141 0044 00300240 		.word	1073885184
 142              		.cfi_endproc
 143              	.LFE113:
 145              		.align	2
 146              		.global	CRC_SetIDRegister
 147              		.thumb
 148              		.thumb_func
 150              	CRC_SetIDRegister:
 151              	.LFB114:
  94:../STM32F4xx_StdPeriph_Driver/src/stm32f4xx_crc.c **** 
  95:../STM32F4xx_StdPeriph_Driver/src/stm32f4xx_crc.c **** /**
  96:../STM32F4xx_StdPeriph_Driver/src/stm32f4xx_crc.c ****   * @brief  Stores a 8-bit data in the Independent Data(ID) register.
  97:../STM32F4xx_StdPeriph_Driver/src/stm32f4xx_crc.c ****   * @param  IDValue: 8-bit value to be stored in the ID register 					
  98:../STM32F4xx_StdPeriph_Driver/src/stm32f4xx_crc.c ****   * @retval None
  99:../STM32F4xx_StdPeriph_Driver/src/stm32f4xx_crc.c ****   */
 100:../STM32F4xx_StdPeriph_Driver/src/stm32f4xx_crc.c **** void CRC_SetIDRegister(uint8_t IDValue)
 101:../STM32F4xx_StdPeriph_Driver/src/stm32f4xx_crc.c **** {
 152              		.loc 1 101 0
 153              		.cfi_startproc
 154              		@ args = 0, pretend = 0, frame = 0
 155              		@ frame_needed = 0, uses_anonymous_args = 0
 156              		@ link register save eliminated.
 157              	.LVL8:
 102:../STM32F4xx_StdPeriph_Driver/src/stm32f4xx_crc.c ****   CRC->IDR = IDValue;
 158              		.loc 1 102 0
 159 0048 014B     		ldr	r3, .L16
 160 004a 1871     		strb	r0, [r3, #4]
 161 004c 7047     		bx	lr
 162              	.L17:
 163 004e 00BF     		.align	2
 164              	.L16:
 165 0050 00300240 		.word	1073885184
 166              		.cfi_endproc
 167              	.LFE114:
 169              		.align	2
 170              		.global	CRC_GetIDRegister
 171              		.thumb
 172              		.thumb_func
 174              	CRC_GetIDRegister:
 175              	.LFB115:
 103:../STM32F4xx_StdPeriph_Driver/src/stm32f4xx_crc.c **** }
 104:../STM32F4xx_StdPeriph_Driver/src/stm32f4xx_crc.c **** 
 105:../STM32F4xx_StdPeriph_Driver/src/stm32f4xx_crc.c **** /**
 106:../STM32F4xx_StdPeriph_Driver/src/stm32f4xx_crc.c ****   * @brief  Returns the 8-bit data stored in the Independent Data(ID) register
 107:../STM32F4xx_StdPeriph_Driver/src/stm32f4xx_crc.c ****   * @param  None
 108:../STM32F4xx_StdPeriph_Driver/src/stm32f4xx_crc.c ****   * @retval 8-bit value of the ID register 
 109:../STM32F4xx_StdPeriph_Driver/src/stm32f4xx_crc.c ****   */
 110:../STM32F4xx_StdPeriph_Driver/src/stm32f4xx_crc.c **** uint8_t CRC_GetIDRegister(void)
 111:../STM32F4xx_StdPeriph_Driver/src/stm32f4xx_crc.c **** {
 176              		.loc 1 111 0
 177              		.cfi_startproc
 178              		@ args = 0, pretend = 0, frame = 0
 179              		@ frame_needed = 0, uses_anonymous_args = 0
 180              		@ link register save eliminated.
 112:../STM32F4xx_StdPeriph_Driver/src/stm32f4xx_crc.c ****   return (CRC->IDR);
 181              		.loc 1 112 0
 182 0054 014B     		ldr	r3, .L19
 183 0056 1879     		ldrb	r0, [r3, #4]	@ zero_extendqisi2
 113:../STM32F4xx_StdPeriph_Driver/src/stm32f4xx_crc.c **** }
 184              		.loc 1 113 0
 185 0058 7047     		bx	lr
 186              	.L20:
 187 005a 00BF     		.align	2
 188              	.L19:
 189 005c 00300240 		.word	1073885184
 190              		.cfi_endproc
 191              	.LFE115:
 193              	.Letext0:
 194              		.file 2 "c:\\program files (x86)\\gnu tools arm embedded\\4.8 2014q1\\arm-none-eabi\\include\\mach
 195              		.file 3 "c:\\program files (x86)\\gnu tools arm embedded\\4.8 2014q1\\arm-none-eabi\\include\\stdi
 196              		.file 4 "C:\\Users\\Filip\\Eclipse\\Template\\STM32F4xx\\Include/stm32f4xx.h"
 197              		.file 5 "C:\\Users\\Filip\\Eclipse\\Template\\CMSIS\\Include/core_cm4.h"
DEFINED SYMBOLS
                            *ABS*:00000000 stm32f4xx_crc.c
C:\Users\Filip\AppData\Local\Temp\ccyffQ6R.s:18     .text:00000000 $t
C:\Users\Filip\AppData\Local\Temp\ccyffQ6R.s:23     .text:00000000 CRC_ResetDR
C:\Users\Filip\AppData\Local\Temp\ccyffQ6R.s:39     .text:00000008 $d
C:\Users\Filip\AppData\Local\Temp\ccyffQ6R.s:43     .text:0000000c $t
C:\Users\Filip\AppData\Local\Temp\ccyffQ6R.s:48     .text:0000000c CRC_CalcCRC
C:\Users\Filip\AppData\Local\Temp\ccyffQ6R.s:67     .text:00000014 $d
C:\Users\Filip\AppData\Local\Temp\ccyffQ6R.s:71     .text:00000018 $t
C:\Users\Filip\AppData\Local\Temp\ccyffQ6R.s:76     .text:00000018 CRC_CalcBlockCRC
C:\Users\Filip\AppData\Local\Temp\ccyffQ6R.s:117    .text:00000038 $d
C:\Users\Filip\AppData\Local\Temp\ccyffQ6R.s:121    .text:0000003c $t
C:\Users\Filip\AppData\Local\Temp\ccyffQ6R.s:126    .text:0000003c CRC_GetCRC
C:\Users\Filip\AppData\Local\Temp\ccyffQ6R.s:141    .text:00000044 $d
C:\Users\Filip\AppData\Local\Temp\ccyffQ6R.s:145    .text:00000048 $t
C:\Users\Filip\AppData\Local\Temp\ccyffQ6R.s:150    .text:00000048 CRC_SetIDRegister
C:\Users\Filip\AppData\Local\Temp\ccyffQ6R.s:165    .text:00000050 $d
C:\Users\Filip\AppData\Local\Temp\ccyffQ6R.s:169    .text:00000054 $t
C:\Users\Filip\AppData\Local\Temp\ccyffQ6R.s:174    .text:00000054 CRC_GetIDRegister
C:\Users\Filip\AppData\Local\Temp\ccyffQ6R.s:189    .text:0000005c $d
                     .debug_frame:00000010 $d
                           .group:00000000 wm4.1.2bb9d917777380cc06007ef782f1739f
                           .group:00000000 wm4.stm32f4xx.h.48.ab6cfc2433f704442c75c2d67f633280
                           .group:00000000 wm4.core_cm4.h.32.f824aba4d431a5bb4a51726bd5b62834
                           .group:00000000 wm4.features.h.22.6a4ca7cd053637cc1d0db6c16f39b2d7
                           .group:00000000 wm4._default_types.h.15.8b2cb27e528498f8ff711db085d6e489
                           .group:00000000 wm4.stdint.h.20.796e373797e732130a803d4c0338fa1b
                           .group:00000000 wm4.core_cmInstr.h.25.f50f886f2edf670cf199b35fd96f5c91
                           .group:00000000 wm4.core_cm4_simd.h.29.b4a3fdfb606cb3b26119424324d4b963
                           .group:00000000 wm4.core_cm4.h.153.5393ef7e6cebf34dd51ca528f9218ab3
                           .group:00000000 wm4.stm32f4xx.h.288.7f55b1a1f5e5bad6ffa2308f97f537d1
                           .group:00000000 wm4.stm32f4xx_conf.h.24.a762e2483b8e31b68046e44b31e1d406
                           .group:00000000 wm4.stm32f4xx_adc.h.102.2061aa73008746f3c2cc6ce8f635cad3
                           .group:00000000 wm4.stm32f4xx_can.h.25.87f18ca48b2692d39f76e87b1f07c953
                           .group:00000000 wm4.stm32f4xx_cryp.h.25.db1951c06ee684df97ea3a11aba6cb51
                           .group:00000000 wm4.stm32f4xx_dac.h.25.c43557a6416ea4dfa986c1209c2558d6
                           .group:00000000 wm4.stm32f4xx_dbgmcu.h.24.7aedfdcf091890b5cb96019bd29a2bfc
                           .group:00000000 wm4.stm32f4xx_dcmi.h.24.64883d9be802a535b1d7770d14da73e0
                           .group:00000000 wm4.stm32f4xx_dma.h.25.c1fa1d44ae0bc9c2b3a0d1d355d8c1e6
                           .group:00000000 wm4.stm32f4xx_exti.h.25.620998268d5d3d9042a8297fbe07d507
                           .group:00000000 wm4.stm32f4xx_flash.h.25.65d4f351b72ee41355279f70305f361a
                           .group:00000000 wm4.stm32f4xx_fsmc.h.25.b907ac7bd9bec46e02d06b137d53cfd8
                           .group:00000000 wm4.stm32f4xx_hash.h.25.633fb84f031cf2ab1bd834e536716dfa
                           .group:00000000 wm4.stm32f4xx_gpio.h.25.5bd1d790d742a307b55aea5fa8fcdae8
                           .group:00000000 wm4.stm32f4xx_i2c.h.25.8fcdb817a00a67d4624d79bab0d9275f
                           .group:00000000 wm4.stm32f4xx_iwdg.h.25.3013e8d2058415cb9d51af77f748a146
                           .group:00000000 wm4.stm32f4xx_pwr.h.25.41ffcb5dc896ed2d26edf4d9bbbfbe6f
                           .group:00000000 wm4.stm32f4xx_rcc.h.24.a10ec6e94989efb0f8f7f56448e9bb60
                           .group:00000000 wm4.stm32f4xx_rng.h.25.cdb5c5c07de6a48aedfde608da3f447e
                           .group:00000000 wm4.stm32f4xx_rtc.h.25.4809a79ad46ad97b4a01e735a96738eb
                           .group:00000000 wm4.stm32f4xx_sdio.h.25.406302aabae34eada94e5f2cde635a3e
                           .group:00000000 wm4.stm32f4xx_spi.h.25.980a9e96afe182c8b9cb91058a0693d6
                           .group:00000000 wm4.stm32f4xx_syscfg.h.25.9d5caab5677661b69e959531364e23d7
                           .group:00000000 wm4.stm32f4xx_tim.h.25.948f7fc943f34bd206e29758e77ee0a2
                           .group:00000000 wm4.stm32f4xx_usart.h.25.32a7aeff79714f90f8c4da45bf79808c
                           .group:00000000 wm4.stm32f4xx_wwdg.h.25.09d70b7849c6894ddf1e83c8e86b70e1
                           .group:00000000 wm4.misc.h.25.a0cb758c1f091b46f201b19cec9e63a1
                           .group:00000000 wm4.stm32f4xx.h.6972.f31ddedd83a17c461a3fab76f77123cb

NO UNDEFINED SYMBOLS
